graph: { title: "/Users/tommy/.local/share/alire/toolchains/gnat_arm_elf_15.1.2_6dad003a/arm-eabi/lib/gnat/embedded-olimex_stm32_h405/gnat/a-chacon.adb"
node: { title: "ada__characters__conversions__is_character" label: "Is_Character\n/Users/tommy/.local/share/alire/toolchains/gnat_arm_elf_15.1.2_6dad003a/arm-eabi/lib/gnat/embedded-olimex_stm32_h405/gnat/a-chacon.adb:38:4\n0 bytes (static)\n0 dynamic objects" }
node: { title: "ada__characters__conversions__is_character__2" label: "Is_Character\n/Users/tommy/.local/share/alire/toolchains/gnat_arm_elf_15.1.2_6dad003a/arm-eabi/lib/gnat/embedded-olimex_stm32_h405/gnat/a-chacon.adb:43:4\n0 bytes (static)\n0 dynamic objects" }
node: { title: "ada__characters__conversions__is_string" label: "Is_String\n/Users/tommy/.local/share/alire/toolchains/gnat_arm_elf_15.1.2_6dad003a/arm-eabi/lib/gnat/embedded-olimex_stm32_h405/gnat/a-chacon.adb:52:4\n0 bytes (static)\n0 dynamic objects" }
node: { title: "ada__characters__conversions__is_string__2" label: "Is_String\n/Users/tommy/.local/share/alire/toolchains/gnat_arm_elf_15.1.2_6dad003a/arm-eabi/lib/gnat/embedded-olimex_stm32_h405/gnat/a-chacon.adb:63:4\n0 bytes (static)\n0 dynamic objects" }
node: { title: "ada__characters__conversions__is_wide_character" label: "Is_Wide_Character\n/Users/tommy/.local/share/alire/toolchains/gnat_arm_elf_15.1.2_6dad003a/arm-eabi/lib/gnat/embedded-olimex_stm32_h405/gnat/a-chacon.adb:78:4\n0 bytes (static)\n0 dynamic objects" }
node: { title: "ada__characters__conversions__is_wide_string" label: "Is_Wide_String\n/Users/tommy/.local/share/alire/toolchains/gnat_arm_elf_15.1.2_6dad003a/arm-eabi/lib/gnat/embedded-olimex_stm32_h405/gnat/a-chacon.adb:87:4\n0 bytes (static)\n0 dynamic objects" }
node: { title: "ada__characters__conversions__to_character" label: "To_Character\n/Users/tommy/.local/share/alire/toolchains/gnat_arm_elf_15.1.2_6dad003a/arm-eabi/lib/gnat/embedded-olimex_stm32_h405/gnat/a-chacon.adb:102:4\n0 bytes (static)\n0 dynamic objects" }
node: { title: "ada__characters__conversions__to_character__2" label: "To_Character\n/Users/tommy/.local/share/alire/toolchains/gnat_arm_elf_15.1.2_6dad003a/arm-eabi/lib/gnat/embedded-olimex_stm32_h405/gnat/a-chacon.adb:114:4\n0 bytes (static)\n0 dynamic objects" }
node: { title: "ada__characters__conversions__to_string" label: "To_String\n/Users/tommy/.local/share/alire/toolchains/gnat_arm_elf_15.1.2_6dad003a/arm-eabi/lib/gnat/embedded-olimex_stm32_h405/gnat/a-chacon.adb:130:4\n32 bytes (static)\n0 dynamic objects" }
node: { title: "system__secondary_stack__ss_allocate" label: "Ss_Allocate\n/Users/tommy/.local/share/alire/toolchains/gnat_arm_elf_15.1.2_6dad003a/arm-eabi/lib/gnat/embedded-olimex_stm32_h405/gnat/s-secsta.ads:114:14" shape : ellipse }
edge: { sourcename: "ada__characters__conversions__to_string" targetname: "system__secondary_stack__ss_allocate" label: "/Users/tommy/.local/share/alire/toolchains/gnat_arm_elf_15.1.2_6dad003a/arm-eabi/lib/gnat/embedded-olimex_stm32_h405/gnat/a-chacon.adb:130:4" }
node: { title: "ada__characters__conversions__to_string__2" label: "To_String\n/Users/tommy/.local/share/alire/toolchains/gnat_arm_elf_15.1.2_6dad003a/arm-eabi/lib/gnat/embedded-olimex_stm32_h405/gnat/a-chacon.adb:144:4\n32 bytes (static)\n0 dynamic objects" }
edge: { sourcename: "ada__characters__conversions__to_string__2" targetname: "system__secondary_stack__ss_allocate" label: "/Users/tommy/.local/share/alire/toolchains/gnat_arm_elf_15.1.2_6dad003a/arm-eabi/lib/gnat/embedded-olimex_stm32_h405/gnat/a-chacon.adb:144:4" }
node: { title: "ada__characters__conversions__to_wide_character" label: "To_Wide_Character\n/Users/tommy/.local/share/alire/toolchains/gnat_arm_elf_15.1.2_6dad003a/arm-eabi/lib/gnat/embedded-olimex_stm32_h405/gnat/a-chacon.adb:162:4\n0 bytes (static)\n0 dynamic objects" }
node: { title: "ada__characters__conversions__to_wide_character__2" label: "To_Wide_Character\n/Users/tommy/.local/share/alire/toolchains/gnat_arm_elf_15.1.2_6dad003a/arm-eabi/lib/gnat/embedded-olimex_stm32_h405/gnat/a-chacon.adb:169:4\n0 bytes (static)\n0 dynamic objects" }
node: { title: "ada__characters__conversions__to_wide_string" label: "To_Wide_String\n/Users/tommy/.local/share/alire/toolchains/gnat_arm_elf_15.1.2_6dad003a/arm-eabi/lib/gnat/embedded-olimex_stm32_h405/gnat/a-chacon.adb:185:4\n32 bytes (static)\n0 dynamic objects" }
edge: { sourcename: "ada__characters__conversions__to_wide_string" targetname: "system__secondary_stack__ss_allocate" label: "/Users/tommy/.local/share/alire/toolchains/gnat_arm_elf_15.1.2_6dad003a/arm-eabi/lib/gnat/embedded-olimex_stm32_h405/gnat/a-chacon.adb:185:4" }
node: { title: "ada__characters__conversions__to_wide_string__2" label: "To_Wide_String\n/Users/tommy/.local/share/alire/toolchains/gnat_arm_elf_15.1.2_6dad003a/arm-eabi/lib/gnat/embedded-olimex_stm32_h405/gnat/a-chacon.adb:198:4\n32 bytes (static)\n0 dynamic objects" }
edge: { sourcename: "ada__characters__conversions__to_wide_string__2" targetname: "system__secondary_stack__ss_allocate" label: "/Users/tommy/.local/share/alire/toolchains/gnat_arm_elf_15.1.2_6dad003a/arm-eabi/lib/gnat/embedded-olimex_stm32_h405/gnat/a-chacon.adb:198:4" }
node: { title: "ada__characters__conversions__to_wide_wide_character" label: "To_Wide_Wide_Character\n/Users/tommy/.local/share/alire/toolchains/gnat_arm_elf_15.1.2_6dad003a/arm-eabi/lib/gnat/embedded-olimex_stm32_h405/gnat/a-chacon.adb:217:4\n0 bytes (static)\n0 dynamic objects" }
node: { title: "ada__characters__conversions__to_wide_wide_character__2" label: "To_Wide_Wide_Character\n/Users/tommy/.local/share/alire/toolchains/gnat_arm_elf_15.1.2_6dad003a/arm-eabi/lib/gnat/embedded-olimex_stm32_h405/gnat/a-chacon.adb:224:4\n0 bytes (static)\n0 dynamic objects" }
node: { title: "ada__characters__conversions__to_wide_wide_string" label: "To_Wide_Wide_String\n/Users/tommy/.local/share/alire/toolchains/gnat_arm_elf_15.1.2_6dad003a/arm-eabi/lib/gnat/embedded-olimex_stm32_h405/gnat/a-chacon.adb:235:4\n32 bytes (static)\n0 dynamic objects" }
edge: { sourcename: "ada__characters__conversions__to_wide_wide_string" targetname: "system__secondary_stack__ss_allocate" label: "/Users/tommy/.local/share/alire/toolchains/gnat_arm_elf_15.1.2_6dad003a/arm-eabi/lib/gnat/embedded-olimex_stm32_h405/gnat/a-chacon.adb:235:4" }
node: { title: "ada__characters__conversions__to_wide_wide_string__2" label: "To_Wide_Wide_String\n/Users/tommy/.local/share/alire/toolchains/gnat_arm_elf_15.1.2_6dad003a/arm-eabi/lib/gnat/embedded-olimex_stm32_h405/gnat/a-chacon.adb:248:4\n32 bytes (static)\n0 dynamic objects" }
edge: { sourcename: "ada__characters__conversions__to_wide_wide_string__2" targetname: "system__secondary_stack__ss_allocate" label: "/Users/tommy/.local/share/alire/toolchains/gnat_arm_elf_15.1.2_6dad003a/arm-eabi/lib/gnat/embedded-olimex_stm32_h405/gnat/a-chacon.adb:248:4" }
}
