graph: { title: "/Users/tommy/.local/share/alire/toolchains/gnat_arm_elf_15.1.2_6dad003a/arm-eabi/lib/gnat/embedded-olimex_stm32_h405/gnat/a-except.adb"
node: { title: "ada__exceptions__exception_occurrenceIP" label: "exception_occurrenceIP\n<built-in>\n0 bytes (static)\n0 dynamic objects" }
node: { title: "ada__exceptions__exception_data__append_info_addressXn" label: "Append_Info_Address\n/Users/tommy/.local/share/alire/toolchains/gnat_arm_elf_15.1.2_6dad003a/arm-eabi/lib/gnat/embedded-olimex_stm32_h405/gnat/a-exexda.adb:220:4\n56 bytes (static)\n0 dynamic objects" }
edge: { sourcename: "ada__exceptions__exception_data__append_info_addressXn" targetname: "ada__exceptions__exception_data__append_info_stringXn" label: "/Users/tommy/.local/share/alire/toolchains/gnat_arm_elf_15.1.2_6dad003a/arm-eabi/lib/gnat/embedded-olimex_stm32_h405/gnat/a-exexda.adb:244:7" }
node: { title: "ada__exceptions__exception_data__append_info_basic_exception_informationXn" label: "Append_Info_Basic_Exception_Information\n/Users/tommy/.local/share/alire/toolchains/gnat_arm_elf_15.1.2_6dad003a/arm-eabi/lib/gnat/embedded-olimex_stm32_h405/gnat/a-exexda.adb:258:4\n56 bytes (dynamic)\n1 dynamic objects\n Name /Users/tommy/.local/share/alire/toolchains/gnat_arm_elf_15.1.2_6dad003a/arm-eabi/lib/gnat/embedded-olimex_stm32_h405/gnat/a-exexda.adb:263:7" }
edge: { sourcename: "ada__exceptions__exception_data__append_info_basic_exception_informationXn" targetname: "ada__exceptions__exception_data__exception_name_length__2Xn" label: "/Users/tommy/.local/share/alire/toolchains/gnat_arm_elf_15.1.2_6dad003a/arm-eabi/lib/gnat/embedded-olimex_stm32_h405/gnat/a-exexda.adb:263:27" }
edge: { sourcename: "ada__exceptions__exception_data__append_info_basic_exception_informationXn" targetname: "ada__exceptions__exception_data__append_info_exception_name__2Xn" label: "/Users/tommy/.local/share/alire/toolchains/gnat_arm_elf_15.1.2_6dad003a/arm-eabi/lib/gnat/embedded-olimex_stm32_h405/gnat/a-exexda.adb:273:7" }
edge: { sourcename: "ada__exceptions__exception_data__append_info_basic_exception_informationXn" targetname: "ada__exceptions__exception_data__append_info_stringXn" label: "/Users/tommy/.local/share/alire/toolchains/gnat_arm_elf_15.1.2_6dad003a/arm-eabi/lib/gnat/embedded-olimex_stm32_h405/gnat/a-exexda.adb:276:10" }
edge: { sourcename: "ada__exceptions__exception_data__append_info_basic_exception_informationXn" targetname: "ada__exceptions__exception_data__append_info_stringXn" label: "/Users/tommy/.local/share/alire/toolchains/gnat_arm_elf_15.1.2_6dad003a/arm-eabi/lib/gnat/embedded-olimex_stm32_h405/gnat/a-exexda.adb:277:10" }
edge: { sourcename: "ada__exceptions__exception_data__append_info_basic_exception_informationXn" targetname: "__gnat_exception_msg_len" label: "/Users/tommy/.local/share/alire/toolchains/gnat_arm_elf_15.1.2_6dad003a/arm-eabi/lib/gnat/embedded-olimex_stm32_h405/gnat/a-exexda.adb:279:13" }
edge: { sourcename: "ada__exceptions__exception_data__append_info_basic_exception_informationXn" targetname: "ada__exceptions__exception_data__append_info_stringXn" label: "/Users/tommy/.local/share/alire/toolchains/gnat_arm_elf_15.1.2_6dad003a/arm-eabi/lib/gnat/embedded-olimex_stm32_h405/gnat/a-exexda.adb:280:13" }
edge: { sourcename: "ada__exceptions__exception_data__append_info_basic_exception_informationXn" targetname: "__gnat_append_info_e_msg" label: "/Users/tommy/.local/share/alire/toolchains/gnat_arm_elf_15.1.2_6dad003a/arm-eabi/lib/gnat/embedded-olimex_stm32_h405/gnat/a-exexda.adb:281:13" }
edge: { sourcename: "ada__exceptions__exception_data__append_info_basic_exception_informationXn" targetname: "ada__exceptions__exception_data__append_info_nlXn" label: "/Users/tommy/.local/share/alire/toolchains/gnat_arm_elf_15.1.2_6dad003a/arm-eabi/lib/gnat/embedded-olimex_stm32_h405/gnat/a-exexda.adb:284:10" }
edge: { sourcename: "ada__exceptions__exception_data__append_info_basic_exception_informationXn" targetname: "ada__exceptions__exception_data__append_info_stringXn" label: "/Users/tommy/.local/share/alire/toolchains/gnat_arm_elf_15.1.2_6dad003a/arm-eabi/lib/gnat/embedded-olimex_stm32_h405/gnat/a-exexda.adb:290:10" }
edge: { sourcename: "ada__exceptions__exception_data__append_info_basic_exception_informationXn" targetname: "ada__exceptions__exception_data__append_info_natXn" label: "/Users/tommy/.local/share/alire/toolchains/gnat_arm_elf_15.1.2_6dad003a/arm-eabi/lib/gnat/embedded-olimex_stm32_h405/gnat/a-exexda.adb:291:10" }
edge: { sourcename: "ada__exceptions__exception_data__append_info_basic_exception_informationXn" targetname: "ada__exceptions__exception_data__append_info_nlXn" label: "/Users/tommy/.local/share/alire/toolchains/gnat_arm_elf_15.1.2_6dad003a/arm-eabi/lib/gnat/embedded-olimex_stm32_h405/gnat/a-exexda.adb:292:10" }
node: { title: "ada__exceptions__exception_data__append_info_characterXn" label: "Append_Info_Character\n/Users/tommy/.local/share/alire/toolchains/gnat_arm_elf_15.1.2_6dad003a/arm-eabi/lib/gnat/embedded-olimex_stm32_h405/gnat/a-exexda.adb:300:4\n8 bytes (static)\n0 dynamic objects" }
edge: { sourcename: "ada__exceptions__exception_data__append_info_characterXn" targetname: "__gnat_to_stderr_char" label: "/Users/tommy/.local/share/alire/toolchains/gnat_arm_elf_15.1.2_6dad003a/arm-eabi/lib/gnat/embedded-olimex_stm32_h405/gnat/a-exexda.adb:307:10" }
node: { title: "__gnat_append_info_e_msg" label: "Append_Info_Exception_Message\n/Users/tommy/.local/share/alire/toolchains/gnat_arm_elf_15.1.2_6dad003a/arm-eabi/lib/gnat/embedded-olimex_stm32_h405/gnat/a-exexda.adb:318:4\n48 bytes (dynamic)\n1 dynamic objects\n Msg /Users/tommy/.local/share/alire/toolchains/gnat_arm_elf_15.1.2_6dad003a/arm-eabi/lib/gnat/embedded-olimex_stm32_h405/gnat/a-exexda.adb:330:10" }
node: { title: "__gnat_rcheck_CE_Explicit_Raise" label: "gnat_rcheck_CE_Explicit_Raise\n<built-in>" shape : ellipse }
edge: { sourcename: "__gnat_append_info_e_msg" targetname: "__gnat_rcheck_CE_Explicit_Raise" label: "/Users/tommy/.local/share/alire/toolchains/gnat_arm_elf_15.1.2_6dad003a/arm-eabi/lib/gnat/embedded-olimex_stm32_h405/gnat/a-exexda.adb:325:10" }
edge: { sourcename: "__gnat_append_info_e_msg" targetname: "__gnat_exception_msg_len" label: "/Users/tommy/.local/share/alire/toolchains/gnat_arm_elf_15.1.2_6dad003a/arm-eabi/lib/gnat/embedded-olimex_stm32_h405/gnat/a-exexda.adb:329:46" }
node: { title: "memcpy" label: "builtin_memcpy\n<built-in>" shape : ellipse }
edge: { sourcename: "__gnat_append_info_e_msg" targetname: "memcpy" }
edge: { sourcename: "__gnat_append_info_e_msg" targetname: "ada__exceptions__exception_data__append_info_stringXn" label: "/Users/tommy/.local/share/alire/toolchains/gnat_arm_elf_15.1.2_6dad003a/arm-eabi/lib/gnat/embedded-olimex_stm32_h405/gnat/a-exexda.adb:332:10" }
node: { title: "ada__exceptions__exception_data__append_info_exception_nameXn" label: "Append_Info_Exception_Name\n/Users/tommy/.local/share/alire/toolchains/gnat_arm_elf_15.1.2_6dad003a/arm-eabi/lib/gnat/embedded-olimex_stm32_h405/gnat/a-exexda.adb:340:4\n48 bytes (dynamic)\n1 dynamic objects\n Name /Users/tommy/.local/share/alire/toolchains/gnat_arm_elf_15.1.2_6dad003a/arm-eabi/lib/gnat/embedded-olimex_stm32_h405/gnat/a-exexda.adb:352:10" }
edge: { sourcename: "ada__exceptions__exception_data__append_info_exception_nameXn" targetname: "__gnat_rcheck_CE_Explicit_Raise" label: "/Users/tommy/.local/share/alire/toolchains/gnat_arm_elf_15.1.2_6dad003a/arm-eabi/lib/gnat/embedded-olimex_stm32_h405/gnat/a-exexda.adb:347:10" }
edge: { sourcename: "ada__exceptions__exception_data__append_info_exception_nameXn" targetname: "ada__exceptions__exception_data__exception_name_lengthXn" label: "/Users/tommy/.local/share/alire/toolchains/gnat_arm_elf_15.1.2_6dad003a/arm-eabi/lib/gnat/embedded-olimex_stm32_h405/gnat/a-exexda.adb:351:47" }
edge: { sourcename: "ada__exceptions__exception_data__append_info_exception_nameXn" targetname: "memcpy" }
edge: { sourcename: "ada__exceptions__exception_data__append_info_exception_nameXn" targetname: "ada__exceptions__exception_data__append_info_stringXn" label: "/Users/tommy/.local/share/alire/toolchains/gnat_arm_elf_15.1.2_6dad003a/arm-eabi/lib/gnat/embedded-olimex_stm32_h405/gnat/a-exexda.adb:354:10" }
node: { title: "ada__exceptions__exception_data__append_info_exception_name__2Xn" label: "Append_Info_Exception_Name\n/Users/tommy/.local/share/alire/toolchains/gnat_arm_elf_15.1.2_6dad003a/arm-eabi/lib/gnat/embedded-olimex_stm32_h405/gnat/a-exexda.adb:358:4\n8 bytes (static)\n0 dynamic objects" }
edge: { sourcename: "ada__exceptions__exception_data__append_info_exception_name__2Xn" targetname: "ada__exceptions__exception_data__append_info_exception_nameXn" label: "/Users/tommy/.local/share/alire/toolchains/gnat_arm_elf_15.1.2_6dad003a/arm-eabi/lib/gnat/embedded-olimex_stm32_h405/gnat/a-exexda.adb:364:7" }
node: { title: "ada__exceptions__exception_data__exception_info_maxlengthXn" label: "Exception_Info_Maxlength\n/Users/tommy/.local/share/alire/toolchains/gnat_arm_elf_15.1.2_6dad003a/arm-eabi/lib/gnat/embedded-olimex_stm32_h405/gnat/a-exexda.adb:371:4\n16 bytes (static)\n0 dynamic objects" }
edge: { sourcename: "ada__exceptions__exception_data__exception_info_maxlengthXn" targetname: "ada__exceptions__exception_data__basic_exception_info_maxlengthXn" label: "/Users/tommy/.local/share/alire/toolchains/gnat_arm_elf_15.1.2_6dad003a/arm-eabi/lib/gnat/embedded-olimex_stm32_h405/gnat/a-exexda.adb:376:9" }
edge: { sourcename: "ada__exceptions__exception_data__exception_info_maxlengthXn" targetname: "ada__exceptions__exception_data__untailored_exception_traceback_maxlengthXn" label: "/Users/tommy/.local/share/alire/toolchains/gnat_arm_elf_15.1.2_6dad003a/arm-eabi/lib/gnat/embedded-olimex_stm32_h405/gnat/a-exexda.adb:377:11" }
node: { title: "ada__exceptions__exception_data__append_info_natXn" label: "Append_Info_Nat\n/Users/tommy/.local/share/alire/toolchains/gnat_arm_elf_15.1.2_6dad003a/arm-eabi/lib/gnat/embedded-olimex_stm32_h405/gnat/a-exexda.adb:384:4\n16 bytes (static)\n0 dynamic objects" }
edge: { sourcename: "ada__exceptions__exception_data__append_info_natXn" targetname: "ada__exceptions__exception_data__append_info_natXn" label: "/Users/tommy/.local/share/alire/toolchains/gnat_arm_elf_15.1.2_6dad003a/arm-eabi/lib/gnat/embedded-olimex_stm32_h405/gnat/a-exexda.adb:391:10" }
edge: { sourcename: "ada__exceptions__exception_data__append_info_natXn" targetname: "ada__exceptions__exception_data__append_info_characterXn" label: "/Users/tommy/.local/share/alire/toolchains/gnat_arm_elf_15.1.2_6dad003a/arm-eabi/lib/gnat/embedded-olimex_stm32_h405/gnat/a-exexda.adb:394:7" }
node: { title: "ada__exceptions__exception_data__append_info_nlXn" label: "Append_Info_Nl\n/Users/tommy/.local/share/alire/toolchains/gnat_arm_elf_15.1.2_6dad003a/arm-eabi/lib/gnat/embedded-olimex_stm32_h405/gnat/a-exexda.adb:402:4\n8 bytes (static)\n0 dynamic objects" }
edge: { sourcename: "ada__exceptions__exception_data__append_info_nlXn" targetname: "ada__exceptions__exception_data__append_info_characterXn" label: "/Users/tommy/.local/share/alire/toolchains/gnat_arm_elf_15.1.2_6dad003a/arm-eabi/lib/gnat/embedded-olimex_stm32_h405/gnat/a-exexda.adb:407:7" }
node: { title: "ada__exceptions__exception_data__append_info_stringXn" label: "Append_Info_String\n/Users/tommy/.local/share/alire/toolchains/gnat_arm_elf_15.1.2_6dad003a/arm-eabi/lib/gnat/embedded-olimex_stm32_h405/gnat/a-exexda.adb:414:4\n8 bytes (static)\n0 dynamic objects" }
edge: { sourcename: "ada__exceptions__exception_data__append_info_stringXn" targetname: "__gnat_to_stderr" label: "/Users/tommy/.local/share/alire/toolchains/gnat_arm_elf_15.1.2_6dad003a/arm-eabi/lib/gnat/embedded-olimex_stm32_h405/gnat/a-exexda.adb:421:10" }
node: { title: "memmove" label: "builtin_memmove\n<built-in>" shape : ellipse }
edge: { sourcename: "ada__exceptions__exception_data__append_info_stringXn" targetname: "memmove" label: "/Users/tommy/.local/share/alire/toolchains/gnat_arm_elf_15.1.2_6dad003a/arm-eabi/lib/gnat/embedded-olimex_stm32_h405/gnat/a-exexda.adb:427:36" }
node: { title: "__gnat_append_info_u_e_info" label: "Append_Info_Untailored_Exception_Information\n/Users/tommy/.local/share/alire/toolchains/gnat_arm_elf_15.1.2_6dad003a/arm-eabi/lib/gnat/embedded-olimex_stm32_h405/gnat/a-exexda.adb:437:4\n16 bytes (static)\n0 dynamic objects" }
edge: { sourcename: "__gnat_append_info_u_e_info" targetname: "ada__exceptions__exception_data__append_info_basic_exception_informationXn" label: "/Users/tommy/.local/share/alire/toolchains/gnat_arm_elf_15.1.2_6dad003a/arm-eabi/lib/gnat/embedded-olimex_stm32_h405/gnat/a-exexda.adb:443:7" }
edge: { sourcename: "__gnat_append_info_u_e_info" targetname: "ada__exceptions__exception_data__append_info_untailored_exception_tracebackXn" label: "/Users/tommy/.local/share/alire/toolchains/gnat_arm_elf_15.1.2_6dad003a/arm-eabi/lib/gnat/embedded-olimex_stm32_h405/gnat/a-exexda.adb:444:7" }
node: { title: "ada__exceptions__exception_data__append_info_untailored_exception_tracebackXn" label: "Append_Info_Untailored_Exception_Traceback\n/Users/tommy/.local/share/alire/toolchains/gnat_arm_elf_15.1.2_6dad003a/arm-eabi/lib/gnat/embedded-olimex_stm32_h405/gnat/a-exexda.adb:456:4\n40 bytes (static)\n0 dynamic objects" }
node: { title: "__gnat_get_executable_load_address" label: "Get_Executable_Load_Address\n/Users/tommy/.local/share/alire/toolchains/gnat_arm_elf_15.1.2_6dad003a/arm-eabi/lib/gnat/embedded-olimex_stm32_h405/gnat/a-exexda.adb:211:13" shape : ellipse }
edge: { sourcename: "ada__exceptions__exception_data__append_info_untailored_exception_tracebackXn" targetname: "__gnat_get_executable_load_address" label: "/Users/tommy/.local/share/alire/toolchains/gnat_arm_elf_15.1.2_6dad003a/arm-eabi/lib/gnat/embedded-olimex_stm32_h405/gnat/a-exexda.adb:470:23" }
edge: { sourcename: "ada__exceptions__exception_data__append_info_untailored_exception_tracebackXn" targetname: "ada__exceptions__exception_data__append_info_stringXn" label: "/Users/tommy/.local/share/alire/toolchains/gnat_arm_elf_15.1.2_6dad003a/arm-eabi/lib/gnat/embedded-olimex_stm32_h405/gnat/a-exexda.adb:473:10" }
edge: { sourcename: "ada__exceptions__exception_data__append_info_untailored_exception_tracebackXn" targetname: "ada__exceptions__exception_data__append_info_addressXn" label: "/Users/tommy/.local/share/alire/toolchains/gnat_arm_elf_15.1.2_6dad003a/arm-eabi/lib/gnat/embedded-olimex_stm32_h405/gnat/a-exexda.adb:474:10" }
edge: { sourcename: "ada__exceptions__exception_data__append_info_untailored_exception_tracebackXn" targetname: "ada__exceptions__exception_data__append_info_nlXn" label: "/Users/tommy/.local/share/alire/toolchains/gnat_arm_elf_15.1.2_6dad003a/arm-eabi/lib/gnat/embedded-olimex_stm32_h405/gnat/a-exexda.adb:475:10" }
edge: { sourcename: "ada__exceptions__exception_data__append_info_untailored_exception_tracebackXn" targetname: "ada__exceptions__exception_data__append_info_stringXn" label: "/Users/tommy/.local/share/alire/toolchains/gnat_arm_elf_15.1.2_6dad003a/arm-eabi/lib/gnat/embedded-olimex_stm32_h405/gnat/a-exexda.adb:480:7" }
edge: { sourcename: "ada__exceptions__exception_data__append_info_untailored_exception_tracebackXn" targetname: "ada__exceptions__exception_data__append_info_nlXn" label: "/Users/tommy/.local/share/alire/toolchains/gnat_arm_elf_15.1.2_6dad003a/arm-eabi/lib/gnat/embedded-olimex_stm32_h405/gnat/a-exexda.adb:481:7" }
node: { title: "system__traceback_entries__pc_for" label: "Pc_For\n/Users/tommy/.local/share/alire/toolchains/gnat_arm_elf_15.1.2_6dad003a/arm-eabi/lib/gnat/embedded-olimex_stm32_h405/gnat/s-traent.adb:38:4" shape : ellipse }
edge: { sourcename: "ada__exceptions__exception_data__append_info_untailored_exception_tracebackXn" targetname: "system__traceback_entries__pc_for" label: "/Users/tommy/.local/share/alire/toolchains/gnat_arm_elf_15.1.2_6dad003a/arm-eabi/lib/gnat/embedded-olimex_stm32_h405/gnat/a-exexda.adb:484:10" }
edge: { sourcename: "ada__exceptions__exception_data__append_info_untailored_exception_tracebackXn" targetname: "ada__exceptions__exception_data__append_info_addressXn" label: "/Users/tommy/.local/share/alire/toolchains/gnat_arm_elf_15.1.2_6dad003a/arm-eabi/lib/gnat/embedded-olimex_stm32_h405/gnat/a-exexda.adb:484:10" }
edge: { sourcename: "ada__exceptions__exception_data__append_info_untailored_exception_tracebackXn" targetname: "ada__exceptions__exception_data__append_info_characterXn" label: "/Users/tommy/.local/share/alire/toolchains/gnat_arm_elf_15.1.2_6dad003a/arm-eabi/lib/gnat/embedded-olimex_stm32_h405/gnat/a-exexda.adb:486:10" }
edge: { sourcename: "ada__exceptions__exception_data__append_info_untailored_exception_tracebackXn" targetname: "ada__exceptions__exception_data__append_info_nlXn" label: "/Users/tommy/.local/share/alire/toolchains/gnat_arm_elf_15.1.2_6dad003a/arm-eabi/lib/gnat/embedded-olimex_stm32_h405/gnat/a-exexda.adb:489:7" }
node: { title: "ada__exceptions__exception_data__basic_exception_info_maxlengthXn" label: "Basic_Exception_Info_Maxlength\n/Users/tommy/.local/share/alire/toolchains/gnat_arm_elf_15.1.2_6dad003a/arm-eabi/lib/gnat/embedded-olimex_stm32_h405/gnat/a-exexda.adb:496:4\n16 bytes (static)\n0 dynamic objects" }
edge: { sourcename: "ada__exceptions__exception_data__basic_exception_info_maxlengthXn" targetname: "ada__exceptions__exception_data__exception_name_length__2Xn" label: "/Users/tommy/.local/share/alire/toolchains/gnat_arm_elf_15.1.2_6dad003a/arm-eabi/lib/gnat/embedded-olimex_stm32_h405/gnat/a-exexda.adb:501:34" }
edge: { sourcename: "ada__exceptions__exception_data__basic_exception_info_maxlengthXn" targetname: "__gnat_exception_msg_len" label: "/Users/tommy/.local/share/alire/toolchains/gnat_arm_elf_15.1.2_6dad003a/arm-eabi/lib/gnat/embedded-olimex_stm32_h405/gnat/a-exexda.adb:502:35" }
node: { title: "ada__exceptions__exception_data__exception_informationXn" label: "Exception_Information\n/Users/tommy/.local/share/alire/toolchains/gnat_arm_elf_15.1.2_6dad003a/arm-eabi/lib/gnat/embedded-olimex_stm32_h405/gnat/a-exexda.adb:510:4\n72 bytes (dynamic)\n1 dynamic objects\n Info /Users/tommy/.local/share/alire/toolchains/gnat_arm_elf_15.1.2_6dad003a/arm-eabi/lib/gnat/embedded-olimex_stm32_h405/gnat/a-exexda.adb:517:7" }
edge: { sourcename: "ada__exceptions__exception_data__exception_informationXn" targetname: "ada__exceptions__exception_data__tailored_exception_tracebackXn" label: "/Users/tommy/.local/share/alire/toolchains/gnat_arm_elf_15.1.2_6dad003a/arm-eabi/lib/gnat/embedded-olimex_stm32_h405/gnat/a-exexda.adb:514:40" }
edge: { sourcename: "ada__exceptions__exception_data__exception_informationXn" targetname: "ada__exceptions__exception_data__basic_exception_info_maxlengthXn" label: "/Users/tommy/.local/share/alire/toolchains/gnat_arm_elf_15.1.2_6dad003a/arm-eabi/lib/gnat/embedded-olimex_stm32_h405/gnat/a-exexda.adb:517:27" }
edge: { sourcename: "ada__exceptions__exception_data__exception_informationXn" targetname: "ada__exceptions__exception_data__append_info_basic_exception_informationXn" label: "/Users/tommy/.local/share/alire/toolchains/gnat_arm_elf_15.1.2_6dad003a/arm-eabi/lib/gnat/embedded-olimex_stm32_h405/gnat/a-exexda.adb:521:7" }
edge: { sourcename: "ada__exceptions__exception_data__exception_informationXn" targetname: "ada__exceptions__exception_data__append_info_stringXn" label: "/Users/tommy/.local/share/alire/toolchains/gnat_arm_elf_15.1.2_6dad003a/arm-eabi/lib/gnat/embedded-olimex_stm32_h405/gnat/a-exexda.adb:522:7" }
node: { title: "system__secondary_stack__ss_allocate" label: "Ss_Allocate\n/Users/tommy/.local/share/alire/toolchains/gnat_arm_elf_15.1.2_6dad003a/arm-eabi/lib/gnat/embedded-olimex_stm32_h405/gnat/s-secsta.ads:114:14" shape : ellipse }
edge: { sourcename: "ada__exceptions__exception_data__exception_informationXn" targetname: "system__secondary_stack__ss_allocate" label: "/Users/tommy/.local/share/alire/toolchains/gnat_arm_elf_15.1.2_6dad003a/arm-eabi/lib/gnat/embedded-olimex_stm32_h405/gnat/a-exexda.adb:523:7" }
edge: { sourcename: "ada__exceptions__exception_data__exception_informationXn" targetname: "memcpy" }
node: { title: "__gnat_exception_msg_len" label: "Exception_Message_Length\n/Users/tommy/.local/share/alire/toolchains/gnat_arm_elf_15.1.2_6dad003a/arm-eabi/lib/gnat/embedded-olimex_stm32_h405/gnat/a-exexda.adb:530:4\n0 bytes (static)\n0 dynamic objects" }
node: { title: "ada__exceptions__exception_data__exception_name_lengthXn" label: "Exception_Name_Length\n/Users/tommy/.local/share/alire/toolchains/gnat_arm_elf_15.1.2_6dad003a/arm-eabi/lib/gnat/embedded-olimex_stm32_h405/gnat/a-exexda.adb:541:4\n0 bytes (static)\n0 dynamic objects" }
node: { title: "ada__exceptions__exception_data__exception_name_length__2Xn" label: "Exception_Name_Length\n/Users/tommy/.local/share/alire/toolchains/gnat_arm_elf_15.1.2_6dad003a/arm-eabi/lib/gnat/embedded-olimex_stm32_h405/gnat/a-exexda.adb:549:4\n8 bytes (static)\n0 dynamic objects" }
edge: { sourcename: "ada__exceptions__exception_data__exception_name_length__2Xn" targetname: "ada__exceptions__exception_data__exception_name_lengthXn" label: "/Users/tommy/.local/share/alire/toolchains/gnat_arm_elf_15.1.2_6dad003a/arm-eabi/lib/gnat/embedded-olimex_stm32_h405/gnat/a-exexda.adb:551:14" }
node: { title: "ada__exceptions__exception_data__untailored_exception_tracebackXn" label: "Untailored_Exception_Traceback\n/Users/tommy/.local/share/alire/toolchains/gnat_arm_elf_15.1.2_6dad003a/arm-eabi/lib/gnat/embedded-olimex_stm32_h405/gnat/a-exexda.adb:558:4\n40 bytes (dynamic)\n1 dynamic objects\n Info /Users/tommy/.local/share/alire/toolchains/gnat_arm_elf_15.1.2_6dad003a/arm-eabi/lib/gnat/embedded-olimex_stm32_h405/gnat/a-exexda.adb:561:7" }
edge: { sourcename: "ada__exceptions__exception_data__untailored_exception_tracebackXn" targetname: "ada__exceptions__exception_data__untailored_exception_traceback_maxlengthXn" label: "/Users/tommy/.local/share/alire/toolchains/gnat_arm_elf_15.1.2_6dad003a/arm-eabi/lib/gnat/embedded-olimex_stm32_h405/gnat/a-exexda.adb:562:30" }
edge: { sourcename: "ada__exceptions__exception_data__untailored_exception_tracebackXn" targetname: "ada__exceptions__exception_data__append_info_untailored_exception_tracebackXn" label: "/Users/tommy/.local/share/alire/toolchains/gnat_arm_elf_15.1.2_6dad003a/arm-eabi/lib/gnat/embedded-olimex_stm32_h405/gnat/a-exexda.adb:565:7" }
edge: { sourcename: "ada__exceptions__exception_data__untailored_exception_tracebackXn" targetname: "system__secondary_stack__ss_allocate" label: "/Users/tommy/.local/share/alire/toolchains/gnat_arm_elf_15.1.2_6dad003a/arm-eabi/lib/gnat/embedded-olimex_stm32_h405/gnat/a-exexda.adb:566:7" }
edge: { sourcename: "ada__exceptions__exception_data__untailored_exception_tracebackXn" targetname: "memcpy" }
node: { title: "ada__exceptions__exception_data__untailored_exception_informationXn" label: "Untailored_Exception_Information\n/Users/tommy/.local/share/alire/toolchains/gnat_arm_elf_15.1.2_6dad003a/arm-eabi/lib/gnat/embedded-olimex_stm32_h405/gnat/a-exexda.adb:573:4\n40 bytes (dynamic)\n1 dynamic objects\n Info /Users/tommy/.local/share/alire/toolchains/gnat_arm_elf_15.1.2_6dad003a/arm-eabi/lib/gnat/embedded-olimex_stm32_h405/gnat/a-exexda.adb:576:7" }
edge: { sourcename: "ada__exceptions__exception_data__untailored_exception_informationXn" targetname: "ada__exceptions__exception_data__exception_info_maxlengthXn" label: "/Users/tommy/.local/share/alire/toolchains/gnat_arm_elf_15.1.2_6dad003a/arm-eabi/lib/gnat/embedded-olimex_stm32_h405/gnat/a-exexda.adb:576:27" }
edge: { sourcename: "ada__exceptions__exception_data__untailored_exception_informationXn" targetname: "__gnat_append_info_u_e_info" label: "/Users/tommy/.local/share/alire/toolchains/gnat_arm_elf_15.1.2_6dad003a/arm-eabi/lib/gnat/embedded-olimex_stm32_h405/gnat/a-exexda.adb:579:7" }
edge: { sourcename: "ada__exceptions__exception_data__untailored_exception_informationXn" targetname: "system__secondary_stack__ss_allocate" label: "/Users/tommy/.local/share/alire/toolchains/gnat_arm_elf_15.1.2_6dad003a/arm-eabi/lib/gnat/embedded-olimex_stm32_h405/gnat/a-exexda.adb:580:7" }
edge: { sourcename: "ada__exceptions__exception_data__untailored_exception_informationXn" targetname: "memcpy" }
node: { title: "/Users/tommy/.local/share/alire/toolchains/gnat_arm_elf_15.1.2_6dad003a/arm-eabi/lib/gnat/embedded-olimex_stm32_h405/gnat/a-except.adb:ada__exceptions__exception_data__set_exception_c_msg__append_number.0" label: "Append_Number\n/Users/tommy/.local/share/alire/toolchains/gnat_arm_elf_15.1.2_6dad003a/arm-eabi/lib/gnat/embedded-olimex_stm32_h405/gnat/a-exexda.adb:605:7\n12 bytes (static)\n0 dynamic objects" }
node: { title: "ada__exceptions__exception_data__set_exception_c_msgXn" label: "Set_Exception_C_Msg\n/Users/tommy/.local/share/alire/toolchains/gnat_arm_elf_15.1.2_6dad003a/arm-eabi/lib/gnat/embedded-olimex_stm32_h405/gnat/a-exexda.adb:587:4\n32 bytes (static)\n0 dynamic objects" }
edge: { sourcename: "ada__exceptions__exception_data__set_exception_c_msgXn" targetname: "/Users/tommy/.local/share/alire/toolchains/gnat_arm_elf_15.1.2_6dad003a/arm-eabi/lib/gnat/embedded-olimex_stm32_h405/gnat/a-except.adb:ada__exceptions__exception_data__set_exception_c_msg__append_number.0" label: "/Users/tommy/.local/share/alire/toolchains/gnat_arm_elf_15.1.2_6dad003a/arm-eabi/lib/gnat/embedded-olimex_stm32_h405/gnat/a-exexda.adb:657:7" }
edge: { sourcename: "ada__exceptions__exception_data__set_exception_c_msgXn" targetname: "/Users/tommy/.local/share/alire/toolchains/gnat_arm_elf_15.1.2_6dad003a/arm-eabi/lib/gnat/embedded-olimex_stm32_h405/gnat/a-except.adb:ada__exceptions__exception_data__set_exception_c_msg__append_number.0" label: "/Users/tommy/.local/share/alire/toolchains/gnat_arm_elf_15.1.2_6dad003a/arm-eabi/lib/gnat/embedded-olimex_stm32_h405/gnat/a-exexda.adb:658:7" }
node: { title: "ada__exceptions__exception_data__set_exception_msgXn" label: "Set_Exception_Msg\n/Users/tommy/.local/share/alire/toolchains/gnat_arm_elf_15.1.2_6dad003a/arm-eabi/lib/gnat/embedded-olimex_stm32_h405/gnat/a-exexda.adb:683:4\n16 bytes (static)\n0 dynamic objects" }
edge: { sourcename: "ada__exceptions__exception_data__set_exception_msgXn" targetname: "memmove" label: "/Users/tommy/.local/share/alire/toolchains/gnat_arm_elf_15.1.2_6dad003a/arm-eabi/lib/gnat/embedded-olimex_stm32_h405/gnat/a-exexda.adb:694:30" }
node: { title: "ada__exceptions__exception_data__tailored_exception_tracebackXn" label: "Tailored_Exception_Traceback\n/Users/tommy/.local/share/alire/toolchains/gnat_arm_elf_15.1.2_6dad003a/arm-eabi/lib/gnat/embedded-olimex_stm32_h405/gnat/a-exexda.adb:704:4\n16 bytes (static)\n0 dynamic objects" }
edge: { sourcename: "ada__exceptions__exception_data__tailored_exception_tracebackXn" targetname: "ada__exceptions__exception_data__untailored_exception_tracebackXn" label: "/Users/tommy/.local/share/alire/toolchains/gnat_arm_elf_15.1.2_6dad003a/arm-eabi/lib/gnat/embedded-olimex_stm32_h405/gnat/a-exexda.adb:723:17" }
node: { title: "__indirect_call" label: "Indirect Call Placeholder" shape : ellipse }
edge: { sourcename: "ada__exceptions__exception_data__tailored_exception_tracebackXn" targetname: "__indirect_call" label: "/Users/tommy/.local/share/alire/toolchains/gnat_arm_elf_15.1.2_6dad003a/arm-eabi/lib/gnat/embedded-olimex_stm32_h405/gnat/a-exexda.adb:725:25" }
node: { title: "ada__exceptions__exception_data__untailored_exception_traceback_maxlengthXn" label: "Untailored_Exception_Traceback_Maxlength\n/Users/tommy/.local/share/alire/toolchains/gnat_arm_elf_15.1.2_6dad003a/arm-eabi/lib/gnat/embedded-olimex_stm32_h405/gnat/a-exexda.adb:733:4\n0 bytes (static)\n0 dynamic objects" }
node: { title: "ada__exceptions__exception_propagation__allocate_occurrenceXn" label: "Allocate_Occurrence\n/Users/tommy/.local/share/alire/toolchains/gnat_arm_elf_15.1.2_6dad003a/arm-eabi/lib/gnat/embedded-olimex_stm32_h405/gnat/a-exexpr.adb:325:4\n8 bytes (static)\n0 dynamic objects" }
node: { title: "system__exceptions__machine__new_occurrence" label: "New_Occurrence\n/Users/tommy/.local/share/alire/toolchains/gnat_arm_elf_15.1.2_6dad003a/arm-eabi/lib/gnat/embedded-olimex_stm32_h405/gnat/s-excmac.ads:176:13" shape : ellipse }
edge: { sourcename: "ada__exceptions__exception_propagation__allocate_occurrenceXn" targetname: "system__exceptions__machine__new_occurrence" label: "/Users/tommy/.local/share/alire/toolchains/gnat_arm_elf_15.1.2_6dad003a/arm-eabi/lib/gnat/embedded-olimex_stm32_h405/gnat/a-exexpr.adb:329:14" }
node: { title: "ada__exceptions__exception_propagation__gnat_gcc_exception_cleanupXn" label: "Gnat_Gcc_Exception_Cleanup\n/Users/tommy/.local/share/alire/toolchains/gnat_arm_elf_15.1.2_6dad003a/arm-eabi/lib/gnat/embedded-olimex_stm32_h405/gnat/a-exexpr.adb:340:4\n8 bytes (static)\n0 dynamic objects" }
node: { title: "__gnat_free" label: "gnat_free\n<built-in>" shape : ellipse }
edge: { sourcename: "ada__exceptions__exception_propagation__gnat_gcc_exception_cleanupXn" targetname: "__gnat_free" label: "/Users/tommy/.local/share/alire/toolchains/gnat_arm_elf_15.1.2_6dad003a/arm-eabi/lib/gnat/embedded-olimex_stm32_h405/gnat/a-exexpr.adb:354:7" }
node: { title: "ada__exceptions__exception_propagation__set_foreign_occurrenceXn" label: "Set_Foreign_Occurrence\n/Users/tommy/.local/share/alire/toolchains/gnat_arm_elf_15.1.2_6dad003a/arm-eabi/lib/gnat/embedded-olimex_stm32_h405/gnat/a-exexpr.adb:361:4\n0 bytes (static)\n0 dynamic objects" }
node: { title: "__gnat_setup_current_excep" label: "Setup_Current_Excep\n/Users/tommy/.local/share/alire/toolchains/gnat_arm_elf_15.1.2_6dad003a/arm-eabi/lib/gnat/embedded-olimex_stm32_h405/gnat/a-exexpr.adb:381:4\n24 bytes (static)\n0 dynamic objects" }
node: { title: "system__soft_links__get_current_excep_soft" label: "Get_Current_Excep_Soft\n/Users/tommy/.local/share/alire/toolchains/gnat_arm_elf_15.1.2_6dad003a/arm-eabi/lib/gnat/embedded-olimex_stm32_h405/gnat/s-soflin.ads:138:13" shape : ellipse }
edge: { sourcename: "__gnat_setup_current_excep" targetname: "system__soft_links__get_current_excep_soft" label: "/Users/tommy/.local/share/alire/toolchains/gnat_arm_elf_15.1.2_6dad003a/arm-eabi/lib/gnat/embedded-olimex_stm32_h405/gnat/a-exexpr.adb:386:49" }
node: { title: "memcmp" label: "builtin_memcmp\n<built-in>" shape : ellipse }
edge: { sourcename: "__gnat_setup_current_excep" targetname: "memcmp" label: "/Users/tommy/.local/share/alire/toolchains/gnat_arm_elf_15.1.2_6dad003a/arm-eabi/lib/gnat/embedded-olimex_stm32_h405/gnat/a-exexpr.adb:390:30" }
edge: { sourcename: "__gnat_setup_current_excep" targetname: "memcpy" }
edge: { sourcename: "__gnat_setup_current_excep" targetname: "ada__exceptions__exception_propagation__set_foreign_occurrenceXn" label: "/Users/tommy/.local/share/alire/toolchains/gnat_arm_elf_15.1.2_6dad003a/arm-eabi/lib/gnat/embedded-olimex_stm32_h405/gnat/a-exexpr.adb:420:13" }
edge: { sourcename: "__gnat_setup_current_excep" targetname: "ada__exceptions__exception_propagation__set_foreign_occurrenceXn" label: "/Users/tommy/.local/share/alire/toolchains/gnat_arm_elf_15.1.2_6dad003a/arm-eabi/lib/gnat/embedded-olimex_stm32_h405/gnat/a-exexpr.adb:422:13" }
node: { title: "__gnat_begin_handler_v1" label: "Begin_Handler_V1\n/Users/tommy/.local/share/alire/toolchains/gnat_arm_elf_15.1.2_6dad003a/arm-eabi/lib/gnat/embedded-olimex_stm32_h405/gnat/a-exexpr.adb:433:4\n0 bytes (static)\n0 dynamic objects" }
node: { title: "__gnat_end_handler_v1" label: "End_Handler_V1\n/Users/tommy/.local/share/alire/toolchains/gnat_arm_elf_15.1.2_6dad003a/arm-eabi/lib/gnat/embedded-olimex_stm32_h405/gnat/a-exexpr.adb:448:4\n8 bytes (static)\n0 dynamic objects" }
edge: { sourcename: "__gnat_end_handler_v1" targetname: "system__soft_links__get_current_excep_soft" label: "/Users/tommy/.local/share/alire/toolchains/gnat_arm_elf_15.1.2_6dad003a/arm-eabi/lib/gnat/embedded-olimex_stm32_h405/gnat/a-exexpr.adb:508:57" }
node: { title: "_Unwind_DeleteException" label: "Unwind_Deleteexception\n/Users/tommy/.local/share/alire/toolchains/gnat_arm_elf_15.1.2_6dad003a/arm-eabi/lib/gnat/embedded-olimex_stm32_h405/gnat/s-excmac.ads:145:14" shape : ellipse }
edge: { sourcename: "__gnat_end_handler_v1" targetname: "_Unwind_DeleteException" label: "/Users/tommy/.local/share/alire/toolchains/gnat_arm_elf_15.1.2_6dad003a/arm-eabi/lib/gnat/embedded-olimex_stm32_h405/gnat/a-exexpr.adb:519:10" }
node: { title: "__gnat_claimed_cleanup" label: "Claimed_Cleanup\n/Users/tommy/.local/share/alire/toolchains/gnat_arm_elf_15.1.2_6dad003a/arm-eabi/lib/gnat/embedded-olimex_stm32_h405/gnat/a-exexpr.adb:527:4\n0 bytes (static)\n0 dynamic objects" }
node: { title: "__gnat_begin_handler" label: "Begin_Handler\n/Users/tommy/.local/share/alire/toolchains/gnat_arm_elf_15.1.2_6dad003a/arm-eabi/lib/gnat/embedded-olimex_stm32_h405/gnat/a-exexpr.adb:555:4\n0 bytes (static)\n0 dynamic objects" }
node: { title: "__gnat_end_handler" label: "End_Handler\n/Users/tommy/.local/share/alire/toolchains/gnat_arm_elf_15.1.2_6dad003a/arm-eabi/lib/gnat/embedded-olimex_stm32_h405/gnat/a-exexpr.adb:565:4\n8 bytes (static)\n0 dynamic objects" }
edge: { sourcename: "__gnat_end_handler" targetname: "_Unwind_DeleteException" label: "/Users/tommy/.local/share/alire/toolchains/gnat_arm_elf_15.1.2_6dad003a/arm-eabi/lib/gnat/embedded-olimex_stm32_h405/gnat/a-exexpr.adb:572:10" }
node: { title: "__gnat_reraise_zcx" label: "Reraise_Gcc_Exception\n/Users/tommy/.local/share/alire/toolchains/gnat_arm_elf_15.1.2_6dad003a/arm-eabi/lib/gnat/embedded-olimex_stm32_h405/gnat/a-exexpr.adb:580:4\n8 bytes (static)\n0 dynamic objects" }
edge: { sourcename: "__gnat_reraise_zcx" targetname: "ada__exceptions__exception_propagation__propagate_gcc_exceptionXn" label: "/Users/tommy/.local/share/alire/toolchains/gnat_arm_elf_15.1.2_6dad003a/arm-eabi/lib/gnat/embedded-olimex_stm32_h405/gnat/a-exexpr.adb:586:7" }
node: { title: "ada__exceptions__exception_propagation__propagate_gcc_exceptionXn" label: "Propagate_Gcc_Exception\n/Users/tommy/.local/share/alire/toolchains/gnat_arm_elf_15.1.2_6dad003a/arm-eabi/lib/gnat/embedded-olimex_stm32_h405/gnat/a-exexpr.adb:596:4\n16 bytes (static)\n0 dynamic objects" }
edge: { sourcename: "ada__exceptions__exception_propagation__propagate_gcc_exceptionXn" targetname: "__gnat_setup_current_excep" label: "/Users/tommy/.local/share/alire/toolchains/gnat_arm_elf_15.1.2_6dad003a/arm-eabi/lib/gnat/embedded-olimex_stm32_h405/gnat/a-exexpr.adb:604:9" }
node: { title: "__gnat_Unwind_RaiseException" label: "Unwind_Raiseexception\n/Users/tommy/.local/share/alire/toolchains/gnat_arm_elf_15.1.2_6dad003a/arm-eabi/lib/gnat/embedded-olimex_stm32_h405/gnat/a-exexpr.adb:181:14" shape : ellipse }
edge: { sourcename: "ada__exceptions__exception_propagation__propagate_gcc_exceptionXn" targetname: "__gnat_Unwind_RaiseException" label: "/Users/tommy/.local/share/alire/toolchains/gnat_arm_elf_15.1.2_6dad003a/arm-eabi/lib/gnat/embedded-olimex_stm32_h405/gnat/a-exexpr.adb:611:7" }
edge: { sourcename: "ada__exceptions__exception_propagation__propagate_gcc_exceptionXn" targetname: "__gnat_notify_unhandled_exception" label: "/Users/tommy/.local/share/alire/toolchains/gnat_arm_elf_15.1.2_6dad003a/arm-eabi/lib/gnat/embedded-olimex_stm32_h405/gnat/a-exexpr.adb:618:7" }
node: { title: "__gnat_Unwind_ForcedUnwind" label: "Unwind_Forcedunwind\n/Users/tommy/.local/share/alire/toolchains/gnat_arm_elf_15.1.2_6dad003a/arm-eabi/lib/gnat/embedded-olimex_stm32_h405/gnat/a-exexpr.adb:185:14" shape : ellipse }
edge: { sourcename: "ada__exceptions__exception_propagation__propagate_gcc_exceptionXn" targetname: "__gnat_Unwind_ForcedUnwind" label: "/Users/tommy/.local/share/alire/toolchains/gnat_arm_elf_15.1.2_6dad003a/arm-eabi/lib/gnat/embedded-olimex_stm32_h405/gnat/a-exexpr.adb:625:7" }
edge: { sourcename: "ada__exceptions__exception_propagation__propagate_gcc_exceptionXn" targetname: "__gnat_unhandled_except_handler" label: "/Users/tommy/.local/share/alire/toolchains/gnat_arm_elf_15.1.2_6dad003a/arm-eabi/lib/gnat/embedded-olimex_stm32_h405/gnat/a-exexpr.adb:633:7" }
node: { title: "ada__exceptions__exception_propagation__propagate_exceptionXn" label: "Propagate_Exception\n/Users/tommy/.local/share/alire/toolchains/gnat_arm_elf_15.1.2_6dad003a/arm-eabi/lib/gnat/embedded-olimex_stm32_h405/gnat/a-exexpr.adb:640:4\n8 bytes (static)\n0 dynamic objects" }
edge: { sourcename: "ada__exceptions__exception_propagation__propagate_exceptionXn" targetname: "ada__exceptions__exception_propagation__propagate_gcc_exceptionXn" label: "/Users/tommy/.local/share/alire/toolchains/gnat_arm_elf_15.1.2_6dad003a/arm-eabi/lib/gnat/embedded-olimex_stm32_h405/gnat/a-exexpr.adb:642:7" }
node: { title: "__gnat_set_exception_parameter" label: "Set_Exception_Parameter\n/Users/tommy/.local/share/alire/toolchains/gnat_arm_elf_15.1.2_6dad003a/arm-eabi/lib/gnat/embedded-olimex_stm32_h405/gnat/a-exexpr.adb:649:4\n16 bytes (static)\n0 dynamic objects" }
edge: { sourcename: "__gnat_set_exception_parameter" targetname: "memcmp" label: "/Users/tommy/.local/share/alire/toolchains/gnat_arm_elf_15.1.2_6dad003a/arm-eabi/lib/gnat/embedded-olimex_stm32_h405/gnat/a-exexpr.adb:656:30" }
edge: { sourcename: "__gnat_set_exception_parameter" targetname: "ada__exceptions__save_occurrence" label: "/Users/tommy/.local/share/alire/toolchains/gnat_arm_elf_15.1.2_6dad003a/arm-eabi/lib/gnat/embedded-olimex_stm32_h405/gnat/a-exexpr.adb:664:13" }
edge: { sourcename: "__gnat_set_exception_parameter" targetname: "system__soft_links__get_current_excep_soft" label: "/Users/tommy/.local/share/alire/toolchains/gnat_arm_elf_15.1.2_6dad003a/arm-eabi/lib/gnat/embedded-olimex_stm32_h405/gnat/a-exexpr.adb:672:52" }
edge: { sourcename: "__gnat_set_exception_parameter" targetname: "ada__exceptions__exception_propagation__set_foreign_occurrenceXn" label: "/Users/tommy/.local/share/alire/toolchains/gnat_arm_elf_15.1.2_6dad003a/arm-eabi/lib/gnat/embedded-olimex_stm32_h405/gnat/a-exexpr.adb:671:10" }
node: { title: "__gnat_unhandled_except_handler" label: "Unhandled_Except_Handler\n/Users/tommy/.local/share/alire/toolchains/gnat_arm_elf_15.1.2_6dad003a/arm-eabi/lib/gnat/embedded-olimex_stm32_h405/gnat/a-exexpr.adb:681:4\n8 bytes (static)\n0 dynamic objects" }
edge: { sourcename: "__gnat_unhandled_except_handler" targetname: "__gnat_setup_current_excep" label: "/Users/tommy/.local/share/alire/toolchains/gnat_arm_elf_15.1.2_6dad003a/arm-eabi/lib/gnat/embedded-olimex_stm32_h405/gnat/a-exexpr.adb:686:16" }
edge: { sourcename: "__gnat_unhandled_except_handler" targetname: "ada__exceptions__exception_traces__unhandled_exception_terminateXn" label: "/Users/tommy/.local/share/alire/toolchains/gnat_arm_elf_15.1.2_6dad003a/arm-eabi/lib/gnat/embedded-olimex_stm32_h405/gnat/a-exexpr.adb:688:7" }
node: { title: "__gnat_eid_for" label: "Eid_For\n/Users/tommy/.local/share/alire/toolchains/gnat_arm_elf_15.1.2_6dad003a/arm-eabi/lib/gnat/embedded-olimex_stm32_h405/gnat/a-exexpr.adb:695:4\n0 bytes (static)\n0 dynamic objects" }
node: { title: "__gnat_foreign_data_for" label: "Foreign_Data_For\n/Users/tommy/.local/share/alire/toolchains/gnat_arm_elf_15.1.2_6dad003a/arm-eabi/lib/gnat/embedded-olimex_stm32_h405/gnat/a-exexpr.adb:706:4\n0 bytes (static)\n0 dynamic objects" }
node: { title: "__gnat_is_handled_by_others" label: "Is_Handled_By_Others\n/Users/tommy/.local/share/alire/toolchains/gnat_arm_elf_15.1.2_6dad003a/arm-eabi/lib/gnat/embedded-olimex_stm32_h405/gnat/a-exexpr.adb:715:4\n0 bytes (static)\n0 dynamic objects" }
node: { title: "__gnat_language_for" label: "Language_For\n/Users/tommy/.local/share/alire/toolchains/gnat_arm_elf_15.1.2_6dad003a/arm-eabi/lib/gnat/embedded-olimex_stm32_h405/gnat/a-exexpr.adb:724:4\n0 bytes (static)\n0 dynamic objects" }
node: { title: "/Users/tommy/.local/share/alire/toolchains/gnat_arm_elf_15.1.2_6dad003a/arm-eabi/lib/gnat/embedded-olimex_stm32_h405/gnat/a-except.adb:ada__exceptions__exception_traces__notify_exception__B444b___finalizerXn.1" label: "B444b\n<built-in>\n8 bytes (static)\n0 dynamic objects" }
node: { title: "system__secondary_stack__ss_release" label: "Ss_Release\n/Users/tommy/.local/share/alire/toolchains/gnat_arm_elf_15.1.2_6dad003a/arm-eabi/lib/gnat/embedded-olimex_stm32_h405/gnat/s-secsta.ads:128:14" shape : ellipse }
edge: { sourcename: "/Users/tommy/.local/share/alire/toolchains/gnat_arm_elf_15.1.2_6dad003a/arm-eabi/lib/gnat/embedded-olimex_stm32_h405/gnat/a-except.adb:ada__exceptions__exception_traces__notify_exception__B444b___finalizerXn.1" targetname: "system__secondary_stack__ss_release" label: "/Users/tommy/.local/share/alire/toolchains/gnat_arm_elf_15.1.2_6dad003a/arm-eabi/lib/gnat/embedded-olimex_stm32_h405/gnat/a-exextr.adb:125:10" }
node: { title: "ada__exceptions__exception_traces__notify_exceptionXn" label: "Notify_Exception\n/Users/tommy/.local/share/alire/toolchains/gnat_arm_elf_15.1.2_6dad003a/arm-eabi/lib/gnat/embedded-olimex_stm32_h405/gnat/a-exextr.adb:90:4\n48 bytes (static)\n0 dynamic objects" }
edge: { sourcename: "ada__exceptions__exception_traces__notify_exceptionXn" targetname: "__indirect_call" label: "/Users/tommy/.local/share/alire/toolchains/gnat_arm_elf_15.1.2_6dad003a/arm-eabi/lib/gnat/embedded-olimex_stm32_h405/gnat/a-exextr.adb:113:20" }
edge: { sourcename: "ada__exceptions__exception_traces__notify_exceptionXn" targetname: "__gnat_to_stderr" label: "/Users/tommy/.local/share/alire/toolchains/gnat_arm_elf_15.1.2_6dad003a/arm-eabi/lib/gnat/embedded-olimex_stm32_h405/gnat/a-exextr.adb:114:10" }
edge: { sourcename: "ada__exceptions__exception_traces__notify_exceptionXn" targetname: "__gnat_to_stderr" label: "/Users/tommy/.local/share/alire/toolchains/gnat_arm_elf_15.1.2_6dad003a/arm-eabi/lib/gnat/embedded-olimex_stm32_h405/gnat/a-exextr.adb:118:16" }
edge: { sourcename: "ada__exceptions__exception_traces__notify_exceptionXn" targetname: "__gnat_to_stderr" label: "/Users/tommy/.local/share/alire/toolchains/gnat_arm_elf_15.1.2_6dad003a/arm-eabi/lib/gnat/embedded-olimex_stm32_h405/gnat/a-exextr.adb:121:13" }
edge: { sourcename: "ada__exceptions__exception_traces__notify_exceptionXn" targetname: "__gnat_to_stderr" label: "/Users/tommy/.local/share/alire/toolchains/gnat_arm_elf_15.1.2_6dad003a/arm-eabi/lib/gnat/embedded-olimex_stm32_h405/gnat/a-exextr.adb:122:13" }
node: { title: "system__secondary_stack__ss_mark" label: "Ss_Mark\n/Users/tommy/.local/share/alire/toolchains/gnat_arm_elf_15.1.2_6dad003a/arm-eabi/lib/gnat/embedded-olimex_stm32_h405/gnat/s-secsta.ads:125:13" shape : ellipse }
edge: { sourcename: "ada__exceptions__exception_traces__notify_exceptionXn" targetname: "system__secondary_stack__ss_mark" }
edge: { sourcename: "ada__exceptions__exception_traces__notify_exceptionXn" targetname: "ada__exceptions__exception_information" label: "/Users/tommy/.local/share/alire/toolchains/gnat_arm_elf_15.1.2_6dad003a/arm-eabi/lib/gnat/embedded-olimex_stm32_h405/gnat/a-exextr.adb:125:21" }
edge: { sourcename: "ada__exceptions__exception_traces__notify_exceptionXn" targetname: "__gnat_to_stderr" label: "/Users/tommy/.local/share/alire/toolchains/gnat_arm_elf_15.1.2_6dad003a/arm-eabi/lib/gnat/embedded-olimex_stm32_h405/gnat/a-exextr.adb:125:10" }
edge: { sourcename: "ada__exceptions__exception_traces__notify_exceptionXn" targetname: "/Users/tommy/.local/share/alire/toolchains/gnat_arm_elf_15.1.2_6dad003a/arm-eabi/lib/gnat/embedded-olimex_stm32_h405/gnat/a-except.adb:ada__exceptions__exception_traces__notify_exception__B444b___finalizerXn.1" label: "/Users/tommy/.local/share/alire/toolchains/gnat_arm_elf_15.1.2_6dad003a/arm-eabi/lib/gnat/embedded-olimex_stm32_h405/gnat/a-exextr.adb:125:0" }
edge: { sourcename: "ada__exceptions__exception_traces__notify_exceptionXn" targetname: "__indirect_call" label: "/Users/tommy/.local/share/alire/toolchains/gnat_arm_elf_15.1.2_6dad003a/arm-eabi/lib/gnat/embedded-olimex_stm32_h405/gnat/a-exextr.adb:126:22" }
edge: { sourcename: "ada__exceptions__exception_traces__notify_exceptionXn" targetname: "__indirect_call" label: "/Users/tommy/.local/share/alire/toolchains/gnat_arm_elf_15.1.2_6dad003a/arm-eabi/lib/gnat/embedded-olimex_stm32_h405/gnat/a-exextr.adb:135:10" }
edge: { sourcename: "ada__exceptions__exception_traces__notify_exceptionXn" targetname: "__indirect_call" label: "/Users/tommy/.local/share/alire/toolchains/gnat_arm_elf_15.1.2_6dad003a/arm-eabi/lib/gnat/embedded-olimex_stm32_h405/gnat/a-exextr.adb:139:10" }
edge: { sourcename: "ada__exceptions__exception_traces__notify_exceptionXn" targetname: "__indirect_call" label: "/Users/tommy/.local/share/alire/toolchains/gnat_arm_elf_15.1.2_6dad003a/arm-eabi/lib/gnat/embedded-olimex_stm32_h405/gnat/a-exextr.adb:143:10" }
edge: { sourcename: "ada__exceptions__exception_traces__notify_exceptionXn" targetname: "/Users/tommy/.local/share/alire/toolchains/gnat_arm_elf_15.1.2_6dad003a/arm-eabi/lib/gnat/embedded-olimex_stm32_h405/gnat/a-except.adb:ada__exceptions__exception_traces__notify_exception__B444b___finalizerXn.1" label: "/Users/tommy/.local/share/alire/toolchains/gnat_arm_elf_15.1.2_6dad003a/arm-eabi/lib/gnat/embedded-olimex_stm32_h405/gnat/a-exextr.adb:125:0" }
node: { title: "_Unwind_Resume" label: "builtin_unwind_resume\n<built-in>" shape : ellipse }
edge: { sourcename: "ada__exceptions__exception_traces__notify_exceptionXn" targetname: "_Unwind_Resume" }
edge: { sourcename: "ada__exceptions__exception_traces__notify_exceptionXn" targetname: "__indirect_call" label: "/Users/tommy/.local/share/alire/toolchains/gnat_arm_elf_15.1.2_6dad003a/arm-eabi/lib/gnat/embedded-olimex_stm32_h405/gnat/a-exextr.adb:113:20" }
edge: { sourcename: "ada__exceptions__exception_traces__notify_exceptionXn" targetname: "__gnat_to_stderr" label: "/Users/tommy/.local/share/alire/toolchains/gnat_arm_elf_15.1.2_6dad003a/arm-eabi/lib/gnat/embedded-olimex_stm32_h405/gnat/a-exextr.adb:114:10" }
node: { title: "__gnat_notify_handled_exception" label: "Notify_Handled_Exception\n/Users/tommy/.local/share/alire/toolchains/gnat_arm_elf_15.1.2_6dad003a/arm-eabi/lib/gnat/embedded-olimex_stm32_h405/gnat/a-exextr.adb:151:4\n8 bytes (static)\n0 dynamic objects" }
edge: { sourcename: "__gnat_notify_handled_exception" targetname: "ada__exceptions__exception_traces__notify_exceptionXn" label: "/Users/tommy/.local/share/alire/toolchains/gnat_arm_elf_15.1.2_6dad003a/arm-eabi/lib/gnat/embedded-olimex_stm32_h405/gnat/a-exextr.adb:153:7" }
node: { title: "__gnat_notify_unhandled_exception" label: "Notify_Unhandled_Exception\n/Users/tommy/.local/share/alire/toolchains/gnat_arm_elf_15.1.2_6dad003a/arm-eabi/lib/gnat/embedded-olimex_stm32_h405/gnat/a-exextr.adb:160:4\n8 bytes (static)\n0 dynamic objects" }
edge: { sourcename: "__gnat_notify_unhandled_exception" targetname: "__indirect_call" label: "/Users/tommy/.local/share/alire/toolchains/gnat_arm_elf_15.1.2_6dad003a/arm-eabi/lib/gnat/embedded-olimex_stm32_h405/gnat/a-exextr.adb:168:32" }
edge: { sourcename: "__gnat_notify_unhandled_exception" targetname: "ada__exceptions__exception_traces__notify_exceptionXn" label: "/Users/tommy/.local/share/alire/toolchains/gnat_arm_elf_15.1.2_6dad003a/arm-eabi/lib/gnat/embedded-olimex_stm32_h405/gnat/a-exextr.adb:170:7" }
node: { title: "__gnat_unhandled_exception" label: "Debug_Unhandled_Exception\n/Users/tommy/.local/share/alire/toolchains/gnat_arm_elf_15.1.2_6dad003a/arm-eabi/lib/gnat/embedded-olimex_stm32_h405/gnat/s-excdeb.ads:54:14" shape : ellipse }
edge: { sourcename: "__gnat_notify_unhandled_exception" targetname: "__gnat_unhandled_exception" label: "/Users/tommy/.local/share/alire/toolchains/gnat_arm_elf_15.1.2_6dad003a/arm-eabi/lib/gnat/embedded-olimex_stm32_h405/gnat/a-exextr.adb:171:7" }
node: { title: "ada__exceptions__exception_traces__unhandled_exception_terminateXn" label: "Unhandled_Exception_Terminate\n/Users/tommy/.local/share/alire/toolchains/gnat_arm_elf_15.1.2_6dad003a/arm-eabi/lib/gnat/embedded-olimex_stm32_h405/gnat/a-exextr.adb:178:4\n440 bytes (static)\n0 dynamic objects" }
edge: { sourcename: "ada__exceptions__exception_traces__unhandled_exception_terminateXn" targetname: "ada__exceptions__exception_occurrenceIP" label: "/Users/tommy/.local/share/alire/toolchains/gnat_arm_elf_15.1.2_6dad003a/arm-eabi/lib/gnat/embedded-olimex_stm32_h405/gnat/a-exextr.adb:179:7" }
edge: { sourcename: "ada__exceptions__exception_traces__unhandled_exception_terminateXn" targetname: "ada__exceptions__save_occurrence" label: "/Users/tommy/.local/share/alire/toolchains/gnat_arm_elf_15.1.2_6dad003a/arm-eabi/lib/gnat/embedded-olimex_stm32_h405/gnat/a-exextr.adb:189:7" }
node: { title: "__gnat_last_chance_handler" label: "Last_Chance_Handler\n/Users/tommy/.local/share/alire/toolchains/gnat_arm_elf_15.1.2_6dad003a/arm-eabi/lib/gnat/embedded-olimex_stm32_h405/gnat/a-exextr.adb:67:14" shape : ellipse }
edge: { sourcename: "ada__exceptions__exception_traces__unhandled_exception_terminateXn" targetname: "__gnat_last_chance_handler" label: "/Users/tommy/.local/share/alire/toolchains/gnat_arm_elf_15.1.2_6dad003a/arm-eabi/lib/gnat/embedded-olimex_stm32_h405/gnat/a-exextr.adb:190:7" }
node: { title: "ada__exceptions__stream_attributes__eid_to_stringXn" label: "Eid_To_String\n/Users/tommy/.local/share/alire/toolchains/gnat_arm_elf_15.1.2_6dad003a/arm-eabi/lib/gnat/embedded-olimex_stm32_h405/gnat/a-exstat.adb:49:4\n16 bytes (static)\n0 dynamic objects" }
edge: { sourcename: "ada__exceptions__stream_attributes__eid_to_stringXn" targetname: "system__secondary_stack__ss_allocate" label: "/Users/tommy/.local/share/alire/toolchains/gnat_arm_elf_15.1.2_6dad003a/arm-eabi/lib/gnat/embedded-olimex_stm32_h405/gnat/a-exstat.adb:52:10" }
edge: { sourcename: "ada__exceptions__stream_attributes__eid_to_stringXn" targetname: "ada__exceptions__exception_name" label: "/Users/tommy/.local/share/alire/toolchains/gnat_arm_elf_15.1.2_6dad003a/arm-eabi/lib/gnat/embedded-olimex_stm32_h405/gnat/a-exstat.adb:54:17" }
node: { title: "ada__exceptions__stream_attributes__eo_to_stringXn" label: "Eo_To_String\n/Users/tommy/.local/share/alire/toolchains/gnat_arm_elf_15.1.2_6dad003a/arm-eabi/lib/gnat/embedded-olimex_stm32_h405/gnat/a-exstat.adb:65:4\n16 bytes (static)\n0 dynamic objects" }
edge: { sourcename: "ada__exceptions__stream_attributes__eo_to_stringXn" targetname: "system__secondary_stack__ss_allocate" label: "/Users/tommy/.local/share/alire/toolchains/gnat_arm_elf_15.1.2_6dad003a/arm-eabi/lib/gnat/embedded-olimex_stm32_h405/gnat/a-exstat.adb:68:10" }
edge: { sourcename: "ada__exceptions__stream_attributes__eo_to_stringXn" targetname: "ada__exceptions__exception_data__untailored_exception_informationXn" label: "/Users/tommy/.local/share/alire/toolchains/gnat_arm_elf_15.1.2_6dad003a/arm-eabi/lib/gnat/embedded-olimex_stm32_h405/gnat/a-exstat.adb:70:31" }
node: { title: "ada__exceptions__stream_attributes__string_to_eidXn" label: "String_To_Eid\n/Users/tommy/.local/share/alire/toolchains/gnat_arm_elf_15.1.2_6dad003a/arm-eabi/lib/gnat/embedded-olimex_stm32_h405/gnat/a-exstat.adb:78:4\n8 bytes (static)\n0 dynamic objects" }
node: { title: "system__exception_table__internal_exception" label: "Internal_Exception\n/Users/tommy/.local/share/alire/toolchains/gnat_arm_elf_15.1.2_6dad003a/arm-eabi/lib/gnat/embedded-olimex_stm32_h405/gnat/s-exctab.ads:54:13" shape : ellipse }
edge: { sourcename: "ada__exceptions__stream_attributes__string_to_eidXn" targetname: "system__exception_table__internal_exception" label: "/Users/tommy/.local/share/alire/toolchains/gnat_arm_elf_15.1.2_6dad003a/arm-eabi/lib/gnat/embedded-olimex_stm32_h405/gnat/a-exstat.adb:83:31" }
node: { title: "/Users/tommy/.local/share/alire/toolchains/gnat_arm_elf_15.1.2_6dad003a/arm-eabi/lib/gnat/embedded-olimex_stm32_h405/gnat/a-except.adb:ada__exceptions__stream_attributes__string_to_eo__bad_eo.3" label: "Bad_Eo\n/Users/tommy/.local/share/alire/toolchains/gnat_arm_elf_15.1.2_6dad003a/arm-eabi/lib/gnat/embedded-olimex_stm32_h405/gnat/a-exstat.adb:107:7\n8 bytes (static)\n0 dynamic objects" }
edge: { sourcename: "/Users/tommy/.local/share/alire/toolchains/gnat_arm_elf_15.1.2_6dad003a/arm-eabi/lib/gnat/embedded-olimex_stm32_h405/gnat/a-except.adb:ada__exceptions__stream_attributes__string_to_eo__bad_eo.3" targetname: "__gnat_raise_exception" label: "/Users/tommy/.local/share/alire/toolchains/gnat_arm_elf_15.1.2_6dad003a/arm-eabi/lib/gnat/embedded-olimex_stm32_h405/gnat/a-exstat.adb:109:10" }
node: { title: "ada__exceptions__stream_attributes__string_to_eoXn" label: "String_To_Eo\n/Users/tommy/.local/share/alire/toolchains/gnat_arm_elf_15.1.2_6dad003a/arm-eabi/lib/gnat/embedded-olimex_stm32_h405/gnat/a-exstat.adb:91:4\n496 bytes (static)\n0 dynamic objects" }
edge: { sourcename: "ada__exceptions__stream_attributes__string_to_eoXn" targetname: "ada__exceptions__exception_occurrenceIP" label: "/Users/tommy/.local/share/alire/toolchains/gnat_arm_elf_15.1.2_6dad003a/arm-eabi/lib/gnat/embedded-olimex_stm32_h405/gnat/a-exstat.adb:95:7" }
edge: { sourcename: "ada__exceptions__stream_attributes__string_to_eoXn" targetname: "memcpy" }
edge: { sourcename: "ada__exceptions__stream_attributes__string_to_eoXn" targetname: "/Users/tommy/.local/share/alire/toolchains/gnat_arm_elf_15.1.2_6dad003a/arm-eabi/lib/gnat/embedded-olimex_stm32_h405/gnat/a-except.adb:ada__exceptions__stream_attributes__string_to_eo__next_string.2" label: "/Users/tommy/.local/share/alire/toolchains/gnat_arm_elf_15.1.2_6dad003a/arm-eabi/lib/gnat/embedded-olimex_stm32_h405/gnat/a-exstat.adb:141:7" }
edge: { sourcename: "ada__exceptions__stream_attributes__string_to_eoXn" targetname: "memcmp" label: "/Users/tommy/.local/share/alire/toolchains/gnat_arm_elf_15.1.2_6dad003a/arm-eabi/lib/gnat/embedded-olimex_stm32_h405/gnat/a-exstat.adb:143:31" }
edge: { sourcename: "ada__exceptions__stream_attributes__string_to_eoXn" targetname: "/Users/tommy/.local/share/alire/toolchains/gnat_arm_elf_15.1.2_6dad003a/arm-eabi/lib/gnat/embedded-olimex_stm32_h405/gnat/a-except.adb:ada__exceptions__stream_attributes__string_to_eo__bad_eo.3" label: "/Users/tommy/.local/share/alire/toolchains/gnat_arm_elf_15.1.2_6dad003a/arm-eabi/lib/gnat/embedded-olimex_stm32_h405/gnat/a-exstat.adb:144:10" }
edge: { sourcename: "ada__exceptions__stream_attributes__string_to_eoXn" targetname: "system__exception_table__internal_exception" label: "/Users/tommy/.local/share/alire/toolchains/gnat_arm_elf_15.1.2_6dad003a/arm-eabi/lib/gnat/embedded-olimex_stm32_h405/gnat/a-exstat.adb:157:26" }
edge: { sourcename: "ada__exceptions__stream_attributes__string_to_eoXn" targetname: "memcmp" label: "/Users/tommy/.local/share/alire/toolchains/gnat_arm_elf_15.1.2_6dad003a/arm-eabi/lib/gnat/embedded-olimex_stm32_h405/gnat/a-exstat.adb:161:34" }
edge: { sourcename: "ada__exceptions__stream_attributes__string_to_eoXn" targetname: "/Users/tommy/.local/share/alire/toolchains/gnat_arm_elf_15.1.2_6dad003a/arm-eabi/lib/gnat/embedded-olimex_stm32_h405/gnat/a-except.adb:ada__exceptions__stream_attributes__string_to_eo__bad_eo.3" label: "/Users/tommy/.local/share/alire/toolchains/gnat_arm_elf_15.1.2_6dad003a/arm-eabi/lib/gnat/embedded-olimex_stm32_h405/gnat/a-exstat.adb:162:13" }
edge: { sourcename: "ada__exceptions__stream_attributes__string_to_eoXn" targetname: "memcpy" }
edge: { sourcename: "ada__exceptions__stream_attributes__string_to_eoXn" targetname: "/Users/tommy/.local/share/alire/toolchains/gnat_arm_elf_15.1.2_6dad003a/arm-eabi/lib/gnat/embedded-olimex_stm32_h405/gnat/a-except.adb:ada__exceptions__stream_attributes__string_to_eo__next_string.2" label: "/Users/tommy/.local/share/alire/toolchains/gnat_arm_elf_15.1.2_6dad003a/arm-eabi/lib/gnat/embedded-olimex_stm32_h405/gnat/a-exstat.adb:172:7" }
edge: { sourcename: "ada__exceptions__stream_attributes__string_to_eoXn" targetname: "memcmp" label: "/Users/tommy/.local/share/alire/toolchains/gnat_arm_elf_15.1.2_6dad003a/arm-eabi/lib/gnat/embedded-olimex_stm32_h405/gnat/a-exstat.adb:176:34" }
edge: { sourcename: "ada__exceptions__stream_attributes__string_to_eoXn" targetname: "/Users/tommy/.local/share/alire/toolchains/gnat_arm_elf_15.1.2_6dad003a/arm-eabi/lib/gnat/embedded-olimex_stm32_h405/gnat/a-except.adb:ada__exceptions__stream_attributes__string_to_eo__bad_eo.3" label: "/Users/tommy/.local/share/alire/toolchains/gnat_arm_elf_15.1.2_6dad003a/arm-eabi/lib/gnat/embedded-olimex_stm32_h405/gnat/a-exstat.adb:177:13" }
edge: { sourcename: "ada__exceptions__stream_attributes__string_to_eoXn" targetname: "/Users/tommy/.local/share/alire/toolchains/gnat_arm_elf_15.1.2_6dad003a/arm-eabi/lib/gnat/embedded-olimex_stm32_h405/gnat/a-except.adb:ada__exceptions__stream_attributes__string_to_eo__next_string.2" label: "/Users/tommy/.local/share/alire/toolchains/gnat_arm_elf_15.1.2_6dad003a/arm-eabi/lib/gnat/embedded-olimex_stm32_h405/gnat/a-exstat.adb:188:10" }
edge: { sourcename: "ada__exceptions__stream_attributes__string_to_eoXn" targetname: "memcmp" label: "/Users/tommy/.local/share/alire/toolchains/gnat_arm_elf_15.1.2_6dad003a/arm-eabi/lib/gnat/embedded-olimex_stm32_h405/gnat/a-exstat.adb:194:28" }
edge: { sourcename: "ada__exceptions__stream_attributes__string_to_eoXn" targetname: "/Users/tommy/.local/share/alire/toolchains/gnat_arm_elf_15.1.2_6dad003a/arm-eabi/lib/gnat/embedded-olimex_stm32_h405/gnat/a-except.adb:ada__exceptions__stream_attributes__string_to_eo__bad_eo.3" label: "/Users/tommy/.local/share/alire/toolchains/gnat_arm_elf_15.1.2_6dad003a/arm-eabi/lib/gnat/embedded-olimex_stm32_h405/gnat/a-exstat.adb:195:13" }
edge: { sourcename: "ada__exceptions__stream_attributes__string_to_eoXn" targetname: "/Users/tommy/.local/share/alire/toolchains/gnat_arm_elf_15.1.2_6dad003a/arm-eabi/lib/gnat/embedded-olimex_stm32_h405/gnat/a-except.adb:ada__exceptions__stream_attributes__string_to_eo__next_string.2" label: "/Users/tommy/.local/share/alire/toolchains/gnat_arm_elf_15.1.2_6dad003a/arm-eabi/lib/gnat/embedded-olimex_stm32_h405/gnat/a-exstat.adb:198:10" }
edge: { sourcename: "ada__exceptions__stream_attributes__string_to_eoXn" targetname: "/Users/tommy/.local/share/alire/toolchains/gnat_arm_elf_15.1.2_6dad003a/arm-eabi/lib/gnat/embedded-olimex_stm32_h405/gnat/a-except.adb:ada__exceptions__stream_attributes__string_to_eo__bad_eo.3" label: "/Users/tommy/.local/share/alire/toolchains/gnat_arm_elf_15.1.2_6dad003a/arm-eabi/lib/gnat/embedded-olimex_stm32_h405/gnat/a-exstat.adb:211:19" }
edge: { sourcename: "ada__exceptions__stream_attributes__string_to_eoXn" targetname: "/Users/tommy/.local/share/alire/toolchains/gnat_arm_elf_15.1.2_6dad003a/arm-eabi/lib/gnat/embedded-olimex_stm32_h405/gnat/a-except.adb:ada__exceptions__stream_attributes__string_to_eo__bad_eo.3" label: "/Users/tommy/.local/share/alire/toolchains/gnat_arm_elf_15.1.2_6dad003a/arm-eabi/lib/gnat/embedded-olimex_stm32_h405/gnat/a-exstat.adb:233:22" }
edge: { sourcename: "ada__exceptions__stream_attributes__string_to_eoXn" targetname: "/Users/tommy/.local/share/alire/toolchains/gnat_arm_elf_15.1.2_6dad003a/arm-eabi/lib/gnat/embedded-olimex_stm32_h405/gnat/a-except.adb:ada__exceptions__stream_attributes__string_to_eo__bad_eo.3" label: "/Users/tommy/.local/share/alire/toolchains/gnat_arm_elf_15.1.2_6dad003a/arm-eabi/lib/gnat/embedded-olimex_stm32_h405/gnat/a-exstat.adb:242:19" }
node: { title: "system__traceback_entries__tb_entry_for" label: "Tb_Entry_For\n/Users/tommy/.local/share/alire/toolchains/gnat_arm_elf_15.1.2_6dad003a/arm-eabi/lib/gnat/embedded-olimex_stm32_h405/gnat/s-traent.adb:47:4" shape : ellipse }
edge: { sourcename: "ada__exceptions__stream_attributes__string_to_eoXn" targetname: "system__traceback_entries__tb_entry_for" label: "/Users/tommy/.local/share/alire/toolchains/gnat_arm_elf_15.1.2_6dad003a/arm-eabi/lib/gnat/embedded-olimex_stm32_h405/gnat/a-exstat.adb:247:21" }
edge: { sourcename: "ada__exceptions__stream_attributes__string_to_eoXn" targetname: "memcpy" }
edge: { sourcename: "ada__exceptions__stream_attributes__string_to_eoXn" targetname: "system__exception_table__internal_exception" label: "/Users/tommy/.local/share/alire/toolchains/gnat_arm_elf_15.1.2_6dad003a/arm-eabi/lib/gnat/embedded-olimex_stm32_h405/gnat/a-exstat.adb:157:26" }
node: { title: "/Users/tommy/.local/share/alire/toolchains/gnat_arm_elf_15.1.2_6dad003a/arm-eabi/lib/gnat/embedded-olimex_stm32_h405/gnat/a-except.adb:ada__exceptions__stream_attributes__string_to_eo__next_string.2" label: "Next_String\n/Users/tommy/.local/share/alire/toolchains/gnat_arm_elf_15.1.2_6dad003a/arm-eabi/lib/gnat/embedded-olimex_stm32_h405/gnat/a-exstat.adb:114:7\n8 bytes (static)\n0 dynamic objects" }
edge: { sourcename: "/Users/tommy/.local/share/alire/toolchains/gnat_arm_elf_15.1.2_6dad003a/arm-eabi/lib/gnat/embedded-olimex_stm32_h405/gnat/a-except.adb:ada__exceptions__stream_attributes__string_to_eo__next_string.2" targetname: "/Users/tommy/.local/share/alire/toolchains/gnat_arm_elf_15.1.2_6dad003a/arm-eabi/lib/gnat/embedded-olimex_stm32_h405/gnat/a-except.adb:ada__exceptions__stream_attributes__string_to_eo__bad_eo.3" label: "/Users/tommy/.local/share/alire/toolchains/gnat_arm_elf_15.1.2_6dad003a/arm-eabi/lib/gnat/embedded-olimex_stm32_h405/gnat/a-exstat.adb:123:19" }
node: { title: "ada__exceptions__aaa" label: "Aaa\n/Users/tommy/.local/share/alire/toolchains/gnat_arm_elf_15.1.2_6dad003a/arm-eabi/lib/gnat/embedded-olimex_stm32_h405/gnat/a-except.adb:897:4\n0 bytes (static)\n0 dynamic objects" }
node: { title: "ada__exceptions__call_chain" label: "Call_Chain\n/Users/tommy/.local/share/alire/toolchains/gnat_arm_elf_15.1.2_6dad003a/arm-eabi/lib/gnat/embedded-olimex_stm32_h405/gnat/a-excach.adb:46:1\n216 bytes (static)\n0 dynamic objects" }
node: { title: "system__traceback__call_chain" label: "Call_Chain\n/Users/tommy/.local/share/alire/toolchains/gnat_arm_elf_15.1.2_6dad003a/arm-eabi/lib/gnat/embedded-olimex_stm32_h405/gnat/s-traceb.ads:51:14" shape : ellipse }
edge: { sourcename: "ada__exceptions__call_chain" targetname: "system__traceback__call_chain" label: "/Users/tommy/.local/share/alire/toolchains/gnat_arm_elf_15.1.2_6dad003a/arm-eabi/lib/gnat/embedded-olimex_stm32_h405/gnat/a-excach.adb:77:23" }
edge: { sourcename: "ada__exceptions__call_chain" targetname: "memcpy" }
node: { title: "ada__exceptions__eid_to_string" label: "Eid_To_String\n/Users/tommy/.local/share/alire/toolchains/gnat_arm_elf_15.1.2_6dad003a/arm-eabi/lib/gnat/embedded-olimex_stm32_h405/gnat/a-except.adb:911:13\n16 bytes (static)\n0 dynamic objects" }
edge: { sourcename: "ada__exceptions__eid_to_string" targetname: "ada__exceptions__stream_attributes__eid_to_stringXn" label: "/Users/tommy/.local/share/alire/toolchains/gnat_arm_elf_15.1.2_6dad003a/arm-eabi/lib/gnat/embedded-olimex_stm32_h405/gnat/a-except.adb:911:13" }
node: { title: "ada__exceptions__eo_to_string" label: "Eo_To_String\n/Users/tommy/.local/share/alire/toolchains/gnat_arm_elf_15.1.2_6dad003a/arm-eabi/lib/gnat/embedded-olimex_stm32_h405/gnat/a-except.adb:921:13\n16 bytes (static)\n0 dynamic objects" }
edge: { sourcename: "ada__exceptions__eo_to_string" targetname: "ada__exceptions__stream_attributes__eo_to_stringXn" label: "/Users/tommy/.local/share/alire/toolchains/gnat_arm_elf_15.1.2_6dad003a/arm-eabi/lib/gnat/embedded-olimex_stm32_h405/gnat/a-except.adb:921:13" }
node: { title: "ada__exceptions__exception_identity" label: "Exception_Identity\n/Users/tommy/.local/share/alire/toolchains/gnat_arm_elf_15.1.2_6dad003a/arm-eabi/lib/gnat/embedded-olimex_stm32_h405/gnat/a-except.adb:928:4\n0 bytes (static)\n0 dynamic objects" }
node: { title: "ada__exceptions__exception_information" label: "Exception_Information\n/Users/tommy/.local/share/alire/toolchains/gnat_arm_elf_15.1.2_6dad003a/arm-eabi/lib/gnat/embedded-olimex_stm32_h405/gnat/a-except.adb:947:4\n16 bytes (static)\n0 dynamic objects" }
edge: { sourcename: "ada__exceptions__exception_information" targetname: "__gnat_rcheck_CE_Explicit_Raise" label: "/Users/tommy/.local/share/alire/toolchains/gnat_arm_elf_15.1.2_6dad003a/arm-eabi/lib/gnat/embedded-olimex_stm32_h405/gnat/a-except.adb:950:10" }
edge: { sourcename: "ada__exceptions__exception_information" targetname: "ada__exceptions__exception_data__exception_informationXn" label: "/Users/tommy/.local/share/alire/toolchains/gnat_arm_elf_15.1.2_6dad003a/arm-eabi/lib/gnat/embedded-olimex_stm32_h405/gnat/a-except.adb:952:31" }
node: { title: "ada__exceptions__exception_message" label: "Exception_Message\n/Users/tommy/.local/share/alire/toolchains/gnat_arm_elf_15.1.2_6dad003a/arm-eabi/lib/gnat/embedded-olimex_stm32_h405/gnat/a-except.adb:960:4\n24 bytes (static)\n0 dynamic objects" }
edge: { sourcename: "ada__exceptions__exception_message" targetname: "__gnat_rcheck_CE_Explicit_Raise" label: "/Users/tommy/.local/share/alire/toolchains/gnat_arm_elf_15.1.2_6dad003a/arm-eabi/lib/gnat/embedded-olimex_stm32_h405/gnat/a-except.adb:963:10" }
edge: { sourcename: "ada__exceptions__exception_message" targetname: "system__secondary_stack__ss_allocate" label: "/Users/tommy/.local/share/alire/toolchains/gnat_arm_elf_15.1.2_6dad003a/arm-eabi/lib/gnat/embedded-olimex_stm32_h405/gnat/a-except.adb:965:10" }
edge: { sourcename: "ada__exceptions__exception_message" targetname: "memcpy" }
node: { title: "ada__exceptions__exception_name" label: "Exception_Name\n/Users/tommy/.local/share/alire/toolchains/gnat_arm_elf_15.1.2_6dad003a/arm-eabi/lib/gnat/embedded-olimex_stm32_h405/gnat/a-except.adb:973:4\n24 bytes (static)\n0 dynamic objects" }
edge: { sourcename: "ada__exceptions__exception_name" targetname: "__gnat_rcheck_CE_Explicit_Raise" label: "/Users/tommy/.local/share/alire/toolchains/gnat_arm_elf_15.1.2_6dad003a/arm-eabi/lib/gnat/embedded-olimex_stm32_h405/gnat/a-except.adb:976:10" }
edge: { sourcename: "ada__exceptions__exception_name" targetname: "system__secondary_stack__ss_allocate" label: "/Users/tommy/.local/share/alire/toolchains/gnat_arm_elf_15.1.2_6dad003a/arm-eabi/lib/gnat/embedded-olimex_stm32_h405/gnat/a-except.adb:978:10" }
edge: { sourcename: "ada__exceptions__exception_name" targetname: "memcpy" }
node: { title: "ada__exceptions__exception_name__2" label: "Exception_Name\n/Users/tommy/.local/share/alire/toolchains/gnat_arm_elf_15.1.2_6dad003a/arm-eabi/lib/gnat/embedded-olimex_stm32_h405/gnat/a-except.adb:982:4\n16 bytes (static)\n0 dynamic objects" }
edge: { sourcename: "ada__exceptions__exception_name__2" targetname: "ada__exceptions__exception_name" label: "/Users/tommy/.local/share/alire/toolchains/gnat_arm_elf_15.1.2_6dad003a/arm-eabi/lib/gnat/embedded-olimex_stm32_h405/gnat/a-except.adb:984:14" }
node: { title: "ada__exceptions__exception_name_simple" label: "Exception_Name_Simple\n/Users/tommy/.local/share/alire/toolchains/gnat_arm_elf_15.1.2_6dad003a/arm-eabi/lib/gnat/embedded-olimex_stm32_h405/gnat/a-except.adb:991:4\n40 bytes (static)\n0 dynamic objects" }
edge: { sourcename: "ada__exceptions__exception_name_simple" targetname: "ada__exceptions__exception_name__2" label: "/Users/tommy/.local/share/alire/toolchains/gnat_arm_elf_15.1.2_6dad003a/arm-eabi/lib/gnat/embedded-olimex_stm32_h405/gnat/a-except.adb:992:33" }
edge: { sourcename: "ada__exceptions__exception_name_simple" targetname: "system__secondary_stack__ss_allocate" label: "/Users/tommy/.local/share/alire/toolchains/gnat_arm_elf_15.1.2_6dad003a/arm-eabi/lib/gnat/embedded-olimex_stm32_h405/gnat/a-except.adb:1007:10" }
edge: { sourcename: "ada__exceptions__exception_name_simple" targetname: "memcpy" }
node: { title: "__gnat_get_exception_machine_occurrence" label: "Get_Exception_Machine_Occurrence\n/Users/tommy/.local/share/alire/toolchains/gnat_arm_elf_15.1.2_6dad003a/arm-eabi/lib/gnat/embedded-olimex_stm32_h405/gnat/a-except.adb:1042:4\n0 bytes (static)\n0 dynamic objects" }
node: { title: "ada__exceptions__image" label: "Image\n/Users/tommy/.local/share/alire/toolchains/gnat_arm_elf_15.1.2_6dad003a/arm-eabi/lib/gnat/embedded-olimex_stm32_h405/gnat/a-except.adb:1053:4\n48 bytes (static)\n0 dynamic objects" }
node: { title: "system__img_int__impl__image_integer" label: "Image_Integer\n/Users/tommy/.local/share/alire/toolchains/gnat_arm_elf_15.1.2_6dad003a/arm-eabi/lib/gnat/embedded-olimex_stm32_h405/gnat/s-imagei.ads:68:14" shape : ellipse }
edge: { sourcename: "ada__exceptions__image" targetname: "system__img_int__impl__image_integer" label: "/Users/tommy/.local/share/alire/toolchains/gnat_arm_elf_15.1.2_6dad003a/arm-eabi/lib/gnat/embedded-olimex_stm32_h405/gnat/a-except.adb:1054:42" }
edge: { sourcename: "ada__exceptions__image" targetname: "system__secondary_stack__ss_allocate" label: "/Users/tommy/.local/share/alire/toolchains/gnat_arm_elf_15.1.2_6dad003a/arm-eabi/lib/gnat/embedded-olimex_stm32_h405/gnat/a-except.adb:1053:4" }
edge: { sourcename: "ada__exceptions__image" targetname: "memcpy" }
edge: { sourcename: "ada__exceptions__image" targetname: "system__secondary_stack__ss_allocate" label: "/Users/tommy/.local/share/alire/toolchains/gnat_arm_elf_15.1.2_6dad003a/arm-eabi/lib/gnat/embedded-olimex_stm32_h405/gnat/a-except.adb:1057:10" }
edge: { sourcename: "ada__exceptions__image" targetname: "memcpy" }
node: { title: "__gnat_raise_constraint_error" label: "Raise_Constraint_Error\n/Users/tommy/.local/share/alire/toolchains/gnat_arm_elf_15.1.2_6dad003a/arm-eabi/lib/gnat/embedded-olimex_stm32_h405/gnat/a-except.adb:1075:4\n16 bytes (static)\n0 dynamic objects" }
edge: { sourcename: "__gnat_raise_constraint_error" targetname: "ada__exceptions__raise_with_location_and_msg" label: "/Users/tommy/.local/share/alire/toolchains/gnat_arm_elf_15.1.2_6dad003a/arm-eabi/lib/gnat/embedded-olimex_stm32_h405/gnat/a-except.adb:1077:7" }
node: { title: "__gnat_raise_constraint_error_msg" label: "Raise_Constraint_Error_Msg\n/Users/tommy/.local/share/alire/toolchains/gnat_arm_elf_15.1.2_6dad003a/arm-eabi/lib/gnat/embedded-olimex_stm32_h405/gnat/a-except.adb:1084:4\n16 bytes (static)\n0 dynamic objects" }
edge: { sourcename: "__gnat_raise_constraint_error_msg" targetname: "ada__exceptions__raise_with_location_and_msg" label: "/Users/tommy/.local/share/alire/toolchains/gnat_arm_elf_15.1.2_6dad003a/arm-eabi/lib/gnat/embedded-olimex_stm32_h405/gnat/a-except.adb:1091:7" }
node: { title: "ada__exceptions__complete_occurrence" label: "Complete_Occurrence\n/Users/tommy/.local/share/alire/toolchains/gnat_arm_elf_15.1.2_6dad003a/arm-eabi/lib/gnat/embedded-olimex_stm32_h405/gnat/a-except.adb:1099:4\n16 bytes (static)\n0 dynamic objects" }
edge: { sourcename: "ada__exceptions__complete_occurrence" targetname: "ada__exceptions__call_chain" label: "/Users/tommy/.local/share/alire/toolchains/gnat_arm_elf_15.1.2_6dad003a/arm-eabi/lib/gnat/embedded-olimex_stm32_h405/gnat/a-except.adb:1122:7" }
node: { title: "__gnat_debug_raise_exception" label: "Debug_Raise_Exception\n/Users/tommy/.local/share/alire/toolchains/gnat_arm_elf_15.1.2_6dad003a/arm-eabi/lib/gnat/embedded-olimex_stm32_h405/gnat/s-excdeb.ads:47:14" shape : ellipse }
edge: { sourcename: "ada__exceptions__complete_occurrence" targetname: "__gnat_debug_raise_exception" label: "/Users/tommy/.local/share/alire/toolchains/gnat_arm_elf_15.1.2_6dad003a/arm-eabi/lib/gnat/embedded-olimex_stm32_h405/gnat/a-except.adb:1125:7" }
node: { title: "ada__exceptions__complete_and_propagate_occurrence" label: "Complete_And_Propagate_Occurrence\n/Users/tommy/.local/share/alire/toolchains/gnat_arm_elf_15.1.2_6dad003a/arm-eabi/lib/gnat/embedded-olimex_stm32_h405/gnat/a-except.adb:1134:4\n8 bytes (static)\n0 dynamic objects" }
edge: { sourcename: "ada__exceptions__complete_and_propagate_occurrence" targetname: "ada__exceptions__complete_occurrence" label: "/Users/tommy/.local/share/alire/toolchains/gnat_arm_elf_15.1.2_6dad003a/arm-eabi/lib/gnat/embedded-olimex_stm32_h405/gnat/a-except.adb:1136:7" }
edge: { sourcename: "ada__exceptions__complete_and_propagate_occurrence" targetname: "ada__exceptions__exception_propagation__propagate_exceptionXn" label: "/Users/tommy/.local/share/alire/toolchains/gnat_arm_elf_15.1.2_6dad003a/arm-eabi/lib/gnat/embedded-olimex_stm32_h405/gnat/a-except.adb:1137:28" }
node: { title: "ada__exceptions__raise_exception" label: "Raise_Exception\n/Users/tommy/.local/share/alire/toolchains/gnat_arm_elf_15.1.2_6dad003a/arm-eabi/lib/gnat/embedded-olimex_stm32_h405/gnat/a-except.adb:1144:4\n8 bytes (static)\n0 dynamic objects" }
edge: { sourcename: "ada__exceptions__raise_exception" targetname: "__gnat_raise_exception" label: "/Users/tommy/.local/share/alire/toolchains/gnat_arm_elf_15.1.2_6dad003a/arm-eabi/lib/gnat/embedded-olimex_stm32_h405/gnat/a-except.adb:1158:7" }
node: { title: "__gnat_raise_exception" label: "Raise_Exception_Always\n/Users/tommy/.local/share/alire/toolchains/gnat_arm_elf_15.1.2_6dad003a/arm-eabi/lib/gnat/embedded-olimex_stm32_h405/gnat/a-except.adb:1165:4\n24 bytes (static)\n0 dynamic objects" }
edge: { sourcename: "__gnat_raise_exception" targetname: "ada__exceptions__exception_propagation__allocate_occurrenceXn" label: "/Users/tommy/.local/share/alire/toolchains/gnat_arm_elf_15.1.2_6dad003a/arm-eabi/lib/gnat/embedded-olimex_stm32_h405/gnat/a-except.adb:1169:48" }
edge: { sourcename: "__gnat_raise_exception" targetname: "ada__exceptions__exception_data__set_exception_msgXn" label: "/Users/tommy/.local/share/alire/toolchains/gnat_arm_elf_15.1.2_6dad003a/arm-eabi/lib/gnat/embedded-olimex_stm32_h405/gnat/a-except.adb:1172:21" }
edge: { sourcename: "__gnat_raise_exception" targetname: "ada__exceptions__complete_and_propagate_occurrence" label: "/Users/tommy/.local/share/alire/toolchains/gnat_arm_elf_15.1.2_6dad003a/arm-eabi/lib/gnat/embedded-olimex_stm32_h405/gnat/a-except.adb:1173:7" }
node: { title: "ada__exceptions__raise_exception_no_defer" label: "Raise_Exception_No_Defer\n/Users/tommy/.local/share/alire/toolchains/gnat_arm_elf_15.1.2_6dad003a/arm-eabi/lib/gnat/embedded-olimex_stm32_h405/gnat/a-except.adb:1180:4\n24 bytes (static)\n0 dynamic objects" }
edge: { sourcename: "ada__exceptions__raise_exception_no_defer" targetname: "ada__exceptions__exception_propagation__allocate_occurrenceXn" label: "/Users/tommy/.local/share/alire/toolchains/gnat_arm_elf_15.1.2_6dad003a/arm-eabi/lib/gnat/embedded-olimex_stm32_h405/gnat/a-except.adb:1184:48" }
edge: { sourcename: "ada__exceptions__raise_exception_no_defer" targetname: "ada__exceptions__exception_data__set_exception_msgXn" label: "/Users/tommy/.local/share/alire/toolchains/gnat_arm_elf_15.1.2_6dad003a/arm-eabi/lib/gnat/embedded-olimex_stm32_h405/gnat/a-except.adb:1187:21" }
edge: { sourcename: "ada__exceptions__raise_exception_no_defer" targetname: "ada__exceptions__complete_and_propagate_occurrence" label: "/Users/tommy/.local/share/alire/toolchains/gnat_arm_elf_15.1.2_6dad003a/arm-eabi/lib/gnat/embedded-olimex_stm32_h405/gnat/a-except.adb:1191:7" }
node: { title: "/Users/tommy/.local/share/alire/toolchains/gnat_arm_elf_15.1.2_6dad003a/arm-eabi/lib/gnat/embedded-olimex_stm32_h405/gnat/a-except.adb:ada__exceptions__raise_from_controlled_operation___finalizer.5" label: "raise_from_controlled_operation\n<built-in>\n8 bytes (static)\n0 dynamic objects" }
edge: { sourcename: "/Users/tommy/.local/share/alire/toolchains/gnat_arm_elf_15.1.2_6dad003a/arm-eabi/lib/gnat/embedded-olimex_stm32_h405/gnat/a-except.adb:ada__exceptions__raise_from_controlled_operation___finalizer.5" targetname: "system__secondary_stack__ss_release" label: "/Users/tommy/.local/share/alire/toolchains/gnat_arm_elf_15.1.2_6dad003a/arm-eabi/lib/gnat/embedded-olimex_stm32_h405/gnat/a-except.adb:1198:4" }
node: { title: "__gnat_raise_from_controlled_operation" label: "Raise_From_Controlled_Operation\n/Users/tommy/.local/share/alire/toolchains/gnat_arm_elf_15.1.2_6dad003a/arm-eabi/lib/gnat/embedded-olimex_stm32_h405/gnat/a-except.adb:1198:4\n80 bytes (dynamic)\n1 dynamic objects\n S561b /Users/tommy/.local/share/alire/toolchains/gnat_arm_elf_15.1.2_6dad003a/arm-eabi/lib/gnat/embedded-olimex_stm32_h405/gnat/a-except.adb:1234:45" }
edge: { sourcename: "__gnat_raise_from_controlled_operation" targetname: "system__secondary_stack__ss_mark" }
edge: { sourcename: "__gnat_raise_from_controlled_operation" targetname: "ada__exceptions__exception_message" label: "/Users/tommy/.local/share/alire/toolchains/gnat_arm_elf_15.1.2_6dad003a/arm-eabi/lib/gnat/embedded-olimex_stm32_h405/gnat/a-except.adb:1202:47" }
edge: { sourcename: "__gnat_raise_from_controlled_operation" targetname: "memcmp" label: "/Users/tommy/.local/share/alire/toolchains/gnat_arm_elf_15.1.2_6dad003a/arm-eabi/lib/gnat/embedded-olimex_stm32_h405/gnat/a-except.adb:1212:22" }
edge: { sourcename: "__gnat_raise_from_controlled_operation" targetname: "ada__exceptions__raise_exception_no_defer" label: "/Users/tommy/.local/share/alire/toolchains/gnat_arm_elf_15.1.2_6dad003a/arm-eabi/lib/gnat/embedded-olimex_stm32_h405/gnat/a-except.adb:1213:10" }
edge: { sourcename: "__gnat_raise_from_controlled_operation" targetname: "system__secondary_stack__ss_mark" }
edge: { sourcename: "__gnat_raise_from_controlled_operation" targetname: "ada__exceptions__exception_name__2" label: "/Users/tommy/.local/share/alire/toolchains/gnat_arm_elf_15.1.2_6dad003a/arm-eabi/lib/gnat/embedded-olimex_stm32_h405/gnat/a-except.adb:1219:51" }
edge: { sourcename: "__gnat_raise_from_controlled_operation" targetname: "system__secondary_stack__ss_allocate" label: "/Users/tommy/.local/share/alire/toolchains/gnat_arm_elf_15.1.2_6dad003a/arm-eabi/lib/gnat/embedded-olimex_stm32_h405/gnat/a-except.adb:1219:49" }
edge: { sourcename: "__gnat_raise_from_controlled_operation" targetname: "memcpy" }
edge: { sourcename: "__gnat_raise_from_controlled_operation" targetname: "ada__exceptions__raise_exception_no_defer" label: "/Users/tommy/.local/share/alire/toolchains/gnat_arm_elf_15.1.2_6dad003a/arm-eabi/lib/gnat/embedded-olimex_stm32_h405/gnat/a-except.adb:1225:16" }
edge: { sourcename: "__gnat_raise_from_controlled_operation" targetname: "memcpy" }
edge: { sourcename: "__gnat_raise_from_controlled_operation" targetname: "memcpy" }
edge: { sourcename: "__gnat_raise_from_controlled_operation" targetname: "ada__exceptions__raise_exception_no_defer" label: "/Users/tommy/.local/share/alire/toolchains/gnat_arm_elf_15.1.2_6dad003a/arm-eabi/lib/gnat/embedded-olimex_stm32_h405/gnat/a-except.adb:1232:16" }
edge: { sourcename: "__gnat_raise_from_controlled_operation" targetname: "/Users/tommy/.local/share/alire/toolchains/gnat_arm_elf_15.1.2_6dad003a/arm-eabi/lib/gnat/embedded-olimex_stm32_h405/gnat/a-except.adb:ada__exceptions__raise_from_controlled_operation__B_3___finalizer.4" label: "/Users/tommy/.local/share/alire/toolchains/gnat_arm_elf_15.1.2_6dad003a/arm-eabi/lib/gnat/embedded-olimex_stm32_h405/gnat/a-except.adb:1236:0" }
edge: { sourcename: "__gnat_raise_from_controlled_operation" targetname: "/Users/tommy/.local/share/alire/toolchains/gnat_arm_elf_15.1.2_6dad003a/arm-eabi/lib/gnat/embedded-olimex_stm32_h405/gnat/a-except.adb:ada__exceptions__raise_from_controlled_operation___finalizer.5" label: "/Users/tommy/.local/share/alire/toolchains/gnat_arm_elf_15.1.2_6dad003a/arm-eabi/lib/gnat/embedded-olimex_stm32_h405/gnat/a-except.adb:1238:0" }
edge: { sourcename: "__gnat_raise_from_controlled_operation" targetname: "_Unwind_Resume" }
node: { title: "/Users/tommy/.local/share/alire/toolchains/gnat_arm_elf_15.1.2_6dad003a/arm-eabi/lib/gnat/embedded-olimex_stm32_h405/gnat/a-except.adb:ada__exceptions__raise_from_controlled_operation__B_3___finalizer.4" label: "B_3\n<built-in>\n8 bytes (static)\n0 dynamic objects" }
edge: { sourcename: "/Users/tommy/.local/share/alire/toolchains/gnat_arm_elf_15.1.2_6dad003a/arm-eabi/lib/gnat/embedded-olimex_stm32_h405/gnat/a-except.adb:ada__exceptions__raise_from_controlled_operation__B_3___finalizer.4" targetname: "system__secondary_stack__ss_release" label: "/Users/tommy/.local/share/alire/toolchains/gnat_arm_elf_15.1.2_6dad003a/arm-eabi/lib/gnat/embedded-olimex_stm32_h405/gnat/a-except.adb:1218:10" }
node: { title: "ada__exceptions__create_occurrence_from_signal_handler" label: "Create_Occurrence_From_Signal_Handler\n/Users/tommy/.local/share/alire/toolchains/gnat_arm_elf_15.1.2_6dad003a/arm-eabi/lib/gnat/embedded-olimex_stm32_h405/gnat/a-except.adb:1244:4\n24 bytes (static)\n0 dynamic objects" }
[...]
edge: { sourcename: "__gnat_rcheck_CE_Range_Check_ext" targetname: "memcpy" }
edge: { sourcename: "__gnat_rcheck_CE_Range_Check_ext" targetname: "memcpy" }
edge: { sourcename: "__gnat_rcheck_CE_Range_Check_ext" targetname: "memcpy" }
edge: { sourcename: "__gnat_rcheck_CE_Range_Check_ext" targetname: "__gnat_raise_constraint_error_msg" label: "/Users/tommy/.local/share/alire/toolchains/gnat_arm_elf_15.1.2_6dad003a/arm-eabi/lib/gnat/embedded-olimex_stm32_h405/gnat/a-except.adb:1679:7" }
edge: { sourcename: "__gnat_rcheck_CE_Range_Check_ext" targetname: "/Users/tommy/.local/share/alire/toolchains/gnat_arm_elf_15.1.2_6dad003a/arm-eabi/lib/gnat/embedded-olimex_stm32_h405/gnat/a-except.adb:ada__exceptions__rcheck_ce_range_check_ext___finalizer.8" label: "/Users/tommy/.local/share/alire/toolchains/gnat_arm_elf_15.1.2_6dad003a/arm-eabi/lib/gnat/embedded-olimex_stm32_h405/gnat/a-except.adb:1680:0" }
edge: { sourcename: "__gnat_rcheck_CE_Range_Check_ext" targetname: "_Unwind_Resume" }
node: { title: "__gnat_rcheck_PE_Finalize_Raised_Exception" label: "Rcheck_Pe_Finalize_Raised_Exception\n/Users/tommy/.local/share/alire/toolchains/gnat_arm_elf_15.1.2_6dad003a/arm-eabi/lib/gnat/embedded-olimex_stm32_h405/gnat/a-except.adb:1682:4\n24 bytes (static)\n0 dynamic objects" }
edge: { sourcename: "__gnat_rcheck_PE_Finalize_Raised_Exception" targetname: "ada__exceptions__exception_propagation__allocate_occurrenceXn" label: "/Users/tommy/.local/share/alire/toolchains/gnat_arm_elf_15.1.2_6dad003a/arm-eabi/lib/gnat/embedded-olimex_stm32_h405/gnat/a-except.adb:1685:48" }
edge: { sourcename: "__gnat_rcheck_PE_Finalize_Raised_Exception" targetname: "ada__exceptions__exception_data__set_exception_c_msgXn" label: "/Users/tommy/.local/share/alire/toolchains/gnat_arm_elf_15.1.2_6dad003a/arm-eabi/lib/gnat/embedded-olimex_stm32_h405/gnat/a-except.adb:1694:21" }
edge: { sourcename: "__gnat_rcheck_PE_Finalize_Raised_Exception" targetname: "ada__exceptions__complete_and_propagate_occurrence" label: "/Users/tommy/.local/share/alire/toolchains/gnat_arm_elf_15.1.2_6dad003a/arm-eabi/lib/gnat/embedded-olimex_stm32_h405/gnat/a-except.adb:1696:7" }
node: { title: "__gnat_reraise" label: "Reraise\n/Users/tommy/.local/share/alire/toolchains/gnat_arm_elf_15.1.2_6dad003a/arm-eabi/lib/gnat/embedded-olimex_stm32_h405/gnat/a-except.adb:1703:4\n16 bytes (static)\n0 dynamic objects" }
edge: { sourcename: "__gnat_reraise" targetname: "ada__exceptions__exception_propagation__allocate_occurrenceXn" label: "/Users/tommy/.local/share/alire/toolchains/gnat_arm_elf_15.1.2_6dad003a/arm-eabi/lib/gnat/embedded-olimex_stm32_h405/gnat/a-except.adb:1704:55" }
edge: { sourcename: "__gnat_reraise" targetname: "system__soft_links__get_current_excep_soft" label: "/Users/tommy/.local/share/alire/toolchains/gnat_arm_elf_15.1.2_6dad003a/arm-eabi/lib/gnat/embedded-olimex_stm32_h405/gnat/a-except.adb:1708:53" }
edge: { sourcename: "__gnat_reraise" targetname: "ada__exceptions__save_occurrence" label: "/Users/tommy/.local/share/alire/toolchains/gnat_arm_elf_15.1.2_6dad003a/arm-eabi/lib/gnat/embedded-olimex_stm32_h405/gnat/a-except.adb:1708:7" }
edge: { sourcename: "__gnat_reraise" targetname: "ada__exceptions__complete_and_propagate_occurrence" label: "/Users/tommy/.local/share/alire/toolchains/gnat_arm_elf_15.1.2_6dad003a/arm-eabi/lib/gnat/embedded-olimex_stm32_h405/gnat/a-except.adb:1710:7" }
node: { title: "__gnat_reraise_library_exception_if_any" label: "Reraise_Library_Exception_If_Any\n/Users/tommy/.local/share/alire/toolchains/gnat_arm_elf_15.1.2_6dad003a/arm-eabi/lib/gnat/embedded-olimex_stm32_h405/gnat/a-except.adb:1717:4\n432 bytes (static)\n0 dynamic objects" }
edge: { sourcename: "__gnat_reraise_library_exception_if_any" targetname: "memcpy" }
edge: { sourcename: "__gnat_reraise_library_exception_if_any" targetname: "ada__exceptions__raise_exception_no_defer" label: "/Users/tommy/.local/share/alire/toolchains/gnat_arm_elf_15.1.2_6dad003a/arm-eabi/lib/gnat/embedded-olimex_stm32_h405/gnat/a-except.adb:1725:13" }
edge: { sourcename: "__gnat_reraise_library_exception_if_any" targetname: "__gnat_raise_from_controlled_operation" label: "/Users/tommy/.local/share/alire/toolchains/gnat_arm_elf_15.1.2_6dad003a/arm-eabi/lib/gnat/embedded-olimex_stm32_h405/gnat/a-except.adb:1729:13" }
node: { title: "ada__exceptions__reraise_occurrence" label: "Reraise_Occurrence\n/Users/tommy/.local/share/alire/toolchains/gnat_arm_elf_15.1.2_6dad003a/arm-eabi/lib/gnat/embedded-olimex_stm32_h405/gnat/a-except.adb:1738:4\n8 bytes (static)\n0 dynamic objects" }
edge: { sourcename: "ada__exceptions__reraise_occurrence" targetname: "ada__exceptions__reraise_occurrence_always" label: "/Users/tommy/.local/share/alire/toolchains/gnat_arm_elf_15.1.2_6dad003a/arm-eabi/lib/gnat/embedded-olimex_stm32_h405/gnat/a-except.adb:1743:10" }
node: { title: "ada__exceptions__reraise_occurrence_always" label: "Reraise_Occurrence_Always\n/Users/tommy/.local/share/alire/toolchains/gnat_arm_elf_15.1.2_6dad003a/arm-eabi/lib/gnat/embedded-olimex_stm32_h405/gnat/a-except.adb:1751:4\n8 bytes (static)\n0 dynamic objects" }
edge: { sourcename: "ada__exceptions__reraise_occurrence_always" targetname: "ada__exceptions__reraise_occurrence_no_defer" label: "/Users/tommy/.local/share/alire/toolchains/gnat_arm_elf_15.1.2_6dad003a/arm-eabi/lib/gnat/embedded-olimex_stm32_h405/gnat/a-except.adb:1753:7" }
node: { title: "ada__exceptions__reraise_occurrence_no_defer" label: "Reraise_Occurrence_No_Defer\n/Users/tommy/.local/share/alire/toolchains/gnat_arm_elf_15.1.2_6dad003a/arm-eabi/lib/gnat/embedded-olimex_stm32_h405/gnat/a-except.adb:1760:4\n16 bytes (static)\n0 dynamic objects" }
edge: { sourcename: "ada__exceptions__reraise_occurrence_no_defer" targetname: "ada__exceptions__exception_propagation__propagate_exceptionXn" label: "/Users/tommy/.local/share/alire/toolchains/gnat_arm_elf_15.1.2_6dad003a/arm-eabi/lib/gnat/embedded-olimex_stm32_h405/gnat/a-except.adb:1768:31" }
edge: { sourcename: "ada__exceptions__reraise_occurrence_no_defer" targetname: "ada__exceptions__exception_propagation__allocate_occurrenceXn" label: "/Users/tommy/.local/share/alire/toolchains/gnat_arm_elf_15.1.2_6dad003a/arm-eabi/lib/gnat/embedded-olimex_stm32_h405/gnat/a-except.adb:1772:36" }
edge: { sourcename: "ada__exceptions__reraise_occurrence_no_defer" targetname: "ada__exceptions__save_occurrence" label: "/Users/tommy/.local/share/alire/toolchains/gnat_arm_elf_15.1.2_6dad003a/arm-eabi/lib/gnat/embedded-olimex_stm32_h405/gnat/a-except.adb:1775:13" }
edge: { sourcename: "ada__exceptions__reraise_occurrence_no_defer" targetname: "ada__exceptions__complete_and_propagate_occurrence" label: "/Users/tommy/.local/share/alire/toolchains/gnat_arm_elf_15.1.2_6dad003a/arm-eabi/lib/gnat/embedded-olimex_stm32_h405/gnat/a-except.adb:1777:13" }
node: { title: "ada__exceptions__save_occurrence" label: "Save_Occurrence\n/Users/tommy/.local/share/alire/toolchains/gnat_arm_elf_15.1.2_6dad003a/arm-eabi/lib/gnat/embedded-olimex_stm32_h405/gnat/a-except.adb:1786:4\n16 bytes (static)\n0 dynamic objects" }
edge: { sourcename: "ada__exceptions__save_occurrence" targetname: "memmove" label: "/Users/tommy/.local/share/alire/toolchains/gnat_arm_elf_15.1.2_6dad003a/arm-eabi/lib/gnat/embedded-olimex_stm32_h405/gnat/a-except.adb:1801:43" }
edge: { sourcename: "ada__exceptions__save_occurrence" targetname: "memmove" label: "/Users/tommy/.local/share/alire/toolchains/gnat_arm_elf_15.1.2_6dad003a/arm-eabi/lib/gnat/embedded-olimex_stm32_h405/gnat/a-except.adb:1804:54" }
node: { title: "ada__exceptions__save_occurrence__2" label: "Save_Occurrence\n/Users/tommy/.local/share/alire/toolchains/gnat_arm_elf_15.1.2_6dad003a/arm-eabi/lib/gnat/embedded-olimex_stm32_h405/gnat/a-except.adb:1808:4\n16 bytes (static)\n0 dynamic objects" }
node: { title: "__gnat_malloc" label: "gnat_malloc\n<built-in>" shape : ellipse }
edge: { sourcename: "ada__exceptions__save_occurrence__2" targetname: "__gnat_malloc" label: "/Users/tommy/.local/share/alire/toolchains/gnat_arm_elf_15.1.2_6dad003a/arm-eabi/lib/gnat/embedded-olimex_stm32_h405/gnat/a-except.adb:1809:32" }
edge: { sourcename: "ada__exceptions__save_occurrence__2" targetname: "ada__exceptions__exception_occurrenceIP" label: "/Users/tommy/.local/share/alire/toolchains/gnat_arm_elf_15.1.2_6dad003a/arm-eabi/lib/gnat/embedded-olimex_stm32_h405/gnat/a-except.adb:1809:32" }
edge: { sourcename: "ada__exceptions__save_occurrence__2" targetname: "ada__exceptions__save_occurrence" label: "/Users/tommy/.local/share/alire/toolchains/gnat_arm_elf_15.1.2_6dad003a/arm-eabi/lib/gnat/embedded-olimex_stm32_h405/gnat/a-except.adb:1811:7" }
node: { title: "ada__exceptions__string_to_eid" label: "String_To_Eid\n/Users/tommy/.local/share/alire/toolchains/gnat_arm_elf_15.1.2_6dad003a/arm-eabi/lib/gnat/embedded-olimex_stm32_h405/gnat/a-except.adb:1819:13\n8 bytes (static)\n0 dynamic objects" }
edge: { sourcename: "ada__exceptions__string_to_eid" targetname: "ada__exceptions__stream_attributes__string_to_eidXn" label: "/Users/tommy/.local/share/alire/toolchains/gnat_arm_elf_15.1.2_6dad003a/arm-eabi/lib/gnat/embedded-olimex_stm32_h405/gnat/a-except.adb:1819:13" }
node: { title: "ada__exceptions__string_to_eo" label: "String_To_Eo\n/Users/tommy/.local/share/alire/toolchains/gnat_arm_elf_15.1.2_6dad003a/arm-eabi/lib/gnat/embedded-olimex_stm32_h405/gnat/a-except.adb:1826:13\n8 bytes (static)\n0 dynamic objects" }
edge: { sourcename: "ada__exceptions__string_to_eo" targetname: "ada__exceptions__stream_attributes__string_to_eoXn" label: "/Users/tommy/.local/share/alire/toolchains/gnat_arm_elf_15.1.2_6dad003a/arm-eabi/lib/gnat/embedded-olimex_stm32_h405/gnat/a-except.adb:1826:13" }
node: { title: "__gnat_to_stderr_char" label: "To_Stderr\n/Users/tommy/.local/share/alire/toolchains/gnat_arm_elf_15.1.2_6dad003a/arm-eabi/lib/gnat/embedded-olimex_stm32_h405/gnat/a-except.adb:1833:4\n8 bytes (static)\n0 dynamic objects" }
node: { title: "put_char_stderr" label: "Put_Char_Stderr\n/Users/tommy/.local/share/alire/toolchains/gnat_arm_elf_15.1.2_6dad003a/arm-eabi/lib/gnat/embedded-olimex_stm32_h405/gnat/a-except.adb:1834:17" shape : ellipse }
edge: { sourcename: "__gnat_to_stderr_char" targetname: "put_char_stderr" label: "/Users/tommy/.local/share/alire/toolchains/gnat_arm_elf_15.1.2_6dad003a/arm-eabi/lib/gnat/embedded-olimex_stm32_h405/gnat/a-except.adb:1837:7" }
node: { title: "__gnat_to_stderr" label: "To_Stderr\n/Users/tommy/.local/share/alire/toolchains/gnat_arm_elf_15.1.2_6dad003a/arm-eabi/lib/gnat/embedded-olimex_stm32_h405/gnat/a-except.adb:1840:4\n16 bytes (static)\n0 dynamic objects" }
edge: { sourcename: "__gnat_to_stderr" targetname: "__gnat_to_stderr_char" label: "/Users/tommy/.local/share/alire/toolchains/gnat_arm_elf_15.1.2_6dad003a/arm-eabi/lib/gnat/embedded-olimex_stm32_h405/gnat/a-except.adb:1844:13" }
node: { title: "__gnat_transfer_occurrence" label: "Transfer_Occurrence\n/Users/tommy/.local/share/alire/toolchains/gnat_arm_elf_15.1.2_6dad003a/arm-eabi/lib/gnat/embedded-olimex_stm32_h405/gnat/a-except.adb:1853:4\n8 bytes (static)\n0 dynamic objects" }
edge: { sourcename: "__gnat_transfer_occurrence" targetname: "ada__exceptions__save_occurrence" label: "/Users/tommy/.local/share/alire/toolchains/gnat_arm_elf_15.1.2_6dad003a/arm-eabi/lib/gnat/embedded-olimex_stm32_h405/gnat/a-except.adb:1858:7" }
node: { title: "ada__exceptions__triggered_by_abort" label: "Triggered_By_Abort\n/Users/tommy/.local/share/alire/toolchains/gnat_arm_elf_15.1.2_6dad003a/arm-eabi/lib/gnat/embedded-olimex_stm32_h405/gnat/a-except.adb:1865:4\n8 bytes (static)\n0 dynamic objects" }
edge: { sourcename: "ada__exceptions__triggered_by_abort" targetname: "system__soft_links__get_current_excep_soft" label: "/Users/tommy/.local/share/alire/toolchains/gnat_arm_elf_15.1.2_6dad003a/arm-eabi/lib/gnat/embedded-olimex_stm32_h405/gnat/a-except.adb:1866:70" }
edge: { sourcename: "ada__exceptions__triggered_by_abort" targetname: "ada__exceptions__exception_identity" label: "/Users/tommy/.local/share/alire/toolchains/gnat_arm_elf_15.1.2_6dad003a/arm-eabi/lib/gnat/embedded-olimex_stm32_h405/gnat/a-except.adb:1869:18" }
node: { title: "ada__exceptions__wide_exception_name" label: "Wide_Exception_Name\n/Users/tommy/.local/share/alire/toolchains/gnat_arm_elf_15.1.2_6dad003a/arm-eabi/lib/gnat/embedded-olimex_stm32_h405/gnat/a-except.adb:1880:4\n56 bytes (dynamic)\n1 dynamic objects\n W /Users/tommy/.local/share/alire/toolchains/gnat_arm_elf_15.1.2_6dad003a/arm-eabi/lib/gnat/embedded-olimex_stm32_h405/gnat/a-except.adb:1884:7" }
edge: { sourcename: "ada__exceptions__wide_exception_name" targetname: "ada__exceptions__exception_name" label: "/Users/tommy/.local/share/alire/toolchains/gnat_arm_elf_15.1.2_6dad003a/arm-eabi/lib/gnat/embedded-olimex_stm32_h405/gnat/a-except.adb:1883:30" }
node: { title: "system__wch_con__get_wc_encoding_method" label: "Get_Wc_Encoding_Method\n/Users/tommy/.local/share/alire/toolchains/gnat_arm_elf_15.1.2_6dad003a/arm-eabi/lib/gnat/embedded-olimex_stm32_h405/gnat/s-wchcon.ads:201:13" shape : ellipse }
edge: { sourcename: "ada__exceptions__wide_exception_name" targetname: "system__wch_con__get_wc_encoding_method" label: "/Users/tommy/.local/share/alire/toolchains/gnat_arm_elf_15.1.2_6dad003a/arm-eabi/lib/gnat/embedded-olimex_stm32_h405/gnat/a-except.adb:1887:7" }
node: { title: "system__wch_stw__string_to_wide_string" label: "String_To_Wide_String\n/Users/tommy/.local/share/alire/toolchains/gnat_arm_elf_15.1.2_6dad003a/arm-eabi/lib/gnat/embedded-olimex_stm32_h405/gnat/s-wchstw.ads:40:14" shape : ellipse }
edge: { sourcename: "ada__exceptions__wide_exception_name" targetname: "system__wch_stw__string_to_wide_string" label: "/Users/tommy/.local/share/alire/toolchains/gnat_arm_elf_15.1.2_6dad003a/arm-eabi/lib/gnat/embedded-olimex_stm32_h405/gnat/a-except.adb:1887:7" }
edge: { sourcename: "ada__exceptions__wide_exception_name" targetname: "system__secondary_stack__ss_allocate" label: "/Users/tommy/.local/share/alire/toolchains/gnat_arm_elf_15.1.2_6dad003a/arm-eabi/lib/gnat/embedded-olimex_stm32_h405/gnat/a-except.adb:1889:7" }
edge: { sourcename: "ada__exceptions__wide_exception_name" targetname: "memcpy" }
node: { title: "ada__exceptions__wide_exception_name__2" label: "Wide_Exception_Name\n/Users/tommy/.local/share/alire/toolchains/gnat_arm_elf_15.1.2_6dad003a/arm-eabi/lib/gnat/embedded-olimex_stm32_h405/gnat/a-except.adb:1892:4\n56 bytes (dynamic)\n1 dynamic objects\n W /Users/tommy/.local/share/alire/toolchains/gnat_arm_elf_15.1.2_6dad003a/arm-eabi/lib/gnat/embedded-olimex_stm32_h405/gnat/a-except.adb:1896:7" }
edge: { sourcename: "ada__exceptions__wide_exception_name__2" targetname: "ada__exceptions__exception_name__2" label: "/Users/tommy/.local/share/alire/toolchains/gnat_arm_elf_15.1.2_6dad003a/arm-eabi/lib/gnat/embedded-olimex_stm32_h405/gnat/a-except.adb:1895:30" }
edge: { sourcename: "ada__exceptions__wide_exception_name__2" targetname: "system__wch_con__get_wc_encoding_method" label: "/Users/tommy/.local/share/alire/toolchains/gnat_arm_elf_15.1.2_6dad003a/arm-eabi/lib/gnat/embedded-olimex_stm32_h405/gnat/a-except.adb:1899:7" }
edge: { sourcename: "ada__exceptions__wide_exception_name__2" targetname: "system__wch_stw__string_to_wide_string" label: "/Users/tommy/.local/share/alire/toolchains/gnat_arm_elf_15.1.2_6dad003a/arm-eabi/lib/gnat/embedded-olimex_stm32_h405/gnat/a-except.adb:1899:7" }
edge: { sourcename: "ada__exceptions__wide_exception_name__2" targetname: "system__secondary_stack__ss_allocate" label: "/Users/tommy/.local/share/alire/toolchains/gnat_arm_elf_15.1.2_6dad003a/arm-eabi/lib/gnat/embedded-olimex_stm32_h405/gnat/a-except.adb:1901:7" }
edge: { sourcename: "ada__exceptions__wide_exception_name__2" targetname: "memcpy" }
node: { title: "ada__exceptions__wide_wide_exception_name" label: "Wide_Wide_Exception_Name\n/Users/tommy/.local/share/alire/toolchains/gnat_arm_elf_15.1.2_6dad003a/arm-eabi/lib/gnat/embedded-olimex_stm32_h405/gnat/a-except.adb:1908:4\n56 bytes (dynamic)\n1 dynamic objects\n W /Users/tommy/.local/share/alire/toolchains/gnat_arm_elf_15.1.2_6dad003a/arm-eabi/lib/gnat/embedded-olimex_stm32_h405/gnat/a-except.adb:1912:7" }
edge: { sourcename: "ada__exceptions__wide_wide_exception_name" targetname: "ada__exceptions__exception_name" label: "/Users/tommy/.local/share/alire/toolchains/gnat_arm_elf_15.1.2_6dad003a/arm-eabi/lib/gnat/embedded-olimex_stm32_h405/gnat/a-except.adb:1911:30" }
edge: { sourcename: "ada__exceptions__wide_wide_exception_name" targetname: "system__wch_con__get_wc_encoding_method" label: "/Users/tommy/.local/share/alire/toolchains/gnat_arm_elf_15.1.2_6dad003a/arm-eabi/lib/gnat/embedded-olimex_stm32_h405/gnat/a-except.adb:1915:7" }
node: { title: "system__wch_stw__string_to_wide_wide_string" label: "String_To_Wide_Wide_String\n/Users/tommy/.local/share/alire/toolchains/gnat_arm_elf_15.1.2_6dad003a/arm-eabi/lib/gnat/embedded-olimex_stm32_h405/gnat/s-wchstw.ads:62:14" shape : ellipse }
edge: { sourcename: "ada__exceptions__wide_wide_exception_name" targetname: "system__wch_stw__string_to_wide_wide_string" label: "/Users/tommy/.local/share/alire/toolchains/gnat_arm_elf_15.1.2_6dad003a/arm-eabi/lib/gnat/embedded-olimex_stm32_h405/gnat/a-except.adb:1915:7" }
edge: { sourcename: "ada__exceptions__wide_wide_exception_name" targetname: "system__secondary_stack__ss_allocate" label: "/Users/tommy/.local/share/alire/toolchains/gnat_arm_elf_15.1.2_6dad003a/arm-eabi/lib/gnat/embedded-olimex_stm32_h405/gnat/a-except.adb:1917:7" }
edge: { sourcename: "ada__exceptions__wide_wide_exception_name" targetname: "memcpy" }
node: { title: "ada__exceptions__wide_wide_exception_name__2" label: "Wide_Wide_Exception_Name\n/Users/tommy/.local/share/alire/toolchains/gnat_arm_elf_15.1.2_6dad003a/arm-eabi/lib/gnat/embedded-olimex_stm32_h405/gnat/a-except.adb:1920:4\n56 bytes (dynamic)\n1 dynamic objects\n W /Users/tommy/.local/share/alire/toolchains/gnat_arm_elf_15.1.2_6dad003a/arm-eabi/lib/gnat/embedded-olimex_stm32_h405/gnat/a-except.adb:1924:7" }
edge: { sourcename: "ada__exceptions__wide_wide_exception_name__2" targetname: "ada__exceptions__exception_name__2" label: "/Users/tommy/.local/share/alire/toolchains/gnat_arm_elf_15.1.2_6dad003a/arm-eabi/lib/gnat/embedded-olimex_stm32_h405/gnat/a-except.adb:1923:30" }
edge: { sourcename: "ada__exceptions__wide_wide_exception_name__2" targetname: "system__wch_con__get_wc_encoding_method" label: "/Users/tommy/.local/share/alire/toolchains/gnat_arm_elf_15.1.2_6dad003a/arm-eabi/lib/gnat/embedded-olimex_stm32_h405/gnat/a-except.adb:1927:7" }
edge: { sourcename: "ada__exceptions__wide_wide_exception_name__2" targetname: "system__wch_stw__string_to_wide_wide_string" label: "/Users/tommy/.local/share/alire/toolchains/gnat_arm_elf_15.1.2_6dad003a/arm-eabi/lib/gnat/embedded-olimex_stm32_h405/gnat/a-except.adb:1927:7" }
edge: { sourcename: "ada__exceptions__wide_wide_exception_name__2" targetname: "system__secondary_stack__ss_allocate" label: "/Users/tommy/.local/share/alire/toolchains/gnat_arm_elf_15.1.2_6dad003a/arm-eabi/lib/gnat/embedded-olimex_stm32_h405/gnat/a-except.adb:1929:7" }
edge: { sourcename: "ada__exceptions__wide_wide_exception_name__2" targetname: "memcpy" }
node: { title: "ada__exceptions__zzz" label: "Zzz\n/Users/tommy/.local/share/alire/toolchains/gnat_arm_elf_15.1.2_6dad003a/arm-eabi/lib/gnat/embedded-olimex_stm32_h405/gnat/a-except.adb:1940:4\n0 bytes (static)\n0 dynamic objects" }
node: { title: "ada__exceptions___elabs" label: "Exceptions\n/Users/tommy/.local/share/alire/toolchains/gnat_arm_elf_15.1.2_6dad003a/arm-eabi/lib/gnat/embedded-olimex_stm32_h405/gnat/a-except.ads:44:1\n16 bytes (static)\n0 dynamic objects" }
edge: { sourcename: "ada__exceptions___elabs" targetname: "memcpy" }
node: { title: "memset" label: "builtin_memset\n<built-in>" shape : ellipse }
edge: { sourcename: "ada__exceptions___elabs" targetname: "memset" }
}
