graph: { title: "/Users/tommy/.local/share/alire/toolchains/gnat_arm_elf_15.1.2_6dad003a/arm-eabi/lib/gnat/embedded-olimex_stm32_h405/gnat/a-strfix.adb"
node: { title: "ada__strings__fixed__index__3" label: "Index\n/Users/tommy/.local/share/alire/toolchains/gnat_arm_elf_15.1.2_6dad003a/arm-eabi/lib/gnat/embedded-olimex_stm32_h405/gnat/a-strfix.adb:57:13\n0 bytes (static)\n0 dynamic objects" }
node: { title: "ada__strings__search__index" label: "Index\n/Users/tommy/.local/share/alire/toolchains/gnat_arm_elf_15.1.2_6dad003a/arm-eabi/lib/gnat/embedded-olimex_stm32_h405/gnat/a-strsea.ads:108:13" shape : ellipse }
edge: { sourcename: "ada__strings__fixed__index__3" targetname: "ada__strings__search__index" label: "/Users/tommy/.local/share/alire/toolchains/gnat_arm_elf_15.1.2_6dad003a/arm-eabi/lib/gnat/embedded-olimex_stm32_h405/gnat/a-strfix.adb:57:13" }
node: { title: "ada__strings__fixed__index__4" label: "Index\n/Users/tommy/.local/share/alire/toolchains/gnat_arm_elf_15.1.2_6dad003a/arm-eabi/lib/gnat/embedded-olimex_stm32_h405/gnat/a-strfix.adb:64:13\n0 bytes (static)\n0 dynamic objects" }
node: { title: "ada__strings__search__index__2" label: "Index\n/Users/tommy/.local/share/alire/toolchains/gnat_arm_elf_15.1.2_6dad003a/arm-eabi/lib/gnat/embedded-olimex_stm32_h405/gnat/a-strsea.ads:158:13" shape : ellipse }
edge: { sourcename: "ada__strings__fixed__index__4" targetname: "ada__strings__search__index__2" label: "/Users/tommy/.local/share/alire/toolchains/gnat_arm_elf_15.1.2_6dad003a/arm-eabi/lib/gnat/embedded-olimex_stm32_h405/gnat/a-strfix.adb:64:13" }
node: { title: "ada__strings__fixed__index__5" label: "Index\n/Users/tommy/.local/share/alire/toolchains/gnat_arm_elf_15.1.2_6dad003a/arm-eabi/lib/gnat/embedded-olimex_stm32_h405/gnat/a-strfix.adb:71:13\n0 bytes (static)\n0 dynamic objects" }
node: { title: "ada__strings__search__index__3" label: "Index\n/Users/tommy/.local/share/alire/toolchains/gnat_arm_elf_15.1.2_6dad003a/arm-eabi/lib/gnat/embedded-olimex_stm32_h405/gnat/a-strsea.ads:205:13" shape : ellipse }
edge: { sourcename: "ada__strings__fixed__index__5" targetname: "ada__strings__search__index__3" label: "/Users/tommy/.local/share/alire/toolchains/gnat_arm_elf_15.1.2_6dad003a/arm-eabi/lib/gnat/embedded-olimex_stm32_h405/gnat/a-strfix.adb:71:13" }
node: { title: "ada__strings__fixed__index__2" label: "Index\n/Users/tommy/.local/share/alire/toolchains/gnat_arm_elf_15.1.2_6dad003a/arm-eabi/lib/gnat/embedded-olimex_stm32_h405/gnat/a-strfix.adb:78:13\n0 bytes (static)\n0 dynamic objects" }
node: { title: "ada__strings__search__index__4" label: "Index\n/Users/tommy/.local/share/alire/toolchains/gnat_arm_elf_15.1.2_6dad003a/arm-eabi/lib/gnat/embedded-olimex_stm32_h405/gnat/a-strsea.ads:248:13" shape : ellipse }
edge: { sourcename: "ada__strings__fixed__index__2" targetname: "ada__strings__search__index__4" label: "/Users/tommy/.local/share/alire/toolchains/gnat_arm_elf_15.1.2_6dad003a/arm-eabi/lib/gnat/embedded-olimex_stm32_h405/gnat/a-strfix.adb:78:13" }
node: { title: "ada__strings__fixed__index" label: "Index\n/Users/tommy/.local/share/alire/toolchains/gnat_arm_elf_15.1.2_6dad003a/arm-eabi/lib/gnat/embedded-olimex_stm32_h405/gnat/a-strfix.adb:86:13\n0 bytes (static)\n0 dynamic objects" }
node: { title: "ada__strings__search__index__5" label: "Index\n/Users/tommy/.local/share/alire/toolchains/gnat_arm_elf_15.1.2_6dad003a/arm-eabi/lib/gnat/embedded-olimex_stm32_h405/gnat/a-strsea.ads:305:13" shape : ellipse }
edge: { sourcename: "ada__strings__fixed__index" targetname: "ada__strings__search__index__5" label: "/Users/tommy/.local/share/alire/toolchains/gnat_arm_elf_15.1.2_6dad003a/arm-eabi/lib/gnat/embedded-olimex_stm32_h405/gnat/a-strfix.adb:86:13" }
node: { title: "ada__strings__fixed__index__6" label: "Index\n/Users/tommy/.local/share/alire/toolchains/gnat_arm_elf_15.1.2_6dad003a/arm-eabi/lib/gnat/embedded-olimex_stm32_h405/gnat/a-strfix.adb:94:13\n0 bytes (static)\n0 dynamic objects" }
node: { title: "ada__strings__search__index__6" label: "Index\n/Users/tommy/.local/share/alire/toolchains/gnat_arm_elf_15.1.2_6dad003a/arm-eabi/lib/gnat/embedded-olimex_stm32_h405/gnat/a-strsea.ads:363:13" shape : ellipse }
edge: { sourcename: "ada__strings__fixed__index__6" targetname: "ada__strings__search__index__6" label: "/Users/tommy/.local/share/alire/toolchains/gnat_arm_elf_15.1.2_6dad003a/arm-eabi/lib/gnat/embedded-olimex_stm32_h405/gnat/a-strfix.adb:94:13" }
node: { title: "ada__strings__fixed__index_non_blank__2" label: "Index_Non_Blank\n/Users/tommy/.local/share/alire/toolchains/gnat_arm_elf_15.1.2_6dad003a/arm-eabi/lib/gnat/embedded-olimex_stm32_h405/gnat/a-strfix.adb:102:13\n0 bytes (static)\n0 dynamic objects" }
node: { title: "ada__strings__search__index_non_blank" label: "Index_Non_Blank\n/Users/tommy/.local/share/alire/toolchains/gnat_arm_elf_15.1.2_6dad003a/arm-eabi/lib/gnat/embedded-olimex_stm32_h405/gnat/a-strsea.ads:418:13" shape : ellipse }
edge: { sourcename: "ada__strings__fixed__index_non_blank__2" targetname: "ada__strings__search__index_non_blank" label: "/Users/tommy/.local/share/alire/toolchains/gnat_arm_elf_15.1.2_6dad003a/arm-eabi/lib/gnat/embedded-olimex_stm32_h405/gnat/a-strfix.adb:102:13" }
node: { title: "ada__strings__fixed__index_non_blank" label: "Index_Non_Blank\n/Users/tommy/.local/share/alire/toolchains/gnat_arm_elf_15.1.2_6dad003a/arm-eabi/lib/gnat/embedded-olimex_stm32_h405/gnat/a-strfix.adb:107:13\n0 bytes (static)\n0 dynamic objects" }
node: { title: "ada__strings__search__index_non_blank__2" label: "Index_Non_Blank\n/Users/tommy/.local/share/alire/toolchains/gnat_arm_elf_15.1.2_6dad003a/arm-eabi/lib/gnat/embedded-olimex_stm32_h405/gnat/a-strsea.ads:454:13" shape : ellipse }
edge: { sourcename: "ada__strings__fixed__index_non_blank" targetname: "ada__strings__search__index_non_blank__2" label: "/Users/tommy/.local/share/alire/toolchains/gnat_arm_elf_15.1.2_6dad003a/arm-eabi/lib/gnat/embedded-olimex_stm32_h405/gnat/a-strfix.adb:107:13" }
node: { title: "ada__strings__fixed__count" label: "Count\n/Users/tommy/.local/share/alire/toolchains/gnat_arm_elf_15.1.2_6dad003a/arm-eabi/lib/gnat/embedded-olimex_stm32_h405/gnat/a-strfix.adb:113:13\n0 bytes (static)\n0 dynamic objects" }
node: { title: "ada__strings__search__count" label: "Count\n/Users/tommy/.local/share/alire/toolchains/gnat_arm_elf_15.1.2_6dad003a/arm-eabi/lib/gnat/embedded-olimex_stm32_h405/gnat/a-strsea.ads:503:13" shape : ellipse }
edge: { sourcename: "ada__strings__fixed__count" targetname: "ada__strings__search__count" label: "/Users/tommy/.local/share/alire/toolchains/gnat_arm_elf_15.1.2_6dad003a/arm-eabi/lib/gnat/embedded-olimex_stm32_h405/gnat/a-strfix.adb:113:13" }
node: { title: "ada__strings__fixed__count__2" label: "Count\n/Users/tommy/.local/share/alire/toolchains/gnat_arm_elf_15.1.2_6dad003a/arm-eabi/lib/gnat/embedded-olimex_stm32_h405/gnat/a-strfix.adb:119:13\n0 bytes (static)\n0 dynamic objects" }
node: { title: "ada__strings__search__count__2" label: "Count\n/Users/tommy/.local/share/alire/toolchains/gnat_arm_elf_15.1.2_6dad003a/arm-eabi/lib/gnat/embedded-olimex_stm32_h405/gnat/a-strsea.ads:511:13" shape : ellipse }
edge: { sourcename: "ada__strings__fixed__count__2" targetname: "ada__strings__search__count__2" label: "/Users/tommy/.local/share/alire/toolchains/gnat_arm_elf_15.1.2_6dad003a/arm-eabi/lib/gnat/embedded-olimex_stm32_h405/gnat/a-strfix.adb:119:13" }
node: { title: "ada__strings__fixed__count__3" label: "Count\n/Users/tommy/.local/share/alire/toolchains/gnat_arm_elf_15.1.2_6dad003a/arm-eabi/lib/gnat/embedded-olimex_stm32_h405/gnat/a-strfix.adb:125:13\n0 bytes (static)\n0 dynamic objects" }
node: { title: "ada__strings__search__count__3" label: "Count\n/Users/tommy/.local/share/alire/toolchains/gnat_arm_elf_15.1.2_6dad003a/arm-eabi/lib/gnat/embedded-olimex_stm32_h405/gnat/a-strsea.ads:519:13" shape : ellipse }
edge: { sourcename: "ada__strings__fixed__count__3" targetname: "ada__strings__search__count__3" label: "/Users/tommy/.local/share/alire/toolchains/gnat_arm_elf_15.1.2_6dad003a/arm-eabi/lib/gnat/embedded-olimex_stm32_h405/gnat/a-strfix.adb:125:13" }
node: { title: "ada__strings__fixed__find_token" label: "Find_Token\n/Users/tommy/.local/share/alire/toolchains/gnat_arm_elf_15.1.2_6dad003a/arm-eabi/lib/gnat/embedded-olimex_stm32_h405/gnat/a-strfix.adb:130:14\n24 bytes (static)\n0 dynamic objects" }
node: { title: "ada__strings__search__find_token" label: "Find_Token\n/Users/tommy/.local/share/alire/toolchains/gnat_arm_elf_15.1.2_6dad003a/arm-eabi/lib/gnat/embedded-olimex_stm32_h405/gnat/a-strsea.ads:525:14" shape : ellipse }
edge: { sourcename: "ada__strings__fixed__find_token" targetname: "ada__strings__search__find_token" label: "/Users/tommy/.local/share/alire/toolchains/gnat_arm_elf_15.1.2_6dad003a/arm-eabi/lib/gnat/embedded-olimex_stm32_h405/gnat/a-strfix.adb:130:14" }
node: { title: "ada__strings__fixed__find_token__2" label: "Find_Token\n/Users/tommy/.local/share/alire/toolchains/gnat_arm_elf_15.1.2_6dad003a/arm-eabi/lib/gnat/embedded-olimex_stm32_h405/gnat/a-strfix.adb:139:14\n24 bytes (static)\n0 dynamic objects" }
node: { title: "ada__strings__search__find_token__2" label: "Find_Token\n/Users/tommy/.local/share/alire/toolchains/gnat_arm_elf_15.1.2_6dad003a/arm-eabi/lib/gnat/embedded-olimex_stm32_h405/gnat/a-strsea.ads:579:14" shape : ellipse }
edge: { sourcename: "ada__strings__fixed__find_token__2" targetname: "ada__strings__search__find_token__2" label: "/Users/tommy/.local/share/alire/toolchains/gnat_arm_elf_15.1.2_6dad003a/arm-eabi/lib/gnat/embedded-olimex_stm32_h405/gnat/a-strfix.adb:139:14" }
node: { title: "ada__strings__fixed__Omultiply" label: "*\n/Users/tommy/.local/share/alire/toolchains/gnat_arm_elf_15.1.2_6dad003a/arm-eabi/lib/gnat/embedded-olimex_stm32_h405/gnat/a-strfix.adb:151:4\n24 bytes (static)\n0 dynamic objects" }
node: { title: "system__secondary_stack__ss_allocate" label: "Ss_Allocate\n/Users/tommy/.local/share/alire/toolchains/gnat_arm_elf_15.1.2_6dad003a/arm-eabi/lib/gnat/embedded-olimex_stm32_h405/gnat/s-secsta.ads:114:14" shape : ellipse }
edge: { sourcename: "ada__strings__fixed__Omultiply" targetname: "system__secondary_stack__ss_allocate" label: "/Users/tommy/.local/share/alire/toolchains/gnat_arm_elf_15.1.2_6dad003a/arm-eabi/lib/gnat/embedded-olimex_stm32_h405/gnat/a-strfix.adb:156:14" }
node: { title: "ada__strings__fixed__Omultiply__2" label: "*\n/Users/tommy/.local/share/alire/toolchains/gnat_arm_elf_15.1.2_6dad003a/arm-eabi/lib/gnat/embedded-olimex_stm32_h405/gnat/a-strfix.adb:166:4\n40 bytes (static)\n0 dynamic objects" }
edge: { sourcename: "ada__strings__fixed__Omultiply__2" targetname: "system__secondary_stack__ss_allocate" label: "/Users/tommy/.local/share/alire/toolchains/gnat_arm_elf_15.1.2_6dad003a/arm-eabi/lib/gnat/embedded-olimex_stm32_h405/gnat/a-strfix.adb:232:10" }
edge: { sourcename: "ada__strings__fixed__Omultiply__2" targetname: "system__secondary_stack__ss_allocate" label: "/Users/tommy/.local/share/alire/toolchains/gnat_arm_elf_15.1.2_6dad003a/arm-eabi/lib/gnat/embedded-olimex_stm32_h405/gnat/a-strfix.adb:235:14" }
node: { title: "memmove" label: "builtin_memmove\n<built-in>" shape : ellipse }
edge: { sourcename: "ada__strings__fixed__Omultiply__2" targetname: "memmove" label: "/Users/tommy/.local/share/alire/toolchains/gnat_arm_elf_15.1.2_6dad003a/arm-eabi/lib/gnat/embedded-olimex_stm32_h405/gnat/a-strfix.adb:239:52" }
node: { title: "ada__strings__fixed__delete" label: "Delete\n/Users/tommy/.local/share/alire/toolchains/gnat_arm_elf_15.1.2_6dad003a/arm-eabi/lib/gnat/embedded-olimex_stm32_h405/gnat/a-strfix.adb:255:4\n40 bytes (static)\n0 dynamic objects" }
edge: { sourcename: "ada__strings__fixed__delete" targetname: "system__secondary_stack__ss_allocate" label: "/Users/tommy/.local/share/alire/toolchains/gnat_arm_elf_15.1.2_6dad003a/arm-eabi/lib/gnat/embedded-olimex_stm32_h405/gnat/a-strfix.adb:266:13" }
node: { title: "memcpy" label: "builtin_memcpy\n<built-in>" shape : ellipse }
edge: { sourcename: "ada__strings__fixed__delete" targetname: "memcpy" }
edge: { sourcename: "ada__strings__fixed__delete" targetname: "system__secondary_stack__ss_allocate" label: "/Users/tommy/.local/share/alire/toolchains/gnat_arm_elf_15.1.2_6dad003a/arm-eabi/lib/gnat/embedded-olimex_stm32_h405/gnat/a-strfix.adb:282:20" }
edge: { sourcename: "ada__strings__fixed__delete" targetname: "memmove" label: "/Users/tommy/.local/share/alire/toolchains/gnat_arm_elf_15.1.2_6dad003a/arm-eabi/lib/gnat/embedded-olimex_stm32_h405/gnat/a-strfix.adb:285:40" }
edge: { sourcename: "ada__strings__fixed__delete" targetname: "memmove" label: "/Users/tommy/.local/share/alire/toolchains/gnat_arm_elf_15.1.2_6dad003a/arm-eabi/lib/gnat/embedded-olimex_stm32_h405/gnat/a-strfix.adb:289:57" }
node: { title: "ada__strings__fixed__head" label: "Head\n/Users/tommy/.local/share/alire/toolchains/gnat_arm_elf_15.1.2_6dad003a/arm-eabi/lib/gnat/embedded-olimex_stm32_h405/gnat/a-strfix.adb:315:4\n40 bytes (static)\n0 dynamic objects" }
edge: { sourcename: "ada__strings__fixed__head" targetname: "system__secondary_stack__ss_allocate" label: "/Users/tommy/.local/share/alire/toolchains/gnat_arm_elf_15.1.2_6dad003a/arm-eabi/lib/gnat/embedded-olimex_stm32_h405/gnat/a-strfix.adb:324:10" }
edge: { sourcename: "ada__strings__fixed__head" targetname: "memcpy" }
edge: { sourcename: "ada__strings__fixed__head" targetname: "system__secondary_stack__ss_allocate" label: "/Users/tommy/.local/share/alire/toolchains/gnat_arm_elf_15.1.2_6dad003a/arm-eabi/lib/gnat/embedded-olimex_stm32_h405/gnat/a-strfix.adb:328:17" }
edge: { sourcename: "ada__strings__fixed__head" targetname: "memcpy" }
node: { title: "ada__strings__fixed__insert" label: "Insert\n/Users/tommy/.local/share/alire/toolchains/gnat_arm_elf_15.1.2_6dad003a/arm-eabi/lib/gnat/embedded-olimex_stm32_h405/gnat/a-strfix.adb:359:4\n48 bytes (static)\n0 dynamic objects" }
node: { title: "__gnat_raise_exception" label: "Raise_Exception_Always\n/Users/tommy/.local/share/alire/toolchains/gnat_arm_elf_15.1.2_6dad003a/arm-eabi/lib/gnat/embedded-olimex_stm32_h405/gnat/a-except.ads:186:14" shape : ellipse }
edge: { sourcename: "ada__strings__fixed__insert" targetname: "__gnat_raise_exception" label: "/Users/tommy/.local/share/alire/toolchains/gnat_arm_elf_15.1.2_6dad003a/arm-eabi/lib/gnat/embedded-olimex_stm32_h405/gnat/a-strfix.adb:368:10" }
edge: { sourcename: "ada__strings__fixed__insert" targetname: "system__secondary_stack__ss_allocate" label: "/Users/tommy/.local/share/alire/toolchains/gnat_arm_elf_15.1.2_6dad003a/arm-eabi/lib/gnat/embedded-olimex_stm32_h405/gnat/a-strfix.adb:371:14" }
edge: { sourcename: "ada__strings__fixed__insert" targetname: "memmove" label: "/Users/tommy/.local/share/alire/toolchains/gnat_arm_elf_15.1.2_6dad003a/arm-eabi/lib/gnat/embedded-olimex_stm32_h405/gnat/a-strfix.adb:374:30" }
edge: { sourcename: "ada__strings__fixed__insert" targetname: "memcpy" }
edge: { sourcename: "ada__strings__fixed__insert" targetname: "memmove" label: "/Users/tommy/.local/share/alire/toolchains/gnat_arm_elf_15.1.2_6dad003a/arm-eabi/lib/gnat/embedded-olimex_stm32_h405/gnat/a-strfix.adb:389:65" }
node: { title: "ada__strings__fixed__move" label: "Move\n/Users/tommy/.local/share/alire/toolchains/gnat_arm_elf_15.1.2_6dad003a/arm-eabi/lib/gnat/embedded-olimex_stm32_h405/gnat/a-strfix.adb:415:4\n40 bytes (static)\n0 dynamic objects" }
edge: { sourcename: "ada__strings__fixed__move" targetname: "memmove" label: "/Users/tommy/.local/share/alire/toolchains/gnat_arm_elf_15.1.2_6dad003a/arm-eabi/lib/gnat/embedded-olimex_stm32_h405/gnat/a-strfix.adb:449:17" }
edge: { sourcename: "ada__strings__fixed__move" targetname: "memmove" label: "/Users/tommy/.local/share/alire/toolchains/gnat_arm_elf_15.1.2_6dad003a/arm-eabi/lib/gnat/embedded-olimex_stm32_h405/gnat/a-strfix.adb:454:23" }
edge: { sourcename: "ada__strings__fixed__move" targetname: "memmove" label: "/Users/tommy/.local/share/alire/toolchains/gnat_arm_elf_15.1.2_6dad003a/arm-eabi/lib/gnat/embedded-olimex_stm32_h405/gnat/a-strfix.adb:457:23" }
edge: { sourcename: "ada__strings__fixed__move" targetname: "memmove" label: "/Users/tommy/.local/share/alire/toolchains/gnat_arm_elf_15.1.2_6dad003a/arm-eabi/lib/gnat/embedded-olimex_stm32_h405/gnat/a-strfix.adb:463:32" }
edge: { sourcename: "ada__strings__fixed__move" targetname: "memmove" label: "/Users/tommy/.local/share/alire/toolchains/gnat_arm_elf_15.1.2_6dad003a/arm-eabi/lib/gnat/embedded-olimex_stm32_h405/gnat/a-strfix.adb:471:32" }
edge: { sourcename: "ada__strings__fixed__move" targetname: "__gnat_raise_exception" label: "/Users/tommy/.local/share/alire/toolchains/gnat_arm_elf_15.1.2_6dad003a/arm-eabi/lib/gnat/embedded-olimex_stm32_h405/gnat/a-strfix.adb:477:22" }
edge: { sourcename: "ada__strings__fixed__move" targetname: "memmove" label: "/Users/tommy/.local/share/alire/toolchains/gnat_arm_elf_15.1.2_6dad003a/arm-eabi/lib/gnat/embedded-olimex_stm32_h405/gnat/a-strfix.adb:486:56" }
edge: { sourcename: "ada__strings__fixed__move" targetname: "memmove" label: "/Users/tommy/.local/share/alire/toolchains/gnat_arm_elf_15.1.2_6dad003a/arm-eabi/lib/gnat/embedded-olimex_stm32_h405/gnat/a-strfix.adb:497:54" }
edge: { sourcename: "ada__strings__fixed__move" targetname: "memmove" label: "/Users/tommy/.local/share/alire/toolchains/gnat_arm_elf_15.1.2_6dad003a/arm-eabi/lib/gnat/embedded-olimex_stm32_h405/gnat/a-strfix.adb:509:69" }
edge: { sourcename: "ada__strings__fixed__move" targetname: "__gnat_raise_exception" label: "/Users/tommy/.local/share/alire/toolchains/gnat_arm_elf_15.1.2_6dad003a/arm-eabi/lib/gnat/embedded-olimex_stm32_h405/gnat/a-strfix.adb:473:25" }
edge: { sourcename: "ada__strings__fixed__move" targetname: "__gnat_raise_exception" label: "/Users/tommy/.local/share/alire/toolchains/gnat_arm_elf_15.1.2_6dad003a/arm-eabi/lib/gnat/embedded-olimex_stm32_h405/gnat/a-strfix.adb:466:25" }
node: { title: "ada__strings__fixed__delete__2" label: "Delete\n/Users/tommy/.local/share/alire/toolchains/gnat_arm_elf_15.1.2_6dad003a/arm-eabi/lib/gnat/embedded-olimex_stm32_h405/gnat/a-strfix.adb:297:4\n56 bytes (static)\n0 dynamic objects" }
node: { title: "system__secondary_stack__ss_mark" label: "Ss_Mark\n/Users/tommy/.local/share/alire/toolchains/gnat_arm_elf_15.1.2_6dad003a/arm-eabi/lib/gnat/embedded-olimex_stm32_h405/gnat/s-secsta.ads:125:13" shape : ellipse }
edge: { sourcename: "ada__strings__fixed__delete__2" targetname: "system__secondary_stack__ss_mark" }
edge: { sourcename: "ada__strings__fixed__delete__2" targetname: "ada__strings__fixed__delete" label: "/Users/tommy/.local/share/alire/toolchains/gnat_arm_elf_15.1.2_6dad003a/arm-eabi/lib/gnat/embedded-olimex_stm32_h405/gnat/a-strfix.adb:305:24" }
edge: { sourcename: "ada__strings__fixed__delete__2" targetname: "ada__strings__fixed__move" label: "/Users/tommy/.local/share/alire/toolchains/gnat_arm_elf_15.1.2_6dad003a/arm-eabi/lib/gnat/embedded-olimex_stm32_h405/gnat/a-strfix.adb:305:7" }
node: { title: "system__secondary_stack__ss_release" label: "Ss_Release\n/Users/tommy/.local/share/alire/toolchains/gnat_arm_elf_15.1.2_6dad003a/arm-eabi/lib/gnat/embedded-olimex_stm32_h405/gnat/s-secsta.ads:128:14" shape : ellipse }
edge: { sourcename: "ada__strings__fixed__delete__2" targetname: "system__secondary_stack__ss_release" label: "/Users/tommy/.local/share/alire/toolchains/gnat_arm_elf_15.1.2_6dad003a/arm-eabi/lib/gnat/embedded-olimex_stm32_h405/gnat/a-strfix.adb:305:0" }
edge: { sourcename: "ada__strings__fixed__delete__2" targetname: "system__secondary_stack__ss_release" label: "/Users/tommy/.local/share/alire/toolchains/gnat_arm_elf_15.1.2_6dad003a/arm-eabi/lib/gnat/embedded-olimex_stm32_h405/gnat/a-strfix.adb:305:0" }
node: { title: "_Unwind_Resume" label: "builtin_unwind_resume\n<built-in>" shape : ellipse }
edge: { sourcename: "ada__strings__fixed__delete__2" targetname: "_Unwind_Resume" }
node: { title: "ada__strings__fixed__head__2" label: "Head\n/Users/tommy/.local/share/alire/toolchains/gnat_arm_elf_15.1.2_6dad003a/arm-eabi/lib/gnat/embedded-olimex_stm32_h405/gnat/a-strfix.adb:341:4\n56 bytes (static)\n0 dynamic objects" }
edge: { sourcename: "ada__strings__fixed__head__2" targetname: "system__secondary_stack__ss_mark" }
edge: { sourcename: "ada__strings__fixed__head__2" targetname: "ada__strings__fixed__head" label: "/Users/tommy/.local/share/alire/toolchains/gnat_arm_elf_15.1.2_6dad003a/arm-eabi/lib/gnat/embedded-olimex_stm32_h405/gnat/a-strfix.adb:348:24" }
edge: { sourcename: "ada__strings__fixed__head__2" targetname: "ada__strings__fixed__move" label: "/Users/tommy/.local/share/alire/toolchains/gnat_arm_elf_15.1.2_6dad003a/arm-eabi/lib/gnat/embedded-olimex_stm32_h405/gnat/a-strfix.adb:348:7" }
edge: { sourcename: "ada__strings__fixed__head__2" targetname: "system__secondary_stack__ss_release" label: "/Users/tommy/.local/share/alire/toolchains/gnat_arm_elf_15.1.2_6dad003a/arm-eabi/lib/gnat/embedded-olimex_stm32_h405/gnat/a-strfix.adb:348:0" }
edge: { sourcename: "ada__strings__fixed__head__2" targetname: "system__secondary_stack__ss_release" label: "/Users/tommy/.local/share/alire/toolchains/gnat_arm_elf_15.1.2_6dad003a/arm-eabi/lib/gnat/embedded-olimex_stm32_h405/gnat/a-strfix.adb:348:0" }
edge: { sourcename: "ada__strings__fixed__head__2" targetname: "_Unwind_Resume" }
node: { title: "ada__strings__fixed__insert__2" label: "Insert\n/Users/tommy/.local/share/alire/toolchains/gnat_arm_elf_15.1.2_6dad003a/arm-eabi/lib/gnat/embedded-olimex_stm32_h405/gnat/a-strfix.adb:399:4\n64 bytes (static)\n0 dynamic objects" }
edge: { sourcename: "ada__strings__fixed__insert__2" targetname: "system__secondary_stack__ss_mark" }
edge: { sourcename: "ada__strings__fixed__insert__2" targetname: "ada__strings__fixed__insert" label: "/Users/tommy/.local/share/alire/toolchains/gnat_arm_elf_15.1.2_6dad003a/arm-eabi/lib/gnat/embedded-olimex_stm32_h405/gnat/a-strfix.adb:406:23" }
edge: { sourcename: "ada__strings__fixed__insert__2" targetname: "ada__strings__fixed__move" label: "/Users/tommy/.local/share/alire/toolchains/gnat_arm_elf_15.1.2_6dad003a/arm-eabi/lib/gnat/embedded-olimex_stm32_h405/gnat/a-strfix.adb:406:7" }
edge: { sourcename: "ada__strings__fixed__insert__2" targetname: "system__secondary_stack__ss_release" label: "/Users/tommy/.local/share/alire/toolchains/gnat_arm_elf_15.1.2_6dad003a/arm-eabi/lib/gnat/embedded-olimex_stm32_h405/gnat/a-strfix.adb:406:0" }
edge: { sourcename: "ada__strings__fixed__insert__2" targetname: "system__secondary_stack__ss_release" label: "/Users/tommy/.local/share/alire/toolchains/gnat_arm_elf_15.1.2_6dad003a/arm-eabi/lib/gnat/embedded-olimex_stm32_h405/gnat/a-strfix.adb:406:0" }
edge: { sourcename: "ada__strings__fixed__insert__2" targetname: "_Unwind_Resume" }
node: { title: "ada__strings__fixed__overwrite" label: "Overwrite\n/Users/tommy/.local/share/alire/toolchains/gnat_arm_elf_15.1.2_6dad003a/arm-eabi/lib/gnat/embedded-olimex_stm32_h405/gnat/a-strfix.adb:523:4\n56 bytes (static)\n0 dynamic objects" }
edge: { sourcename: "ada__strings__fixed__overwrite" targetname: "__gnat_raise_exception" label: "/Users/tommy/.local/share/alire/toolchains/gnat_arm_elf_15.1.2_6dad003a/arm-eabi/lib/gnat/embedded-olimex_stm32_h405/gnat/a-strfix.adb:529:10" }
edge: { sourcename: "ada__strings__fixed__overwrite" targetname: "system__secondary_stack__ss_allocate" label: "/Users/tommy/.local/share/alire/toolchains/gnat_arm_elf_15.1.2_6dad003a/arm-eabi/lib/gnat/embedded-olimex_stm32_h405/gnat/a-strfix.adb:539:17" }
edge: { sourcename: "ada__strings__fixed__overwrite" targetname: "memmove" label: "/Users/tommy/.local/share/alire/toolchains/gnat_arm_elf_15.1.2_6dad003a/arm-eabi/lib/gnat/embedded-olimex_stm32_h405/gnat/a-strfix.adb:542:33" }
edge: { sourcename: "ada__strings__fixed__overwrite" targetname: "memcpy" }
edge: { sourcename: "ada__strings__fixed__overwrite" targetname: "memmove" label: "/Users/tommy/.local/share/alire/toolchains/gnat_arm_elf_15.1.2_6dad003a/arm-eabi/lib/gnat/embedded-olimex_stm32_h405/gnat/a-strfix.adb:554:68" }
node: { title: "ada__strings__fixed__overwrite__2" label: "Overwrite\n/Users/tommy/.local/share/alire/toolchains/gnat_arm_elf_15.1.2_6dad003a/arm-eabi/lib/gnat/embedded-olimex_stm32_h405/gnat/a-strfix.adb:575:4\n64 bytes (static)\n0 dynamic objects" }
edge: { sourcename: "ada__strings__fixed__overwrite__2" targetname: "system__secondary_stack__ss_mark" }
edge: { sourcename: "ada__strings__fixed__overwrite__2" targetname: "ada__strings__fixed__overwrite" label: "/Users/tommy/.local/share/alire/toolchains/gnat_arm_elf_15.1.2_6dad003a/arm-eabi/lib/gnat/embedded-olimex_stm32_h405/gnat/a-strfix.adb:582:23" }
edge: { sourcename: "ada__strings__fixed__overwrite__2" targetname: "ada__strings__fixed__move" label: "/Users/tommy/.local/share/alire/toolchains/gnat_arm_elf_15.1.2_6dad003a/arm-eabi/lib/gnat/embedded-olimex_stm32_h405/gnat/a-strfix.adb:582:7" }
edge: { sourcename: "ada__strings__fixed__overwrite__2" targetname: "system__secondary_stack__ss_release" label: "/Users/tommy/.local/share/alire/toolchains/gnat_arm_elf_15.1.2_6dad003a/arm-eabi/lib/gnat/embedded-olimex_stm32_h405/gnat/a-strfix.adb:582:0" }
edge: { sourcename: "ada__strings__fixed__overwrite__2" targetname: "system__secondary_stack__ss_release" label: "/Users/tommy/.local/share/alire/toolchains/gnat_arm_elf_15.1.2_6dad003a/arm-eabi/lib/gnat/embedded-olimex_stm32_h405/gnat/a-strfix.adb:582:0" }
edge: { sourcename: "ada__strings__fixed__overwrite__2" targetname: "_Unwind_Resume" }
node: { title: "ada__strings__fixed__replace_slice" label: "Replace_Slice\n/Users/tommy/.local/share/alire/toolchains/gnat_arm_elf_15.1.2_6dad003a/arm-eabi/lib/gnat/embedded-olimex_stm32_h405/gnat/a-strfix.adb:591:4\n80 bytes (static)\n0 dynamic objects" }
edge: { sourcename: "ada__strings__fixed__replace_slice" targetname: "__gnat_raise_exception" label: "/Users/tommy/.local/share/alire/toolchains/gnat_arm_elf_15.1.2_6dad003a/arm-eabi/lib/gnat/embedded-olimex_stm32_h405/gnat/a-strfix.adb:598:10" }
edge: { sourcename: "ada__strings__fixed__replace_slice" targetname: "system__secondary_stack__ss_allocate" label: "/Users/tommy/.local/share/alire/toolchains/gnat_arm_elf_15.1.2_6dad003a/arm-eabi/lib/gnat/embedded-olimex_stm32_h405/gnat/a-strfix.adb:615:20" }
edge: { sourcename: "ada__strings__fixed__replace_slice" targetname: "memmove" label: "/Users/tommy/.local/share/alire/toolchains/gnat_arm_elf_15.1.2_6dad003a/arm-eabi/lib/gnat/embedded-olimex_stm32_h405/gnat/a-strfix.adb:617:40" }
edge: { sourcename: "ada__strings__fixed__replace_slice" targetname: "memcpy" }
edge: { sourcename: "ada__strings__fixed__replace_slice" targetname: "memmove" label: "/Users/tommy/.local/share/alire/toolchains/gnat_arm_elf_15.1.2_6dad003a/arm-eabi/lib/gnat/embedded-olimex_stm32_h405/gnat/a-strfix.adb:629:69" }
edge: { sourcename: "ada__strings__fixed__replace_slice" targetname: "ada__strings__fixed__insert" label: "/Users/tommy/.local/share/alire/toolchains/gnat_arm_elf_15.1.2_6dad003a/arm-eabi/lib/gnat/embedded-olimex_stm32_h405/gnat/a-strfix.adb:651:17" }
node: { title: "ada__strings__fixed__replace_slice__2" label: "Replace_Slice\n/Users/tommy/.local/share/alire/toolchains/gnat_arm_elf_15.1.2_6dad003a/arm-eabi/lib/gnat/embedded-olimex_stm32_h405/gnat/a-strfix.adb:655:4\n72 bytes (static)\n0 dynamic objects" }
edge: { sourcename: "ada__strings__fixed__replace_slice__2" targetname: "system__secondary_stack__ss_mark" }
edge: { sourcename: "ada__strings__fixed__replace_slice__2" targetname: "ada__strings__fixed__replace_slice" label: "/Users/tommy/.local/share/alire/toolchains/gnat_arm_elf_15.1.2_6dad003a/arm-eabi/lib/gnat/embedded-olimex_stm32_h405/gnat/a-strfix.adb:665:13" }
edge: { sourcename: "ada__strings__fixed__replace_slice__2" targetname: "ada__strings__fixed__move" label: "/Users/tommy/.local/share/alire/toolchains/gnat_arm_elf_15.1.2_6dad003a/arm-eabi/lib/gnat/embedded-olimex_stm32_h405/gnat/a-strfix.adb:665:7" }
edge: { sourcename: "ada__strings__fixed__replace_slice__2" targetname: "system__secondary_stack__ss_release" label: "/Users/tommy/.local/share/alire/toolchains/gnat_arm_elf_15.1.2_6dad003a/arm-eabi/lib/gnat/embedded-olimex_stm32_h405/gnat/a-strfix.adb:665:0" }
edge: { sourcename: "ada__strings__fixed__replace_slice__2" targetname: "system__secondary_stack__ss_release" label: "/Users/tommy/.local/share/alire/toolchains/gnat_arm_elf_15.1.2_6dad003a/arm-eabi/lib/gnat/embedded-olimex_stm32_h405/gnat/a-strfix.adb:665:0" }
edge: { sourcename: "ada__strings__fixed__replace_slice__2" targetname: "_Unwind_Resume" }
node: { title: "ada__strings__fixed__tail" label: "Tail\n/Users/tommy/.local/share/alire/toolchains/gnat_arm_elf_15.1.2_6dad003a/arm-eabi/lib/gnat/embedded-olimex_stm32_h405/gnat/a-strfix.adb:672:4\n32 bytes (static)\n0 dynamic objects" }
edge: { sourcename: "ada__strings__fixed__tail" targetname: "system__secondary_stack__ss_allocate" label: "/Users/tommy/.local/share/alire/toolchains/gnat_arm_elf_15.1.2_6dad003a/arm-eabi/lib/gnat/embedded-olimex_stm32_h405/gnat/a-strfix.adb:681:10" }
edge: { sourcename: "ada__strings__fixed__tail" targetname: "system__secondary_stack__ss_allocate" label: "/Users/tommy/.local/share/alire/toolchains/gnat_arm_elf_15.1.2_6dad003a/arm-eabi/lib/gnat/embedded-olimex_stm32_h405/gnat/a-strfix.adb:684:10" }
edge: { sourcename: "ada__strings__fixed__tail" targetname: "memcpy" }
edge: { sourcename: "ada__strings__fixed__tail" targetname: "system__secondary_stack__ss_allocate" label: "/Users/tommy/.local/share/alire/toolchains/gnat_arm_elf_15.1.2_6dad003a/arm-eabi/lib/gnat/embedded-olimex_stm32_h405/gnat/a-strfix.adb:689:17" }
edge: { sourcename: "ada__strings__fixed__tail" targetname: "memcpy" }
node: { title: "ada__strings__fixed__tail__2" label: "Tail\n/Users/tommy/.local/share/alire/toolchains/gnat_arm_elf_15.1.2_6dad003a/arm-eabi/lib/gnat/embedded-olimex_stm32_h405/gnat/a-strfix.adb:704:4\n56 bytes (static)\n0 dynamic objects" }
edge: { sourcename: "ada__strings__fixed__tail__2" targetname: "system__secondary_stack__ss_mark" }
edge: { sourcename: "ada__strings__fixed__tail__2" targetname: "ada__strings__fixed__tail" label: "/Users/tommy/.local/share/alire/toolchains/gnat_arm_elf_15.1.2_6dad003a/arm-eabi/lib/gnat/embedded-olimex_stm32_h405/gnat/a-strfix.adb:711:24" }
edge: { sourcename: "ada__strings__fixed__tail__2" targetname: "ada__strings__fixed__move" label: "/Users/tommy/.local/share/alire/toolchains/gnat_arm_elf_15.1.2_6dad003a/arm-eabi/lib/gnat/embedded-olimex_stm32_h405/gnat/a-strfix.adb:711:7" }
edge: { sourcename: "ada__strings__fixed__tail__2" targetname: "system__secondary_stack__ss_release" label: "/Users/tommy/.local/share/alire/toolchains/gnat_arm_elf_15.1.2_6dad003a/arm-eabi/lib/gnat/embedded-olimex_stm32_h405/gnat/a-strfix.adb:711:0" }
edge: { sourcename: "ada__strings__fixed__tail__2" targetname: "system__secondary_stack__ss_release" label: "/Users/tommy/.local/share/alire/toolchains/gnat_arm_elf_15.1.2_6dad003a/arm-eabi/lib/gnat/embedded-olimex_stm32_h405/gnat/a-strfix.adb:711:0" }
edge: { sourcename: "ada__strings__fixed__tail__2" targetname: "_Unwind_Resume" }
node: { title: "ada__strings__fixed__translate__2" label: "Translate\n/Users/tommy/.local/share/alire/toolchains/gnat_arm_elf_15.1.2_6dad003a/arm-eabi/lib/gnat/embedded-olimex_stm32_h405/gnat/a-strfix.adb:722:4\n32 bytes (static)\n0 dynamic objects" }
edge: { sourcename: "ada__strings__fixed__translate__2" targetname: "system__secondary_stack__ss_allocate" label: "/Users/tommy/.local/share/alire/toolchains/gnat_arm_elf_15.1.2_6dad003a/arm-eabi/lib/gnat/embedded-olimex_stm32_h405/gnat/a-strfix.adb:727:14" }
node: { title: "ada__strings__fixed__translate__4" label: "Translate\n/Users/tommy/.local/share/alire/toolchains/gnat_arm_elf_15.1.2_6dad003a/arm-eabi/lib/gnat/embedded-olimex_stm32_h405/gnat/a-strfix.adb:743:4\n0 bytes (static)\n0 dynamic objects" }
node: { title: "ada__strings__fixed__translate" label: "Translate\n/Users/tommy/.local/share/alire/toolchains/gnat_arm_elf_15.1.2_6dad003a/arm-eabi/lib/gnat/embedded-olimex_stm32_h405/gnat/a-strfix.adb:756:4\n40 bytes (static)\n0 dynamic objects" }
edge: { sourcename: "ada__strings__fixed__translate" targetname: "system__secondary_stack__ss_allocate" label: "/Users/tommy/.local/share/alire/toolchains/gnat_arm_elf_15.1.2_6dad003a/arm-eabi/lib/gnat/embedded-olimex_stm32_h405/gnat/a-strfix.adb:762:14" }
node: { title: "__gnat_rcheck_CE_Access_Check" label: "gnat_rcheck_CE_Access_Check\n<built-in>" shape : ellipse }
edge: { sourcename: "ada__strings__fixed__translate" targetname: "__gnat_rcheck_CE_Access_Check" label: "/Users/tommy/.local/share/alire/toolchains/gnat_arm_elf_15.1.2_6dad003a/arm-eabi/lib/gnat/embedded-olimex_stm32_h405/gnat/a-strfix.adb:766:56" }
node: { title: "__indirect_call" label: "Indirect Call Placeholder" shape : ellipse }
edge: { sourcename: "ada__strings__fixed__translate" targetname: "__indirect_call" label: "/Users/tommy/.local/share/alire/toolchains/gnat_arm_elf_15.1.2_6dad003a/arm-eabi/lib/gnat/embedded-olimex_stm32_h405/gnat/a-strfix.adb:766:56" }
node: { title: "ada__strings__fixed__translate__3" label: "Translate\n/Users/tommy/.local/share/alire/toolchains/gnat_arm_elf_15.1.2_6dad003a/arm-eabi/lib/gnat/embedded-olimex_stm32_h405/gnat/a-strfix.adb:783:4\n16 bytes (static)\n0 dynamic objects" }
edge: { sourcename: "ada__strings__fixed__translate__3" targetname: "__gnat_rcheck_CE_Access_Check" label: "/Users/tommy/.local/share/alire/toolchains/gnat_arm_elf_15.1.2_6dad003a/arm-eabi/lib/gnat/embedded-olimex_stm32_h405/gnat/a-strfix.adb:790:32" }
edge: { sourcename: "ada__strings__fixed__translate__3" targetname: "__indirect_call" label: "/Users/tommy/.local/share/alire/toolchains/gnat_arm_elf_15.1.2_6dad003a/arm-eabi/lib/gnat/embedded-olimex_stm32_h405/gnat/a-strfix.adb:790:32" }
node: { title: "ada__strings__fixed__trim" label: "Trim\n/Users/tommy/.local/share/alire/toolchains/gnat_arm_elf_15.1.2_6dad003a/arm-eabi/lib/gnat/embedded-olimex_stm32_h405/gnat/a-strfix.adb:807:4\n32 bytes (static)\n0 dynamic objects" }
edge: { sourcename: "ada__strings__fixed__trim" targetname: "ada__strings__search__index_non_blank" label: "/Users/tommy/.local/share/alire/toolchains/gnat_arm_elf_15.1.2_6dad003a/arm-eabi/lib/gnat/embedded-olimex_stm32_h405/gnat/a-strfix.adb:102:13" }
edge: { sourcename: "ada__strings__fixed__trim" targetname: "system__secondary_stack__ss_allocate" label: "/Users/tommy/.local/share/alire/toolchains/gnat_arm_elf_15.1.2_6dad003a/arm-eabi/lib/gnat/embedded-olimex_stm32_h405/gnat/a-strfix.adb:823:19" }
edge: { sourcename: "ada__strings__fixed__trim" targetname: "system__secondary_stack__ss_allocate" label: "/Users/tommy/.local/share/alire/toolchains/gnat_arm_elf_15.1.2_6dad003a/arm-eabi/lib/gnat/embedded-olimex_stm32_h405/gnat/a-strfix.adb:829:19" }
edge: { sourcename: "ada__strings__fixed__trim" targetname: "memcpy" }
edge: { sourcename: "ada__strings__fixed__trim" targetname: "ada__strings__search__index_non_blank" label: "/Users/tommy/.local/share/alire/toolchains/gnat_arm_elf_15.1.2_6dad003a/arm-eabi/lib/gnat/embedded-olimex_stm32_h405/gnat/a-strfix.adb:102:13" }
edge: { sourcename: "ada__strings__fixed__trim" targetname: "system__secondary_stack__ss_allocate" label: "/Users/tommy/.local/share/alire/toolchains/gnat_arm_elf_15.1.2_6dad003a/arm-eabi/lib/gnat/embedded-olimex_stm32_h405/gnat/a-strfix.adb:840:19" }
edge: { sourcename: "ada__strings__fixed__trim" targetname: "system__secondary_stack__ss_allocate" label: "/Users/tommy/.local/share/alire/toolchains/gnat_arm_elf_15.1.2_6dad003a/arm-eabi/lib/gnat/embedded-olimex_stm32_h405/gnat/a-strfix.adb:846:19" }
edge: { sourcename: "ada__strings__fixed__trim" targetname: "memcpy" }
edge: { sourcename: "ada__strings__fixed__trim" targetname: "ada__strings__search__index_non_blank" label: "/Users/tommy/.local/share/alire/toolchains/gnat_arm_elf_15.1.2_6dad003a/arm-eabi/lib/gnat/embedded-olimex_stm32_h405/gnat/a-strfix.adb:102:13" }
edge: { sourcename: "ada__strings__fixed__trim" targetname: "system__secondary_stack__ss_allocate" label: "/Users/tommy/.local/share/alire/toolchains/gnat_arm_elf_15.1.2_6dad003a/arm-eabi/lib/gnat/embedded-olimex_stm32_h405/gnat/a-strfix.adb:857:19" }
edge: { sourcename: "ada__strings__fixed__trim" targetname: "ada__strings__search__index_non_blank" label: "/Users/tommy/.local/share/alire/toolchains/gnat_arm_elf_15.1.2_6dad003a/arm-eabi/lib/gnat/embedded-olimex_stm32_h405/gnat/a-strfix.adb:102:13" }
edge: { sourcename: "ada__strings__fixed__trim" targetname: "system__secondary_stack__ss_allocate" label: "/Users/tommy/.local/share/alire/toolchains/gnat_arm_elf_15.1.2_6dad003a/arm-eabi/lib/gnat/embedded-olimex_stm32_h405/gnat/a-strfix.adb:865:19" }
edge: { sourcename: "ada__strings__fixed__trim" targetname: "memcpy" }
node: { title: "ada__strings__fixed__trim__2" label: "Trim\n/Users/tommy/.local/share/alire/toolchains/gnat_arm_elf_15.1.2_6dad003a/arm-eabi/lib/gnat/embedded-olimex_stm32_h405/gnat/a-strfix.adb:871:4\n56 bytes (static)\n0 dynamic objects" }
edge: { sourcename: "ada__strings__fixed__trim__2" targetname: "system__secondary_stack__ss_mark" }
edge: { sourcename: "ada__strings__fixed__trim__2" targetname: "ada__strings__fixed__trim" label: "/Users/tommy/.local/share/alire/toolchains/gnat_arm_elf_15.1.2_6dad003a/arm-eabi/lib/gnat/embedded-olimex_stm32_h405/gnat/a-strfix.adb:878:13" }
edge: { sourcename: "ada__strings__fixed__trim__2" targetname: "ada__strings__fixed__move" label: "/Users/tommy/.local/share/alire/toolchains/gnat_arm_elf_15.1.2_6dad003a/arm-eabi/lib/gnat/embedded-olimex_stm32_h405/gnat/a-strfix.adb:878:7" }
edge: { sourcename: "ada__strings__fixed__trim__2" targetname: "system__secondary_stack__ss_release" label: "/Users/tommy/.local/share/alire/toolchains/gnat_arm_elf_15.1.2_6dad003a/arm-eabi/lib/gnat/embedded-olimex_stm32_h405/gnat/a-strfix.adb:878:0" }
edge: { sourcename: "ada__strings__fixed__trim__2" targetname: "system__secondary_stack__ss_release" label: "/Users/tommy/.local/share/alire/toolchains/gnat_arm_elf_15.1.2_6dad003a/arm-eabi/lib/gnat/embedded-olimex_stm32_h405/gnat/a-strfix.adb:878:0" }
edge: { sourcename: "ada__strings__fixed__trim__2" targetname: "_Unwind_Resume" }
node: { title: "ada__strings__fixed__trim__3" label: "Trim\n/Users/tommy/.local/share/alire/toolchains/gnat_arm_elf_15.1.2_6dad003a/arm-eabi/lib/gnat/embedded-olimex_stm32_h405/gnat/a-strfix.adb:884:4\n40 bytes (static)\n0 dynamic objects" }
edge: { sourcename: "ada__strings__fixed__trim__3" targetname: "ada__strings__search__index__3" label: "/Users/tommy/.local/share/alire/toolchains/gnat_arm_elf_15.1.2_6dad003a/arm-eabi/lib/gnat/embedded-olimex_stm32_h405/gnat/a-strfix.adb:71:13" }
edge: { sourcename: "ada__strings__fixed__trim__3" targetname: "system__secondary_stack__ss_allocate" label: "/Users/tommy/.local/share/alire/toolchains/gnat_arm_elf_15.1.2_6dad003a/arm-eabi/lib/gnat/embedded-olimex_stm32_h405/gnat/a-strfix.adb:897:10" }
edge: { sourcename: "ada__strings__fixed__trim__3" targetname: "ada__strings__search__index__3" label: "/Users/tommy/.local/share/alire/toolchains/gnat_arm_elf_15.1.2_6dad003a/arm-eabi/lib/gnat/embedded-olimex_stm32_h405/gnat/a-strfix.adb:71:13" }
edge: { sourcename: "ada__strings__fixed__trim__3" targetname: "system__secondary_stack__ss_allocate" label: "/Users/tommy/.local/share/alire/toolchains/gnat_arm_elf_15.1.2_6dad003a/arm-eabi/lib/gnat/embedded-olimex_stm32_h405/gnat/a-strfix.adb:905:10" }
edge: { sourcename: "ada__strings__fixed__trim__3" targetname: "system__secondary_stack__ss_allocate" label: "/Users/tommy/.local/share/alire/toolchains/gnat_arm_elf_15.1.2_6dad003a/arm-eabi/lib/gnat/embedded-olimex_stm32_h405/gnat/a-strfix.adb:913:10" }
edge: { sourcename: "ada__strings__fixed__trim__3" targetname: "memcpy" }
node: { title: "ada__strings__fixed__trim__4" label: "Trim\n/Users/tommy/.local/share/alire/toolchains/gnat_arm_elf_15.1.2_6dad003a/arm-eabi/lib/gnat/embedded-olimex_stm32_h405/gnat/a-strfix.adb:917:4\n56 bytes (static)\n0 dynamic objects" }
edge: { sourcename: "ada__strings__fixed__trim__4" targetname: "system__secondary_stack__ss_mark" }
edge: { sourcename: "ada__strings__fixed__trim__4" targetname: "ada__strings__fixed__trim__3" label: "/Users/tommy/.local/share/alire/toolchains/gnat_arm_elf_15.1.2_6dad003a/arm-eabi/lib/gnat/embedded-olimex_stm32_h405/gnat/a-strfix.adb:925:24" }
edge: { sourcename: "ada__strings__fixed__trim__4" targetname: "ada__strings__fixed__move" label: "/Users/tommy/.local/share/alire/toolchains/gnat_arm_elf_15.1.2_6dad003a/arm-eabi/lib/gnat/embedded-olimex_stm32_h405/gnat/a-strfix.adb:925:7" }
edge: { sourcename: "ada__strings__fixed__trim__4" targetname: "system__secondary_stack__ss_release" label: "/Users/tommy/.local/share/alire/toolchains/gnat_arm_elf_15.1.2_6dad003a/arm-eabi/lib/gnat/embedded-olimex_stm32_h405/gnat/a-strfix.adb:925:0" }
edge: { sourcename: "ada__strings__fixed__trim__4" targetname: "system__secondary_stack__ss_release" label: "/Users/tommy/.local/share/alire/toolchains/gnat_arm_elf_15.1.2_6dad003a/arm-eabi/lib/gnat/embedded-olimex_stm32_h405/gnat/a-strfix.adb:925:0" }
edge: { sourcename: "ada__strings__fixed__trim__4" targetname: "_Unwind_Resume" }
}
