graph: { title: "/Users/tommy/.local/share/alire/toolchains/gnat_arm_elf_15.1.2_6dad003a/arm-eabi/lib/gnat/embedded-olimex_stm32_h405/gnat/a-stzsea.adb"
node: { title: "ada__strings__wide_wide_search__count" label: "Count\n/Users/tommy/.local/share/alire/toolchains/gnat_arm_elf_15.1.2_6dad003a/arm-eabi/lib/gnat/embedded-olimex_stm32_h405/gnat/a-stzsea.adb:70:4\n64 bytes (static)\n0 dynamic objects" }
node: { title: "__gnat_raise_exception" label: "Raise_Exception_Always\n/Users/tommy/.local/share/alire/toolchains/gnat_arm_elf_15.1.2_6dad003a/arm-eabi/lib/gnat/embedded-olimex_stm32_h405/gnat/a-except.ads:186:14" shape : ellipse }
edge: { sourcename: "ada__strings__wide_wide_search__count" targetname: "__gnat_raise_exception" label: "/Users/tommy/.local/share/alire/toolchains/gnat_arm_elf_15.1.2_6dad003a/arm-eabi/lib/gnat/embedded-olimex_stm32_h405/gnat/a-stzsea.adb:83:10" }
node: { title: "memcmp" label: "builtin_memcmp\n<built-in>" shape : ellipse }
edge: { sourcename: "ada__strings__wide_wide_search__count" targetname: "memcmp" label: "/Users/tommy/.local/share/alire/toolchains/gnat_arm_elf_15.1.2_6dad003a/arm-eabi/lib/gnat/embedded-olimex_stm32_h405/gnat/a-stzsea.adb:93:24" }
node: { title: "ada__strings__wide_wide_maps__value" label: "Value\n/Users/tommy/.local/share/alire/toolchains/gnat_arm_elf_15.1.2_6dad003a/arm-eabi/lib/gnat/embedded-olimex_stm32_h405/gnat/a-stzmap.ads:127:13" shape : ellipse }
edge: { sourcename: "ada__strings__wide_wide_search__count" targetname: "ada__strings__wide_wide_maps__value" label: "/Users/tommy/.local/share/alire/toolchains/gnat_arm_elf_15.1.2_6dad003a/arm-eabi/lib/gnat/embedded-olimex_stm32_h405/gnat/a-stzsea.adb:107:34" }
node: { title: "ada__strings__wide_wide_search__count__2" label: "Count\n/Users/tommy/.local/share/alire/toolchains/gnat_arm_elf_15.1.2_6dad003a/arm-eabi/lib/gnat/embedded-olimex_stm32_h405/gnat/a-stzsea.adb:128:4\n64 bytes (static)\n0 dynamic objects" }
edge: { sourcename: "ada__strings__wide_wide_search__count__2" targetname: "__gnat_raise_exception" label: "/Users/tommy/.local/share/alire/toolchains/gnat_arm_elf_15.1.2_6dad003a/arm-eabi/lib/gnat/embedded-olimex_stm32_h405/gnat/a-stzsea.adb:141:10" }
node: { title: "__gnat_rcheck_CE_Explicit_Raise" label: "gnat_rcheck_CE_Explicit_Raise\n<built-in>" shape : ellipse }
edge: { sourcename: "ada__strings__wide_wide_search__count__2" targetname: "__gnat_rcheck_CE_Explicit_Raise" label: "/Users/tommy/.local/share/alire/toolchains/gnat_arm_elf_15.1.2_6dad003a/arm-eabi/lib/gnat/embedded-olimex_stm32_h405/gnat/a-stzsea.adb:147:10" }
node: { title: "__indirect_call" label: "Indirect Call Placeholder" shape : ellipse }
edge: { sourcename: "ada__strings__wide_wide_search__count__2" targetname: "__indirect_call" label: "/Users/tommy/.local/share/alire/toolchains/gnat_arm_elf_15.1.2_6dad003a/arm-eabi/lib/gnat/embedded-olimex_stm32_h405/gnat/a-stzsea.adb:155:31" }
node: { title: "ada__strings__wide_wide_search__count__3" label: "Count\n/Users/tommy/.local/share/alire/toolchains/gnat_arm_elf_15.1.2_6dad003a/arm-eabi/lib/gnat/embedded-olimex_stm32_h405/gnat/a-stzsea.adb:173:4\n24 bytes (static)\n0 dynamic objects" }
node: { title: "ada__strings__wide_wide_maps__is_in" label: "Is_In\n/Users/tommy/.local/share/alire/toolchains/gnat_arm_elf_15.1.2_6dad003a/arm-eabi/lib/gnat/embedded-olimex_stm32_h405/gnat/a-stzmap.ads:94:13" shape : ellipse }
edge: { sourcename: "ada__strings__wide_wide_search__count__3" targetname: "ada__strings__wide_wide_maps__is_in" label: "/Users/tommy/.local/share/alire/toolchains/gnat_arm_elf_15.1.2_6dad003a/arm-eabi/lib/gnat/embedded-olimex_stm32_h405/gnat/a-stzsea.adb:181:13" }
node: { title: "ada__strings__wide_wide_search__find_token" label: "Find_Token\n/Users/tommy/.local/share/alire/toolchains/gnat_arm_elf_15.1.2_6dad003a/arm-eabi/lib/gnat/embedded-olimex_stm32_h405/gnat/a-stzsea.adb:193:4\n48 bytes (static)\n0 dynamic objects" }
edge: { sourcename: "ada__strings__wide_wide_search__find_token" targetname: "ada__strings__wide_wide_maps__is_in" label: "/Users/tommy/.local/share/alire/toolchains/gnat_arm_elf_15.1.2_6dad003a/arm-eabi/lib/gnat/embedded-olimex_stm32_h405/gnat/a-stzsea.adb:60:17" }
edge: { sourcename: "ada__strings__wide_wide_search__find_token" targetname: "ada__strings__wide_wide_maps__is_in" label: "/Users/tommy/.local/share/alire/toolchains/gnat_arm_elf_15.1.2_6dad003a/arm-eabi/lib/gnat/embedded-olimex_stm32_h405/gnat/a-stzsea.adb:62:21" }
edge: { sourcename: "ada__strings__wide_wide_search__find_token" targetname: "ada__strings__wide_wide_maps__is_in" label: "/Users/tommy/.local/share/alire/toolchains/gnat_arm_elf_15.1.2_6dad003a/arm-eabi/lib/gnat/embedded-olimex_stm32_h405/gnat/a-stzsea.adb:60:17" }
edge: { sourcename: "ada__strings__wide_wide_search__find_token" targetname: "ada__strings__wide_wide_maps__is_in" label: "/Users/tommy/.local/share/alire/toolchains/gnat_arm_elf_15.1.2_6dad003a/arm-eabi/lib/gnat/embedded-olimex_stm32_h405/gnat/a-stzsea.adb:62:21" }
node: { title: "ada__strings__wide_wide_search__find_token__2" label: "Find_Token\n/Users/tommy/.local/share/alire/toolchains/gnat_arm_elf_15.1.2_6dad003a/arm-eabi/lib/gnat/embedded-olimex_stm32_h405/gnat/a-stzsea.adb:227:4\n56 bytes (static)\n0 dynamic objects" }
edge: { sourcename: "ada__strings__wide_wide_search__find_token__2" targetname: "ada__strings__wide_wide_maps__is_in" label: "/Users/tommy/.local/share/alire/toolchains/gnat_arm_elf_15.1.2_6dad003a/arm-eabi/lib/gnat/embedded-olimex_stm32_h405/gnat/a-stzsea.adb:60:17" }
edge: { sourcename: "ada__strings__wide_wide_search__find_token__2" targetname: "ada__strings__wide_wide_maps__is_in" label: "/Users/tommy/.local/share/alire/toolchains/gnat_arm_elf_15.1.2_6dad003a/arm-eabi/lib/gnat/embedded-olimex_stm32_h405/gnat/a-stzsea.adb:62:21" }
edge: { sourcename: "ada__strings__wide_wide_search__find_token__2" targetname: "ada__strings__wide_wide_maps__is_in" label: "/Users/tommy/.local/share/alire/toolchains/gnat_arm_elf_15.1.2_6dad003a/arm-eabi/lib/gnat/embedded-olimex_stm32_h405/gnat/a-stzsea.adb:60:17" }
edge: { sourcename: "ada__strings__wide_wide_search__find_token__2" targetname: "ada__strings__wide_wide_maps__is_in" label: "/Users/tommy/.local/share/alire/toolchains/gnat_arm_elf_15.1.2_6dad003a/arm-eabi/lib/gnat/embedded-olimex_stm32_h405/gnat/a-stzsea.adb:62:21" }
edge: { sourcename: "ada__strings__wide_wide_search__find_token__2" targetname: "__gnat_rcheck_CE_Explicit_Raise" label: "/Users/tommy/.local/share/alire/toolchains/gnat_arm_elf_15.1.2_6dad003a/arm-eabi/lib/gnat/embedded-olimex_stm32_h405/gnat/a-stzsea.adb:262:10" }
node: { title: "ada__strings__wide_wide_search__index" label: "Index\n/Users/tommy/.local/share/alire/toolchains/gnat_arm_elf_15.1.2_6dad003a/arm-eabi/lib/gnat/embedded-olimex_stm32_h405/gnat/a-stzsea.adb:274:4\n56 bytes (static)\n0 dynamic objects" }
edge: { sourcename: "ada__strings__wide_wide_search__index" targetname: "__gnat_raise_exception" label: "/Users/tommy/.local/share/alire/toolchains/gnat_arm_elf_15.1.2_6dad003a/arm-eabi/lib/gnat/embedded-olimex_stm32_h405/gnat/a-stzsea.adb:292:10" }
edge: { sourcename: "ada__strings__wide_wide_search__index" targetname: "memcmp" label: "/Users/tommy/.local/share/alire/toolchains/gnat_arm_elf_15.1.2_6dad003a/arm-eabi/lib/gnat/embedded-olimex_stm32_h405/gnat/a-stzsea.adb:304:27" }
edge: { sourcename: "ada__strings__wide_wide_search__index" targetname: "ada__strings__wide_wide_maps__value" label: "/Users/tommy/.local/share/alire/toolchains/gnat_arm_elf_15.1.2_6dad003a/arm-eabi/lib/gnat/embedded-olimex_stm32_h405/gnat/a-stzsea.adb:318:37" }
edge: { sourcename: "ada__strings__wide_wide_search__index" targetname: "memcmp" label: "/Users/tommy/.local/share/alire/toolchains/gnat_arm_elf_15.1.2_6dad003a/arm-eabi/lib/gnat/embedded-olimex_stm32_h405/gnat/a-stzsea.adb:341:27" }
edge: { sourcename: "ada__strings__wide_wide_search__index" targetname: "ada__strings__wide_wide_maps__value" label: "/Users/tommy/.local/share/alire/toolchains/gnat_arm_elf_15.1.2_6dad003a/arm-eabi/lib/gnat/embedded-olimex_stm32_h405/gnat/a-stzsea.adb:355:37" }
node: { title: "ada__strings__wide_wide_search__index__2" label: "Index\n/Users/tommy/.local/share/alire/toolchains/gnat_arm_elf_15.1.2_6dad003a/arm-eabi/lib/gnat/embedded-olimex_stm32_h405/gnat/a-stzsea.adb:376:4\n56 bytes (static)\n0 dynamic objects" }
edge: { sourcename: "ada__strings__wide_wide_search__index__2" targetname: "__gnat_raise_exception" label: "/Users/tommy/.local/share/alire/toolchains/gnat_arm_elf_15.1.2_6dad003a/arm-eabi/lib/gnat/embedded-olimex_stm32_h405/gnat/a-stzsea.adb:389:10" }
edge: { sourcename: "ada__strings__wide_wide_search__index__2" targetname: "__gnat_rcheck_CE_Explicit_Raise" label: "/Users/tommy/.local/share/alire/toolchains/gnat_arm_elf_15.1.2_6dad003a/arm-eabi/lib/gnat/embedded-olimex_stm32_h405/gnat/a-stzsea.adb:395:10" }
edge: { sourcename: "ada__strings__wide_wide_search__index__2" targetname: "__indirect_call" label: "/Users/tommy/.local/share/alire/toolchains/gnat_arm_elf_15.1.2_6dad003a/arm-eabi/lib/gnat/embedded-olimex_stm32_h405/gnat/a-stzsea.adb:412:42" }
edge: { sourcename: "ada__strings__wide_wide_search__index__2" targetname: "__indirect_call" label: "/Users/tommy/.local/share/alire/toolchains/gnat_arm_elf_15.1.2_6dad003a/arm-eabi/lib/gnat/embedded-olimex_stm32_h405/gnat/a-stzsea.adb:433:42" }
node: { title: "ada__strings__wide_wide_search__index__3" label: "Index\n/Users/tommy/.local/share/alire/toolchains/gnat_arm_elf_15.1.2_6dad003a/arm-eabi/lib/gnat/embedded-olimex_stm32_h405/gnat/a-stzsea.adb:453:4\n24 bytes (static)\n0 dynamic objects" }
edge: { sourcename: "ada__strings__wide_wide_search__index__3" targetname: "ada__strings__wide_wide_maps__is_in" label: "/Users/tommy/.local/share/alire/toolchains/gnat_arm_elf_15.1.2_6dad003a/arm-eabi/lib/gnat/embedded-olimex_stm32_h405/gnat/a-stzsea.adb:60:17" }
edge: { sourcename: "ada__strings__wide_wide_search__index__3" targetname: "ada__strings__wide_wide_maps__is_in" label: "/Users/tommy/.local/share/alire/toolchains/gnat_arm_elf_15.1.2_6dad003a/arm-eabi/lib/gnat/embedded-olimex_stm32_h405/gnat/a-stzsea.adb:62:21" }
edge: { sourcename: "ada__strings__wide_wide_search__index__3" targetname: "ada__strings__wide_wide_maps__is_in" label: "/Users/tommy/.local/share/alire/toolchains/gnat_arm_elf_15.1.2_6dad003a/arm-eabi/lib/gnat/embedded-olimex_stm32_h405/gnat/a-stzsea.adb:60:17" }
edge: { sourcename: "ada__strings__wide_wide_search__index__3" targetname: "ada__strings__wide_wide_maps__is_in" label: "/Users/tommy/.local/share/alire/toolchains/gnat_arm_elf_15.1.2_6dad003a/arm-eabi/lib/gnat/embedded-olimex_stm32_h405/gnat/a-stzsea.adb:62:21" }
node: { title: "ada__strings__wide_wide_search__index__4" label: "Index\n/Users/tommy/.local/share/alire/toolchains/gnat_arm_elf_15.1.2_6dad003a/arm-eabi/lib/gnat/embedded-olimex_stm32_h405/gnat/a-stzsea.adb:484:4\n32 bytes (static)\n0 dynamic objects" }
edge: { sourcename: "ada__strings__wide_wide_search__index__4" targetname: "__gnat_raise_exception" label: "/Users/tommy/.local/share/alire/toolchains/gnat_arm_elf_15.1.2_6dad003a/arm-eabi/lib/gnat/embedded-olimex_stm32_h405/gnat/a-stzsea.adb:495:13" }
edge: { sourcename: "ada__strings__wide_wide_search__index__4" targetname: "ada__strings__wide_wide_search__index" label: "/Users/tommy/.local/share/alire/toolchains/gnat_arm_elf_15.1.2_6dad003a/arm-eabi/lib/gnat/embedded-olimex_stm32_h405/gnat/a-stzsea.adb:499:12" }
edge: { sourcename: "ada__strings__wide_wide_search__index__4" targetname: "__gnat_raise_exception" label: "/Users/tommy/.local/share/alire/toolchains/gnat_arm_elf_15.1.2_6dad003a/arm-eabi/lib/gnat/embedded-olimex_stm32_h405/gnat/a-stzsea.adb:503:13" }
edge: { sourcename: "ada__strings__wide_wide_search__index__4" targetname: "ada__strings__wide_wide_search__index" label: "/Users/tommy/.local/share/alire/toolchains/gnat_arm_elf_15.1.2_6dad003a/arm-eabi/lib/gnat/embedded-olimex_stm32_h405/gnat/a-stzsea.adb:507:12" }
node: { title: "ada__strings__wide_wide_search__index__5" label: "Index\n/Users/tommy/.local/share/alire/toolchains/gnat_arm_elf_15.1.2_6dad003a/arm-eabi/lib/gnat/embedded-olimex_stm32_h405/gnat/a-stzsea.adb:511:4\n32 bytes (static)\n0 dynamic objects" }
edge: { sourcename: "ada__strings__wide_wide_search__index__5" targetname: "__gnat_raise_exception" label: "/Users/tommy/.local/share/alire/toolchains/gnat_arm_elf_15.1.2_6dad003a/arm-eabi/lib/gnat/embedded-olimex_stm32_h405/gnat/a-stzsea.adb:522:13" }
edge: { sourcename: "ada__strings__wide_wide_search__index__5" targetname: "ada__strings__wide_wide_search__index__2" label: "/Users/tommy/.local/share/alire/toolchains/gnat_arm_elf_15.1.2_6dad003a/arm-eabi/lib/gnat/embedded-olimex_stm32_h405/gnat/a-stzsea.adb:525:17" }
edge: { sourcename: "ada__strings__wide_wide_search__index__5" targetname: "__gnat_raise_exception" label: "/Users/tommy/.local/share/alire/toolchains/gnat_arm_elf_15.1.2_6dad003a/arm-eabi/lib/gnat/embedded-olimex_stm32_h405/gnat/a-stzsea.adb:530:13" }
edge: { sourcename: "ada__strings__wide_wide_search__index__5" targetname: "ada__strings__wide_wide_search__index__2" label: "/Users/tommy/.local/share/alire/toolchains/gnat_arm_elf_15.1.2_6dad003a/arm-eabi/lib/gnat/embedded-olimex_stm32_h405/gnat/a-stzsea.adb:533:17" }
node: { title: "ada__strings__wide_wide_search__index__6" label: "Index\n/Users/tommy/.local/share/alire/toolchains/gnat_arm_elf_15.1.2_6dad003a/arm-eabi/lib/gnat/embedded-olimex_stm32_h405/gnat/a-stzsea.adb:538:4\n32 bytes (static)\n0 dynamic objects" }
edge: { sourcename: "ada__strings__wide_wide_search__index__6" targetname: "__gnat_raise_exception" label: "/Users/tommy/.local/share/alire/toolchains/gnat_arm_elf_15.1.2_6dad003a/arm-eabi/lib/gnat/embedded-olimex_stm32_h405/gnat/a-stzsea.adb:548:13" }
edge: { sourcename: "ada__strings__wide_wide_search__index__6" targetname: "ada__strings__wide_wide_search__index__3" label: "/Users/tommy/.local/share/alire/toolchains/gnat_arm_elf_15.1.2_6dad003a/arm-eabi/lib/gnat/embedded-olimex_stm32_h405/gnat/a-stzsea.adb:552:12" }
edge: { sourcename: "ada__strings__wide_wide_search__index__6" targetname: "__gnat_raise_exception" label: "/Users/tommy/.local/share/alire/toolchains/gnat_arm_elf_15.1.2_6dad003a/arm-eabi/lib/gnat/embedded-olimex_stm32_h405/gnat/a-stzsea.adb:556:13" }
edge: { sourcename: "ada__strings__wide_wide_search__index__6" targetname: "ada__strings__wide_wide_search__index__3" label: "/Users/tommy/.local/share/alire/toolchains/gnat_arm_elf_15.1.2_6dad003a/arm-eabi/lib/gnat/embedded-olimex_stm32_h405/gnat/a-stzsea.adb:560:12" }
node: { title: "ada__strings__wide_wide_search__index_non_blank" label: "Index_Non_Blank\n/Users/tommy/.local/share/alire/toolchains/gnat_arm_elf_15.1.2_6dad003a/arm-eabi/lib/gnat/embedded-olimex_stm32_h405/gnat/a-stzsea.adb:568:4\n0 bytes (static)\n0 dynamic objects" }
node: { title: "ada__strings__wide_wide_search__index_non_blank__2" label: "Index_Non_Blank\n/Users/tommy/.local/share/alire/toolchains/gnat_arm_elf_15.1.2_6dad003a/arm-eabi/lib/gnat/embedded-olimex_stm32_h405/gnat/a-stzsea.adb:593:4\n8 bytes (static)\n0 dynamic objects" }
edge: { sourcename: "ada__strings__wide_wide_search__index_non_blank__2" targetname: "__gnat_raise_exception" label: "/Users/tommy/.local/share/alire/toolchains/gnat_arm_elf_15.1.2_6dad003a/arm-eabi/lib/gnat/embedded-olimex_stm32_h405/gnat/a-stzsea.adb:601:13" }
edge: { sourcename: "ada__strings__wide_wide_search__index_non_blank__2" targetname: "__gnat_raise_exception" label: "/Users/tommy/.local/share/alire/toolchains/gnat_arm_elf_15.1.2_6dad003a/arm-eabi/lib/gnat/embedded-olimex_stm32_h405/gnat/a-stzsea.adb:609:13" }
}
