graph: { title: "/Users/tommy/.local/share/alire/toolchains/gnat_arm_elf_15.1.2_6dad003a/arm-eabi/lib/gnat/embedded-olimex_stm32_h405/gnat/a-stwisu.adb"
node: { title: "/Users/tommy/.local/share/alire/toolchains/gnat_arm_elf_15.1.2_6dad003a/arm-eabi/lib/gnat/embedded-olimex_stm32_h405/gnat/a-stwisu.adb:ada__strings__wide_superbounded__F1b.part.0" label: "part\n<built-in>\n8 bytes (static)\n0 dynamic objects" }
node: { title: "__gnat_raise_exception" label: "Raise_Exception_Always\n/Users/tommy/.local/share/alire/toolchains/gnat_arm_elf_15.1.2_6dad003a/arm-eabi/lib/gnat/embedded-olimex_stm32_h405/gnat/a-except.ads:186:14" shape : ellipse }
edge: { sourcename: "/Users/tommy/.local/share/alire/toolchains/gnat_arm_elf_15.1.2_6dad003a/arm-eabi/lib/gnat/embedded-olimex_stm32_h405/gnat/a-stwisu.adb:ada__strings__wide_superbounded__F1b.part.0" targetname: "__gnat_raise_exception" label: "/Users/tommy/.local/share/alire/toolchains/gnat_arm_elf_15.1.2_6dad003a/arm-eabi/lib/gnat/embedded-olimex_stm32_h405/gnat/a-stwisu.adb:54:16" }
node: { title: "/Users/tommy/.local/share/alire/toolchains/gnat_arm_elf_15.1.2_6dad003a/arm-eabi/lib/gnat/embedded-olimex_stm32_h405/gnat/a-stwisu.adb:ada__strings__wide_superbounded__F87b.part.0" label: "part\n<built-in>\n8 bytes (static)\n0 dynamic objects" }
edge: { sourcename: "/Users/tommy/.local/share/alire/toolchains/gnat_arm_elf_15.1.2_6dad003a/arm-eabi/lib/gnat/embedded-olimex_stm32_h405/gnat/a-stwisu.adb:ada__strings__wide_superbounded__F87b.part.0" targetname: "__gnat_raise_exception" label: "/Users/tommy/.local/share/alire/toolchains/gnat_arm_elf_15.1.2_6dad003a/arm-eabi/lib/gnat/embedded-olimex_stm32_h405/gnat/a-stwisu.adb:120:16" }
node: { title: "/Users/tommy/.local/share/alire/toolchains/gnat_arm_elf_15.1.2_6dad003a/arm-eabi/lib/gnat/embedded-olimex_stm32_h405/gnat/a-stwisu.adb:ada__strings__wide_superbounded__F108b.part.0" label: "part\n<built-in>\n8 bytes (static)\n0 dynamic objects" }
edge: { sourcename: "/Users/tommy/.local/share/alire/toolchains/gnat_arm_elf_15.1.2_6dad003a/arm-eabi/lib/gnat/embedded-olimex_stm32_h405/gnat/a-stwisu.adb:ada__strings__wide_superbounded__F108b.part.0" targetname: "__gnat_raise_exception" label: "/Users/tommy/.local/share/alire/toolchains/gnat_arm_elf_15.1.2_6dad003a/arm-eabi/lib/gnat/embedded-olimex_stm32_h405/gnat/a-stwisu.adb:141:16" }
node: { title: "/Users/tommy/.local/share/alire/toolchains/gnat_arm_elf_15.1.2_6dad003a/arm-eabi/lib/gnat/embedded-olimex_stm32_h405/gnat/a-stwisu.adb:ada__strings__wide_superbounded__F1037b.part.0" label: "part\n<built-in>\n8 bytes (static)\n0 dynamic objects" }
edge: { sourcename: "/Users/tommy/.local/share/alire/toolchains/gnat_arm_elf_15.1.2_6dad003a/arm-eabi/lib/gnat/embedded-olimex_stm32_h405/gnat/a-stwisu.adb:ada__strings__wide_superbounded__F1037b.part.0" targetname: "__gnat_raise_exception" label: "/Users/tommy/.local/share/alire/toolchains/gnat_arm_elf_15.1.2_6dad003a/arm-eabi/lib/gnat/embedded-olimex_stm32_h405/gnat/a-stwisu.adb:1491:13" }
node: { title: "/Users/tommy/.local/share/alire/toolchains/gnat_arm_elf_15.1.2_6dad003a/arm-eabi/lib/gnat/embedded-olimex_stm32_h405/gnat/a-stwisu.adb:ada__strings__wide_superbounded__F1053b.part.0" label: "part\n<built-in>\n8 bytes (static)\n0 dynamic objects" }
edge: { sourcename: "/Users/tommy/.local/share/alire/toolchains/gnat_arm_elf_15.1.2_6dad003a/arm-eabi/lib/gnat/embedded-olimex_stm32_h405/gnat/a-stwisu.adb:ada__strings__wide_superbounded__F1053b.part.0" targetname: "__gnat_raise_exception" label: "/Users/tommy/.local/share/alire/toolchains/gnat_arm_elf_15.1.2_6dad003a/arm-eabi/lib/gnat/embedded-olimex_stm32_h405/gnat/a-stwisu.adb:1508:13" }
node: { title: "ada__strings__wide_superbounded__super_stringIP" label: "super_stringIP\n<built-in>\n0 bytes (static)\n0 dynamic objects" }
node: { title: "ada__strings__wide_superbounded__F1b" label: "F1b\n<built-in>\n24 bytes (static)\n0 dynamic objects" }
edge: { sourcename: "ada__strings__wide_superbounded__F1b" targetname: "/Users/tommy/.local/share/alire/toolchains/gnat_arm_elf_15.1.2_6dad003a/arm-eabi/lib/gnat/embedded-olimex_stm32_h405/gnat/a-stwisu.adb:ada__strings__wide_superbounded__F1b.part.0" }
node: { title: "memmove" label: "builtin_memmove\n<built-in>" shape : ellipse }
edge: { sourcename: "ada__strings__wide_superbounded__F1b" targetname: "memmove" label: "/Users/tommy/.local/share/alire/toolchains/gnat_arm_elf_15.1.2_6dad003a/arm-eabi/lib/gnat/embedded-olimex_stm32_h405/gnat/a-stwisu.adb:57:40" }
edge: { sourcename: "ada__strings__wide_superbounded__F1b" targetname: "memmove" label: "/Users/tommy/.local/share/alire/toolchains/gnat_arm_elf_15.1.2_6dad003a/arm-eabi/lib/gnat/embedded-olimex_stm32_h405/gnat/a-stwisu.adb:58:47" }
node: { title: "ada__strings__wide_superbounded__concat" label: "Concat\n/Users/tommy/.local/share/alire/toolchains/gnat_arm_elf_15.1.2_6dad003a/arm-eabi/lib/gnat/embedded-olimex_stm32_h405/gnat/a-stwisu.adb:41:4\n24 bytes (static)\n0 dynamic objects" }
node: { title: "system__secondary_stack__ss_allocate" label: "Ss_Allocate\n/Users/tommy/.local/share/alire/toolchains/gnat_arm_elf_15.1.2_6dad003a/arm-eabi/lib/gnat/embedded-olimex_stm32_h405/gnat/s-secsta.ads:114:14" shape : ellipse }
edge: { sourcename: "ada__strings__wide_superbounded__concat" targetname: "system__secondary_stack__ss_allocate" label: "/Users/tommy/.local/share/alire/toolchains/gnat_arm_elf_15.1.2_6dad003a/arm-eabi/lib/gnat/embedded-olimex_stm32_h405/gnat/a-stwisu.adb:41:4" }
edge: { sourcename: "ada__strings__wide_superbounded__concat" targetname: "/Users/tommy/.local/share/alire/toolchains/gnat_arm_elf_15.1.2_6dad003a/arm-eabi/lib/gnat/embedded-olimex_stm32_h405/gnat/a-stwisu.adb:ada__strings__wide_superbounded__F1b.part.0" label: "/Users/tommy/.local/share/alire/toolchains/gnat_arm_elf_15.1.2_6dad003a/arm-eabi/lib/gnat/embedded-olimex_stm32_h405/gnat/a-stwisu.adb:41:4" }
edge: { sourcename: "ada__strings__wide_superbounded__concat" targetname: "memmove" label: "/Users/tommy/.local/share/alire/toolchains/gnat_arm_elf_15.1.2_6dad003a/arm-eabi/lib/gnat/embedded-olimex_stm32_h405/gnat/a-stwisu.adb:41:4" }
edge: { sourcename: "ada__strings__wide_superbounded__concat" targetname: "memmove" label: "/Users/tommy/.local/share/alire/toolchains/gnat_arm_elf_15.1.2_6dad003a/arm-eabi/lib/gnat/embedded-olimex_stm32_h405/gnat/a-stwisu.adb:41:4" }
node: { title: "ada__strings__wide_superbounded__F33b" label: "F33b\n<built-in>\n24 bytes (static)\n0 dynamic objects" }
edge: { sourcename: "ada__strings__wide_superbounded__F33b" targetname: "__gnat_raise_exception" }
edge: { sourcename: "ada__strings__wide_superbounded__F33b" targetname: "memmove" label: "/Users/tommy/.local/share/alire/toolchains/gnat_arm_elf_15.1.2_6dad003a/arm-eabi/lib/gnat/embedded-olimex_stm32_h405/gnat/a-stwisu.adb:79:40" }
edge: { sourcename: "ada__strings__wide_superbounded__F33b" targetname: "memmove" label: "/Users/tommy/.local/share/alire/toolchains/gnat_arm_elf_15.1.2_6dad003a/arm-eabi/lib/gnat/embedded-olimex_stm32_h405/gnat/a-stwisu.adb:80:47" }
node: { title: "ada__strings__wide_superbounded__concat__2" label: "Concat\n/Users/tommy/.local/share/alire/toolchains/gnat_arm_elf_15.1.2_6dad003a/arm-eabi/lib/gnat/embedded-olimex_stm32_h405/gnat/a-stwisu.adb:64:4\n24 bytes (static)\n0 dynamic objects" }
edge: { sourcename: "ada__strings__wide_superbounded__concat__2" targetname: "system__secondary_stack__ss_allocate" label: "/Users/tommy/.local/share/alire/toolchains/gnat_arm_elf_15.1.2_6dad003a/arm-eabi/lib/gnat/embedded-olimex_stm32_h405/gnat/a-stwisu.adb:64:4" }
edge: { sourcename: "ada__strings__wide_superbounded__concat__2" targetname: "__gnat_raise_exception" label: "/Users/tommy/.local/share/alire/toolchains/gnat_arm_elf_15.1.2_6dad003a/arm-eabi/lib/gnat/embedded-olimex_stm32_h405/gnat/a-stwisu.adb:64:4" }
edge: { sourcename: "ada__strings__wide_superbounded__concat__2" targetname: "memmove" label: "/Users/tommy/.local/share/alire/toolchains/gnat_arm_elf_15.1.2_6dad003a/arm-eabi/lib/gnat/embedded-olimex_stm32_h405/gnat/a-stwisu.adb:64:4" }
edge: { sourcename: "ada__strings__wide_superbounded__concat__2" targetname: "memmove" label: "/Users/tommy/.local/share/alire/toolchains/gnat_arm_elf_15.1.2_6dad003a/arm-eabi/lib/gnat/embedded-olimex_stm32_h405/gnat/a-stwisu.adb:64:4" }
node: { title: "ada__strings__wide_superbounded__F60b" label: "F60b\n<built-in>\n24 bytes (static)\n0 dynamic objects" }
edge: { sourcename: "ada__strings__wide_superbounded__F60b" targetname: "__gnat_raise_exception" }
edge: { sourcename: "ada__strings__wide_superbounded__F60b" targetname: "memmove" label: "/Users/tommy/.local/share/alire/toolchains/gnat_arm_elf_15.1.2_6dad003a/arm-eabi/lib/gnat/embedded-olimex_stm32_h405/gnat/a-stwisu.adb:102:40" }
edge: { sourcename: "ada__strings__wide_superbounded__F60b" targetname: "memmove" label: "/Users/tommy/.local/share/alire/toolchains/gnat_arm_elf_15.1.2_6dad003a/arm-eabi/lib/gnat/embedded-olimex_stm32_h405/gnat/a-stwisu.adb:103:47" }
node: { title: "ada__strings__wide_superbounded__concat__3" label: "Concat\n/Users/tommy/.local/share/alire/toolchains/gnat_arm_elf_15.1.2_6dad003a/arm-eabi/lib/gnat/embedded-olimex_stm32_h405/gnat/a-stwisu.adb:86:4\n32 bytes (static)\n0 dynamic objects" }
edge: { sourcename: "ada__strings__wide_superbounded__concat__3" targetname: "system__secondary_stack__ss_allocate" label: "/Users/tommy/.local/share/alire/toolchains/gnat_arm_elf_15.1.2_6dad003a/arm-eabi/lib/gnat/embedded-olimex_stm32_h405/gnat/a-stwisu.adb:86:4" }
edge: { sourcename: "ada__strings__wide_superbounded__concat__3" targetname: "__gnat_raise_exception" label: "/Users/tommy/.local/share/alire/toolchains/gnat_arm_elf_15.1.2_6dad003a/arm-eabi/lib/gnat/embedded-olimex_stm32_h405/gnat/a-stwisu.adb:86:4" }
edge: { sourcename: "ada__strings__wide_superbounded__concat__3" targetname: "memmove" label: "/Users/tommy/.local/share/alire/toolchains/gnat_arm_elf_15.1.2_6dad003a/arm-eabi/lib/gnat/embedded-olimex_stm32_h405/gnat/a-stwisu.adb:86:4" }
edge: { sourcename: "ada__strings__wide_superbounded__concat__3" targetname: "memmove" label: "/Users/tommy/.local/share/alire/toolchains/gnat_arm_elf_15.1.2_6dad003a/arm-eabi/lib/gnat/embedded-olimex_stm32_h405/gnat/a-stwisu.adb:86:4" }
node: { title: "ada__strings__wide_superbounded__F87b" label: "F87b\n<built-in>\n16 bytes (static)\n0 dynamic objects" }
edge: { sourcename: "ada__strings__wide_superbounded__F87b" targetname: "/Users/tommy/.local/share/alire/toolchains/gnat_arm_elf_15.1.2_6dad003a/arm-eabi/lib/gnat/embedded-olimex_stm32_h405/gnat/a-stwisu.adb:ada__strings__wide_superbounded__F87b.part.0" }
edge: { sourcename: "ada__strings__wide_superbounded__F87b" targetname: "memmove" label: "/Users/tommy/.local/share/alire/toolchains/gnat_arm_elf_15.1.2_6dad003a/arm-eabi/lib/gnat/embedded-olimex_stm32_h405/gnat/a-stwisu.adb:123:40" }
node: { title: "ada__strings__wide_superbounded__concat__4" label: "Concat\n/Users/tommy/.local/share/alire/toolchains/gnat_arm_elf_15.1.2_6dad003a/arm-eabi/lib/gnat/embedded-olimex_stm32_h405/gnat/a-stwisu.adb:109:4\n24 bytes (static)\n0 dynamic objects" }
edge: { sourcename: "ada__strings__wide_superbounded__concat__4" targetname: "system__secondary_stack__ss_allocate" label: "/Users/tommy/.local/share/alire/toolchains/gnat_arm_elf_15.1.2_6dad003a/arm-eabi/lib/gnat/embedded-olimex_stm32_h405/gnat/a-stwisu.adb:109:4" }
edge: { sourcename: "ada__strings__wide_superbounded__concat__4" targetname: "/Users/tommy/.local/share/alire/toolchains/gnat_arm_elf_15.1.2_6dad003a/arm-eabi/lib/gnat/embedded-olimex_stm32_h405/gnat/a-stwisu.adb:ada__strings__wide_superbounded__F87b.part.0" label: "/Users/tommy/.local/share/alire/toolchains/gnat_arm_elf_15.1.2_6dad003a/arm-eabi/lib/gnat/embedded-olimex_stm32_h405/gnat/a-stwisu.adb:109:4" }
edge: { sourcename: "ada__strings__wide_superbounded__concat__4" targetname: "memmove" label: "/Users/tommy/.local/share/alire/toolchains/gnat_arm_elf_15.1.2_6dad003a/arm-eabi/lib/gnat/embedded-olimex_stm32_h405/gnat/a-stwisu.adb:109:4" }
node: { title: "ada__strings__wide_superbounded__F108b" label: "F108b\n<built-in>\n8 bytes (static)\n0 dynamic objects" }
edge: { sourcename: "ada__strings__wide_superbounded__F108b" targetname: "/Users/tommy/.local/share/alire/toolchains/gnat_arm_elf_15.1.2_6dad003a/arm-eabi/lib/gnat/embedded-olimex_stm32_h405/gnat/a-stwisu.adb:ada__strings__wide_superbounded__F108b.part.0" }
edge: { sourcename: "ada__strings__wide_superbounded__F108b" targetname: "memmove" label: "/Users/tommy/.local/share/alire/toolchains/gnat_arm_elf_15.1.2_6dad003a/arm-eabi/lib/gnat/embedded-olimex_stm32_h405/gnat/a-stwisu.adb:145:57" }
node: { title: "ada__strings__wide_superbounded__concat__5" label: "Concat\n/Users/tommy/.local/share/alire/toolchains/gnat_arm_elf_15.1.2_6dad003a/arm-eabi/lib/gnat/embedded-olimex_stm32_h405/gnat/a-stwisu.adb:130:4\n16 bytes (static)\n0 dynamic objects" }
edge: { sourcename: "ada__strings__wide_superbounded__concat__5" targetname: "system__secondary_stack__ss_allocate" label: "/Users/tommy/.local/share/alire/toolchains/gnat_arm_elf_15.1.2_6dad003a/arm-eabi/lib/gnat/embedded-olimex_stm32_h405/gnat/a-stwisu.adb:130:4" }
edge: { sourcename: "ada__strings__wide_superbounded__concat__5" targetname: "/Users/tommy/.local/share/alire/toolchains/gnat_arm_elf_15.1.2_6dad003a/arm-eabi/lib/gnat/embedded-olimex_stm32_h405/gnat/a-stwisu.adb:ada__strings__wide_superbounded__F108b.part.0" label: "/Users/tommy/.local/share/alire/toolchains/gnat_arm_elf_15.1.2_6dad003a/arm-eabi/lib/gnat/embedded-olimex_stm32_h405/gnat/a-stwisu.adb:130:4" }
edge: { sourcename: "ada__strings__wide_superbounded__concat__5" targetname: "memmove" label: "/Users/tommy/.local/share/alire/toolchains/gnat_arm_elf_15.1.2_6dad003a/arm-eabi/lib/gnat/embedded-olimex_stm32_h405/gnat/a-stwisu.adb:130:4" }
node: { title: "ada__strings__wide_superbounded__Oeq" label: "=\n/Users/tommy/.local/share/alire/toolchains/gnat_arm_elf_15.1.2_6dad003a/arm-eabi/lib/gnat/embedded-olimex_stm32_h405/gnat/a-stwisu.adb:156:4\n8 bytes (static)\n0 dynamic objects" }
node: { title: "memcmp" label: "builtin_memcmp\n<built-in>" shape : ellipse }
edge: { sourcename: "ada__strings__wide_superbounded__Oeq" targetname: "memcmp" label: "/Users/tommy/.local/share/alire/toolchains/gnat_arm_elf_15.1.2_6dad003a/arm-eabi/lib/gnat/embedded-olimex_stm32_h405/gnat/a-stwisu.adb:162:55" }
node: { title: "ada__strings__wide_superbounded__equal__2" label: "Equal\n/Users/tommy/.local/share/alire/toolchains/gnat_arm_elf_15.1.2_6dad003a/arm-eabi/lib/gnat/embedded-olimex_stm32_h405/gnat/a-stwisu.adb:166:4\n8 bytes (static)\n0 dynamic objects" }
edge: { sourcename: "ada__strings__wide_superbounded__equal__2" targetname: "memcmp" label: "/Users/tommy/.local/share/alire/toolchains/gnat_arm_elf_15.1.2_6dad003a/arm-eabi/lib/gnat/embedded-olimex_stm32_h405/gnat/a-stwisu.adb:172:55" }
node: { title: "ada__strings__wide_superbounded__equal__3" label: "Equal\n/Users/tommy/.local/share/alire/toolchains/gnat_arm_elf_15.1.2_6dad003a/arm-eabi/lib/gnat/embedded-olimex_stm32_h405/gnat/a-stwisu.adb:175:4\n8 bytes (static)\n0 dynamic objects" }
edge: { sourcename: "ada__strings__wide_superbounded__equal__3" targetname: "memcmp" label: "/Users/tommy/.local/share/alire/toolchains/gnat_arm_elf_15.1.2_6dad003a/arm-eabi/lib/gnat/embedded-olimex_stm32_h405/gnat/a-stwisu.adb:181:23" }
node: { title: "ada__strings__wide_superbounded__greater" label: "Greater\n/Users/tommy/.local/share/alire/toolchains/gnat_arm_elf_15.1.2_6dad003a/arm-eabi/lib/gnat/embedded-olimex_stm32_h405/gnat/a-stwisu.adb:188:4\n8 bytes (static)\n0 dynamic objects" }
node: { title: "system__compare_array_unsigned_16__compare_array_u16" label: "Compare_Array_U16\n/Users/tommy/.local/share/alire/toolchains/gnat_arm_elf_15.1.2_6dad003a/arm-eabi/lib/gnat/embedded-olimex_stm32_h405/gnat/s-caun16.ads:41:13" shape : ellipse }
edge: { sourcename: "ada__strings__wide_superbounded__greater" targetname: "system__compare_array_unsigned_16__compare_array_u16" label: "/Users/tommy/.local/share/alire/toolchains/gnat_arm_elf_15.1.2_6dad003a/arm-eabi/lib/gnat/embedded-olimex_stm32_h405/gnat/a-stwisu.adb:193:51" }
node: { title: "ada__strings__wide_superbounded__greater__2" label: "Greater\n/Users/tommy/.local/share/alire/toolchains/gnat_arm_elf_15.1.2_6dad003a/arm-eabi/lib/gnat/embedded-olimex_stm32_h405/gnat/a-stwisu.adb:197:4\n8 bytes (static)\n0 dynamic objects" }
edge: { sourcename: "ada__strings__wide_superbounded__greater__2" targetname: "system__compare_array_unsigned_16__compare_array_u16" label: "/Users/tommy/.local/share/alire/toolchains/gnat_arm_elf_15.1.2_6dad003a/arm-eabi/lib/gnat/embedded-olimex_stm32_h405/gnat/a-stwisu.adb:202:51" }
node: { title: "ada__strings__wide_superbounded__greater__3" label: "Greater\n/Users/tommy/.local/share/alire/toolchains/gnat_arm_elf_15.1.2_6dad003a/arm-eabi/lib/gnat/embedded-olimex_stm32_h405/gnat/a-stwisu.adb:205:4\n8 bytes (static)\n0 dynamic objects" }
edge: { sourcename: "ada__strings__wide_superbounded__greater__3" targetname: "system__compare_array_unsigned_16__compare_array_u16" label: "/Users/tommy/.local/share/alire/toolchains/gnat_arm_elf_15.1.2_6dad003a/arm-eabi/lib/gnat/embedded-olimex_stm32_h405/gnat/a-stwisu.adb:210:19" }
node: { title: "ada__strings__wide_superbounded__greater_or_equal" label: "Greater_Or_Equal\n/Users/tommy/.local/share/alire/toolchains/gnat_arm_elf_15.1.2_6dad003a/arm-eabi/lib/gnat/embedded-olimex_stm32_h405/gnat/a-stwisu.adb:217:4\n8 bytes (static)\n0 dynamic objects" }
edge: { sourcename: "ada__strings__wide_superbounded__greater_or_equal" targetname: "system__compare_array_unsigned_16__compare_array_u16" label: "/Users/tommy/.local/share/alire/toolchains/gnat_arm_elf_15.1.2_6dad003a/arm-eabi/lib/gnat/embedded-olimex_stm32_h405/gnat/a-stwisu.adb:222:51" }
node: { title: "ada__strings__wide_superbounded__greater_or_equal__2" label: "Greater_Or_Equal\n/Users/tommy/.local/share/alire/toolchains/gnat_arm_elf_15.1.2_6dad003a/arm-eabi/lib/gnat/embedded-olimex_stm32_h405/gnat/a-stwisu.adb:226:4\n8 bytes (static)\n0 dynamic objects" }
edge: { sourcename: "ada__strings__wide_superbounded__greater_or_equal__2" targetname: "system__compare_array_unsigned_16__compare_array_u16" label: "/Users/tommy/.local/share/alire/toolchains/gnat_arm_elf_15.1.2_6dad003a/arm-eabi/lib/gnat/embedded-olimex_stm32_h405/gnat/a-stwisu.adb:231:51" }
node: { title: "ada__strings__wide_superbounded__greater_or_equal__3" label: "Greater_Or_Equal\n/Users/tommy/.local/share/alire/toolchains/gnat_arm_elf_15.1.2_6dad003a/arm-eabi/lib/gnat/embedded-olimex_stm32_h405/gnat/a-stwisu.adb:234:4\n8 bytes (static)\n0 dynamic objects" }
edge: { sourcename: "ada__strings__wide_superbounded__greater_or_equal__3" targetname: "system__compare_array_unsigned_16__compare_array_u16" label: "/Users/tommy/.local/share/alire/toolchains/gnat_arm_elf_15.1.2_6dad003a/arm-eabi/lib/gnat/embedded-olimex_stm32_h405/gnat/a-stwisu.adb:239:19" }
node: { title: "ada__strings__wide_superbounded__less" label: "Less\n/Users/tommy/.local/share/alire/toolchains/gnat_arm_elf_15.1.2_6dad003a/arm-eabi/lib/gnat/embedded-olimex_stm32_h405/gnat/a-stwisu.adb:246:4\n8 bytes (static)\n0 dynamic objects" }
edge: { sourcename: "ada__strings__wide_superbounded__less" targetname: "system__compare_array_unsigned_16__compare_array_u16" label: "/Users/tommy/.local/share/alire/toolchains/gnat_arm_elf_15.1.2_6dad003a/arm-eabi/lib/gnat/embedded-olimex_stm32_h405/gnat/a-stwisu.adb:251:51" }
node: { title: "ada__strings__wide_superbounded__less__2" label: "Less\n/Users/tommy/.local/share/alire/toolchains/gnat_arm_elf_15.1.2_6dad003a/arm-eabi/lib/gnat/embedded-olimex_stm32_h405/gnat/a-stwisu.adb:255:4\n8 bytes (static)\n0 dynamic objects" }
edge: { sourcename: "ada__strings__wide_superbounded__less__2" targetname: "system__compare_array_unsigned_16__compare_array_u16" label: "/Users/tommy/.local/share/alire/toolchains/gnat_arm_elf_15.1.2_6dad003a/arm-eabi/lib/gnat/embedded-olimex_stm32_h405/gnat/a-stwisu.adb:260:51" }
node: { title: "ada__strings__wide_superbounded__less__3" label: "Less\n/Users/tommy/.local/share/alire/toolchains/gnat_arm_elf_15.1.2_6dad003a/arm-eabi/lib/gnat/embedded-olimex_stm32_h405/gnat/a-stwisu.adb:263:4\n8 bytes (static)\n0 dynamic objects" }
edge: { sourcename: "ada__strings__wide_superbounded__less__3" targetname: "system__compare_array_unsigned_16__compare_array_u16" label: "/Users/tommy/.local/share/alire/toolchains/gnat_arm_elf_15.1.2_6dad003a/arm-eabi/lib/gnat/embedded-olimex_stm32_h405/gnat/a-stwisu.adb:268:19" }
node: { title: "ada__strings__wide_superbounded__less_or_equal" label: "Less_Or_Equal\n/Users/tommy/.local/share/alire/toolchains/gnat_arm_elf_15.1.2_6dad003a/arm-eabi/lib/gnat/embedded-olimex_stm32_h405/gnat/a-stwisu.adb:275:4\n8 bytes (static)\n0 dynamic objects" }
edge: { sourcename: "ada__strings__wide_superbounded__less_or_equal" targetname: "system__compare_array_unsigned_16__compare_array_u16" label: "/Users/tommy/.local/share/alire/toolchains/gnat_arm_elf_15.1.2_6dad003a/arm-eabi/lib/gnat/embedded-olimex_stm32_h405/gnat/a-stwisu.adb:280:51" }
node: { title: "ada__strings__wide_superbounded__less_or_equal__2" label: "Less_Or_Equal\n/Users/tommy/.local/share/alire/toolchains/gnat_arm_elf_15.1.2_6dad003a/arm-eabi/lib/gnat/embedded-olimex_stm32_h405/gnat/a-stwisu.adb:284:4\n8 bytes (static)\n0 dynamic objects" }
edge: { sourcename: "ada__strings__wide_superbounded__less_or_equal__2" targetname: "system__compare_array_unsigned_16__compare_array_u16" label: "/Users/tommy/.local/share/alire/toolchains/gnat_arm_elf_15.1.2_6dad003a/arm-eabi/lib/gnat/embedded-olimex_stm32_h405/gnat/a-stwisu.adb:289:51" }
node: { title: "ada__strings__wide_superbounded__less_or_equal__3" label: "Less_Or_Equal\n/Users/tommy/.local/share/alire/toolchains/gnat_arm_elf_15.1.2_6dad003a/arm-eabi/lib/gnat/embedded-olimex_stm32_h405/gnat/a-stwisu.adb:292:4\n8 bytes (static)\n0 dynamic objects" }
edge: { sourcename: "ada__strings__wide_superbounded__less_or_equal__3" targetname: "system__compare_array_unsigned_16__compare_array_u16" label: "/Users/tommy/.local/share/alire/toolchains/gnat_arm_elf_15.1.2_6dad003a/arm-eabi/lib/gnat/embedded-olimex_stm32_h405/gnat/a-stwisu.adb:297:19" }
node: { title: "ada__strings__wide_superbounded__put_image" label: "Put_Image\n/Users/tommy/.local/share/alire/toolchains/gnat_arm_elf_15.1.2_6dad003a/arm-eabi/lib/gnat/embedded-olimex_stm32_h405/gnat/a-stwisu.adb:304:4\n24 bytes (static)\n0 dynamic objects" }
node: { title: "system__secondary_stack__ss_mark" label: "Ss_Mark\n/Users/tommy/.local/share/alire/toolchains/gnat_arm_elf_15.1.2_6dad003a/arm-eabi/lib/gnat/embedded-olimex_stm32_h405/gnat/s-secsta.ads:125:13" shape : ellipse }
edge: { sourcename: "ada__strings__wide_superbounded__put_image" targetname: "system__secondary_stack__ss_mark" }
edge: { sourcename: "ada__strings__wide_superbounded__put_image" targetname: "system__secondary_stack__ss_allocate" label: "/Users/tommy/.local/share/alire/toolchains/gnat_arm_elf_15.1.2_6dad003a/arm-eabi/lib/gnat/embedded-olimex_stm32_h405/gnat/a-stwisu.adb:1641:4" }
node: { title: "memcpy" label: "builtin_memcpy\n<built-in>" shape : ellipse }
edge: { sourcename: "ada__strings__wide_superbounded__put_image" targetname: "memcpy" }
node: { title: "system__put_images__put_image_wide_string" label: "Put_Image_Wide_String\n/Users/tommy/.local/share/alire/toolchains/gnat_arm_elf_15.1.2_6dad003a/arm-eabi/lib/gnat/embedded-olimex_stm32_h405/gnat/s-putima.ads:92:14" shape : ellipse }
edge: { sourcename: "ada__strings__wide_superbounded__put_image" targetname: "system__put_images__put_image_wide_string" label: "/Users/tommy/.local/share/alire/toolchains/gnat_arm_elf_15.1.2_6dad003a/arm-eabi/lib/gnat/embedded-olimex_stm32_h405/gnat/a-stwisu.adb:308:18" }
node: { title: "system__secondary_stack__ss_release" label: "Ss_Release\n/Users/tommy/.local/share/alire/toolchains/gnat_arm_elf_15.1.2_6dad003a/arm-eabi/lib/gnat/embedded-olimex_stm32_h405/gnat/s-secsta.ads:128:14" shape : ellipse }
edge: { sourcename: "ada__strings__wide_superbounded__put_image" targetname: "system__secondary_stack__ss_release" label: "/Users/tommy/.local/share/alire/toolchains/gnat_arm_elf_15.1.2_6dad003a/arm-eabi/lib/gnat/embedded-olimex_stm32_h405/gnat/a-stwisu.adb:308:0" }
edge: { sourcename: "ada__strings__wide_superbounded__put_image" targetname: "system__secondary_stack__ss_release" label: "/Users/tommy/.local/share/alire/toolchains/gnat_arm_elf_15.1.2_6dad003a/arm-eabi/lib/gnat/embedded-olimex_stm32_h405/gnat/a-stwisu.adb:308:0" }
node: { title: "_Unwind_Resume" label: "builtin_unwind_resume\n<built-in>" shape : ellipse }
edge: { sourcename: "ada__strings__wide_superbounded__put_image" targetname: "_Unwind_Resume" }
node: { title: "ada__strings__wide_superbounded__super_stringPI" label: "super_stringPI\n<built-in>\n0 bytes (static)\n0 dynamic objects" }
edge: { sourcename: "ada__strings__wide_superbounded__super_stringPI" targetname: "ada__strings__wide_superbounded__put_image" label: "/Users/tommy/.local/share/alire/toolchains/gnat_arm_elf_15.1.2_6dad003a/arm-eabi/lib/gnat/embedded-olimex_stm32_h405/gnat/a-stwisu.ads:59:9" }
node: { title: "ada__strings__wide_superbounded__set_super_string" label: "Set_Super_String\n/Users/tommy/.local/share/alire/toolchains/gnat_arm_elf_15.1.2_6dad003a/arm-eabi/lib/gnat/embedded-olimex_stm32_h405/gnat/a-stwisu.adb:315:4\n8 bytes (static)\n0 dynamic objects" }
edge: { sourcename: "ada__strings__wide_superbounded__set_super_string" targetname: "memcpy" }
edge: { sourcename: "ada__strings__wide_superbounded__set_super_string" targetname: "memmove" label: "/Users/tommy/.local/share/alire/toolchains/gnat_arm_elf_15.1.2_6dad003a/arm-eabi/lib/gnat/embedded-olimex_stm32_h405/gnat/a-stwisu.adb:332:46" }
edge: { sourcename: "ada__strings__wide_superbounded__set_super_string" targetname: "memmove" label: "/Users/tommy/.local/share/alire/toolchains/gnat_arm_elf_15.1.2_6dad003a/arm-eabi/lib/gnat/embedded-olimex_stm32_h405/gnat/a-stwisu.adb:337:46" }
edge: { sourcename: "ada__strings__wide_superbounded__set_super_string" targetname: "__gnat_raise_exception" label: "/Users/tommy/.local/share/alire/toolchains/gnat_arm_elf_15.1.2_6dad003a/arm-eabi/lib/gnat/embedded-olimex_stm32_h405/gnat/a-stwisu.adb:341:16" }
node: { title: "ada__strings__wide_superbounded__super_append" label: "Super_Append\n/Users/tommy/.local/share/alire/toolchains/gnat_arm_elf_15.1.2_6dad003a/arm-eabi/lib/gnat/embedded-olimex_stm32_h405/gnat/a-stwisu.adb:352:4\n40 bytes (static)\n0 dynamic objects" }
edge: { sourcename: "ada__strings__wide_superbounded__super_append" targetname: "system__secondary_stack__ss_allocate" label: "/Users/tommy/.local/share/alire/toolchains/gnat_arm_elf_15.1.2_6dad003a/arm-eabi/lib/gnat/embedded-olimex_stm32_h405/gnat/a-stwisu.adb:352:4" }
edge: { sourcename: "ada__strings__wide_superbounded__super_append" targetname: "memmove" label: "/Users/tommy/.local/share/alire/toolchains/gnat_arm_elf_15.1.2_6dad003a/arm-eabi/lib/gnat/embedded-olimex_stm32_h405/gnat/a-stwisu.adb:366:34" }
edge: { sourcename: "ada__strings__wide_superbounded__super_append" targetname: "memmove" label: "/Users/tommy/.local/share/alire/toolchains/gnat_arm_elf_15.1.2_6dad003a/arm-eabi/lib/gnat/embedded-olimex_stm32_h405/gnat/a-stwisu.adb:367:41" }
edge: { sourcename: "ada__strings__wide_superbounded__super_append" targetname: "memcpy" }
edge: { sourcename: "ada__strings__wide_superbounded__super_append" targetname: "memmove" label: "/Users/tommy/.local/share/alire/toolchains/gnat_arm_elf_15.1.2_6dad003a/arm-eabi/lib/gnat/embedded-olimex_stm32_h405/gnat/a-stwisu.adb:378:43" }
edge: { sourcename: "ada__strings__wide_superbounded__super_append" targetname: "memmove" label: "/Users/tommy/.local/share/alire/toolchains/gnat_arm_elf_15.1.2_6dad003a/arm-eabi/lib/gnat/embedded-olimex_stm32_h405/gnat/a-stwisu.adb:379:56" }
edge: { sourcename: "ada__strings__wide_superbounded__super_append" targetname: "memcpy" }
edge: { sourcename: "ada__strings__wide_superbounded__super_append" targetname: "memmove" label: "/Users/tommy/.local/share/alire/toolchains/gnat_arm_elf_15.1.2_6dad003a/arm-eabi/lib/gnat/embedded-olimex_stm32_h405/gnat/a-stwisu.adb:388:56" }
edge: { sourcename: "ada__strings__wide_superbounded__super_append" targetname: "memmove" label: "/Users/tommy/.local/share/alire/toolchains/gnat_arm_elf_15.1.2_6dad003a/arm-eabi/lib/gnat/embedded-olimex_stm32_h405/gnat/a-stwisu.adb:390:69" }
edge: { sourcename: "ada__strings__wide_superbounded__super_append" targetname: "__gnat_raise_exception" label: "/Users/tommy/.local/share/alire/toolchains/gnat_arm_elf_15.1.2_6dad003a/arm-eabi/lib/gnat/embedded-olimex_stm32_h405/gnat/a-stwisu.adb:395:16" }
node: { title: "ada__strings__wide_superbounded__super_append__6" label: "Super_Append\n/Users/tommy/.local/share/alire/toolchains/gnat_arm_elf_15.1.2_6dad003a/arm-eabi/lib/gnat/embedded-olimex_stm32_h405/gnat/a-stwisu.adb:402:4\n24 bytes (static)\n0 dynamic objects" }
edge: { sourcename: "ada__strings__wide_superbounded__super_append__6" targetname: "memmove" label: "/Users/tommy/.local/share/alire/toolchains/gnat_arm_elf_15.1.2_6dad003a/arm-eabi/lib/gnat/embedded-olimex_stm32_h405/gnat/a-stwisu.adb:415:41" }
edge: { sourcename: "ada__strings__wide_superbounded__super_append__6" targetname: "memmove" label: "/Users/tommy/.local/share/alire/toolchains/gnat_arm_elf_15.1.2_6dad003a/arm-eabi/lib/gnat/embedded-olimex_stm32_h405/gnat/a-stwisu.adb:423:56" }
edge: { sourcename: "ada__strings__wide_superbounded__super_append__6" targetname: "memcpy" }
edge: { sourcename: "ada__strings__wide_superbounded__super_append__6" targetname: "memmove" label: "/Users/tommy/.local/share/alire/toolchains/gnat_arm_elf_15.1.2_6dad003a/arm-eabi/lib/gnat/embedded-olimex_stm32_h405/gnat/a-stwisu.adb:432:56" }
edge: { sourcename: "ada__strings__wide_superbounded__super_append__6" targetname: "memmove" label: "/Users/tommy/.local/share/alire/toolchains/gnat_arm_elf_15.1.2_6dad003a/arm-eabi/lib/gnat/embedded-olimex_stm32_h405/gnat/a-stwisu.adb:434:69" }
edge: { sourcename: "ada__strings__wide_superbounded__super_append__6" targetname: "__gnat_raise_exception" label: "/Users/tommy/.local/share/alire/toolchains/gnat_arm_elf_15.1.2_6dad003a/arm-eabi/lib/gnat/embedded-olimex_stm32_h405/gnat/a-stwisu.adb:439:16" }
node: { title: "ada__strings__wide_superbounded__super_append__2" label: "Super_Append\n/Users/tommy/.local/share/alire/toolchains/gnat_arm_elf_15.1.2_6dad003a/arm-eabi/lib/gnat/embedded-olimex_stm32_h405/gnat/a-stwisu.adb:447:4\n48 bytes (static)\n0 dynamic objects" }
edge: { sourcename: "ada__strings__wide_superbounded__super_append__2" targetname: "system__secondary_stack__ss_allocate" label: "/Users/tommy/.local/share/alire/toolchains/gnat_arm_elf_15.1.2_6dad003a/arm-eabi/lib/gnat/embedded-olimex_stm32_h405/gnat/a-stwisu.adb:447:4" }
edge: { sourcename: "ada__strings__wide_superbounded__super_append__2" targetname: "memmove" label: "/Users/tommy/.local/share/alire/toolchains/gnat_arm_elf_15.1.2_6dad003a/arm-eabi/lib/gnat/embedded-olimex_stm32_h405/gnat/a-stwisu.adb:461:34" }
edge: { sourcename: "ada__strings__wide_superbounded__super_append__2" targetname: "memcpy" }
edge: { sourcename: "ada__strings__wide_superbounded__super_append__2" targetname: "memcpy" }
edge: { sourcename: "ada__strings__wide_superbounded__super_append__2" targetname: "memmove" label: "/Users/tommy/.local/share/alire/toolchains/gnat_arm_elf_15.1.2_6dad003a/arm-eabi/lib/gnat/embedded-olimex_stm32_h405/gnat/a-stwisu.adb:473:43" }
edge: { sourcename: "ada__strings__wide_superbounded__super_append__2" targetname: "memmove" label: "/Users/tommy/.local/share/alire/toolchains/gnat_arm_elf_15.1.2_6dad003a/arm-eabi/lib/gnat/embedded-olimex_stm32_h405/gnat/a-stwisu.adb:474:56" }
edge: { sourcename: "ada__strings__wide_superbounded__super_append__2" targetname: "memmove" label: "/Users/tommy/.local/share/alire/toolchains/gnat_arm_elf_15.1.2_6dad003a/arm-eabi/lib/gnat/embedded-olimex_stm32_h405/gnat/a-stwisu.adb:482:49" }
edge: { sourcename: "ada__strings__wide_superbounded__super_append__2" targetname: "memmove" label: "/Users/tommy/.local/share/alire/toolchains/gnat_arm_elf_15.1.2_6dad003a/arm-eabi/lib/gnat/embedded-olimex_stm32_h405/gnat/a-stwisu.adb:486:56" }
edge: { sourcename: "ada__strings__wide_superbounded__super_append__2" targetname: "memcpy" }
edge: { sourcename: "ada__strings__wide_superbounded__super_append__2" targetname: "__gnat_raise_exception" label: "/Users/tommy/.local/share/alire/toolchains/gnat_arm_elf_15.1.2_6dad003a/arm-eabi/lib/gnat/embedded-olimex_stm32_h405/gnat/a-stwisu.adb:493:16" }
node: { title: "ada__strings__wide_superbounded__super_append__7" label: "Super_Append\n/Users/tommy/.local/share/alire/toolchains/gnat_arm_elf_15.1.2_6dad003a/arm-eabi/lib/gnat/embedded-olimex_stm32_h405/gnat/a-stwisu.adb:500:4\n24 bytes (static)\n0 dynamic objects" }
edge: { sourcename: "ada__strings__wide_superbounded__super_append__7" targetname: "memcpy" }
edge: { sourcename: "ada__strings__wide_superbounded__super_append__7" targetname: "memmove" label: "/Users/tommy/.local/share/alire/toolchains/gnat_arm_elf_15.1.2_6dad003a/arm-eabi/lib/gnat/embedded-olimex_stm32_h405/gnat/a-stwisu.adb:521:56" }
edge: { sourcename: "ada__strings__wide_superbounded__super_append__7" targetname: "memmove" label: "/Users/tommy/.local/share/alire/toolchains/gnat_arm_elf_15.1.2_6dad003a/arm-eabi/lib/gnat/embedded-olimex_stm32_h405/gnat/a-stwisu.adb:528:49" }
edge: { sourcename: "ada__strings__wide_superbounded__super_append__7" targetname: "memmove" label: "/Users/tommy/.local/share/alire/toolchains/gnat_arm_elf_15.1.2_6dad003a/arm-eabi/lib/gnat/embedded-olimex_stm32_h405/gnat/a-stwisu.adb:533:56" }
edge: { sourcename: "ada__strings__wide_superbounded__super_append__7" targetname: "memcpy" }
edge: { sourcename: "ada__strings__wide_superbounded__super_append__7" targetname: "__gnat_raise_exception" label: "/Users/tommy/.local/share/alire/toolchains/gnat_arm_elf_15.1.2_6dad003a/arm-eabi/lib/gnat/embedded-olimex_stm32_h405/gnat/a-stwisu.adb:540:16" }
node: { title: "ada__strings__wide_superbounded__super_append__3" label: "Super_Append\n/Users/tommy/.local/share/alire/toolchains/gnat_arm_elf_15.1.2_6dad003a/arm-eabi/lib/gnat/embedded-olimex_stm32_h405/gnat/a-stwisu.adb:548:4\n48 bytes (static)\n0 dynamic objects" }
edge: { sourcename: "ada__strings__wide_superbounded__super_append__3" targetname: "system__secondary_stack__ss_allocate" label: "/Users/tommy/.local/share/alire/toolchains/gnat_arm_elf_15.1.2_6dad003a/arm-eabi/lib/gnat/embedded-olimex_stm32_h405/gnat/a-stwisu.adb:548:4" }
edge: { sourcename: "ada__strings__wide_superbounded__super_append__3" targetname: "memcpy" }
edge: { sourcename: "ada__strings__wide_superbounded__super_append__3" targetname: "memmove" label: "/Users/tommy/.local/share/alire/toolchains/gnat_arm_elf_15.1.2_6dad003a/arm-eabi/lib/gnat/embedded-olimex_stm32_h405/gnat/a-stwisu.adb:563:48" }
edge: { sourcename: "ada__strings__wide_superbounded__super_append__3" targetname: "memmove" label: "/Users/tommy/.local/share/alire/toolchains/gnat_arm_elf_15.1.2_6dad003a/arm-eabi/lib/gnat/embedded-olimex_stm32_h405/gnat/a-stwisu.adb:571:49" }
edge: { sourcename: "ada__strings__wide_superbounded__super_append__3" targetname: "memcpy" }
edge: { sourcename: "ada__strings__wide_superbounded__super_append__3" targetname: "memmove" label: "/Users/tommy/.local/share/alire/toolchains/gnat_arm_elf_15.1.2_6dad003a/arm-eabi/lib/gnat/embedded-olimex_stm32_h405/gnat/a-stwisu.adb:576:56" }
edge: { sourcename: "ada__strings__wide_superbounded__super_append__3" targetname: "memmove" label: "/Users/tommy/.local/share/alire/toolchains/gnat_arm_elf_15.1.2_6dad003a/arm-eabi/lib/gnat/embedded-olimex_stm32_h405/gnat/a-stwisu.adb:582:49" }
edge: { sourcename: "ada__strings__wide_superbounded__super_append__3" targetname: "memmove" label: "/Users/tommy/.local/share/alire/toolchains/gnat_arm_elf_15.1.2_6dad003a/arm-eabi/lib/gnat/embedded-olimex_stm32_h405/gnat/a-stwisu.adb:586:56" }
edge: { sourcename: "ada__strings__wide_superbounded__super_append__3" targetname: "memmove" label: "/Users/tommy/.local/share/alire/toolchains/gnat_arm_elf_15.1.2_6dad003a/arm-eabi/lib/gnat/embedded-olimex_stm32_h405/gnat/a-stwisu.adb:588:69" }
edge: { sourcename: "ada__strings__wide_superbounded__super_append__3" targetname: "__gnat_raise_exception" label: "/Users/tommy/.local/share/alire/toolchains/gnat_arm_elf_15.1.2_6dad003a/arm-eabi/lib/gnat/embedded-olimex_stm32_h405/gnat/a-stwisu.adb:593:16" }
node: { title: "ada__strings__wide_superbounded__super_append__4" label: "Super_Append\n/Users/tommy/.local/share/alire/toolchains/gnat_arm_elf_15.1.2_6dad003a/arm-eabi/lib/gnat/embedded-olimex_stm32_h405/gnat/a-stwisu.adb:602:4\n32 bytes (static)\n0 dynamic objects" }
edge: { sourcename: "ada__strings__wide_superbounded__super_append__4" targetname: "system__secondary_stack__ss_allocate" label: "/Users/tommy/.local/share/alire/toolchains/gnat_arm_elf_15.1.2_6dad003a/arm-eabi/lib/gnat/embedded-olimex_stm32_h405/gnat/a-stwisu.adb:602:4" }
edge: { sourcename: "ada__strings__wide_superbounded__super_append__4" targetname: "memmove" label: "/Users/tommy/.local/share/alire/toolchains/gnat_arm_elf_15.1.2_6dad003a/arm-eabi/lib/gnat/embedded-olimex_stm32_h405/gnat/a-stwisu.adb:614:34" }
edge: { sourcename: "ada__strings__wide_superbounded__super_append__4" targetname: "system__secondary_stack__ss_allocate" label: "/Users/tommy/.local/share/alire/toolchains/gnat_arm_elf_15.1.2_6dad003a/arm-eabi/lib/gnat/embedded-olimex_stm32_h405/gnat/a-stwisu.adb:621:16" }
edge: { sourcename: "ada__strings__wide_superbounded__super_append__4" targetname: "memcpy" }
edge: { sourcename: "ada__strings__wide_superbounded__super_append__4" targetname: "memmove" label: "/Users/tommy/.local/share/alire/toolchains/gnat_arm_elf_15.1.2_6dad003a/arm-eabi/lib/gnat/embedded-olimex_stm32_h405/gnat/a-stwisu.adb:625:50" }
edge: { sourcename: "ada__strings__wide_superbounded__super_append__4" targetname: "__gnat_raise_exception" label: "/Users/tommy/.local/share/alire/toolchains/gnat_arm_elf_15.1.2_6dad003a/arm-eabi/lib/gnat/embedded-olimex_stm32_h405/gnat/a-stwisu.adb:631:16" }
node: { title: "ada__strings__wide_superbounded__super_append__8" label: "Super_Append\n/Users/tommy/.local/share/alire/toolchains/gnat_arm_elf_15.1.2_6dad003a/arm-eabi/lib/gnat/embedded-olimex_stm32_h405/gnat/a-stwisu.adb:636:4\n24 bytes (static)\n0 dynamic objects" }
edge: { sourcename: "ada__strings__wide_superbounded__super_append__8" targetname: "memmove" label: "/Users/tommy/.local/share/alire/toolchains/gnat_arm_elf_15.1.2_6dad003a/arm-eabi/lib/gnat/embedded-olimex_stm32_h405/gnat/a-stwisu.adb:657:50" }
edge: { sourcename: "ada__strings__wide_superbounded__super_append__8" targetname: "__gnat_raise_exception" label: "/Users/tommy/.local/share/alire/toolchains/gnat_arm_elf_15.1.2_6dad003a/arm-eabi/lib/gnat/embedded-olimex_stm32_h405/gnat/a-stwisu.adb:662:16" }
node: { title: "ada__strings__wide_superbounded__super_append__5" label: "Super_Append\n/Users/tommy/.local/share/alire/toolchains/gnat_arm_elf_15.1.2_6dad003a/arm-eabi/lib/gnat/embedded-olimex_stm32_h405/gnat/a-stwisu.adb:670:4\n32 bytes (static)\n0 dynamic objects" }
edge: { sourcename: "ada__strings__wide_superbounded__super_append__5" targetname: "system__secondary_stack__ss_allocate" label: "/Users/tommy/.local/share/alire/toolchains/gnat_arm_elf_15.1.2_6dad003a/arm-eabi/lib/gnat/embedded-olimex_stm32_h405/gnat/a-stwisu.adb:670:4" }
edge: { sourcename: "ada__strings__wide_superbounded__super_append__5" targetname: "memmove" label: "/Users/tommy/.local/share/alire/toolchains/gnat_arm_elf_15.1.2_6dad003a/arm-eabi/lib/gnat/embedded-olimex_stm32_h405/gnat/a-stwisu.adb:683:38" }
edge: { sourcename: "ada__strings__wide_superbounded__super_append__5" targetname: "memmove" label: "/Users/tommy/.local/share/alire/toolchains/gnat_arm_elf_15.1.2_6dad003a/arm-eabi/lib/gnat/embedded-olimex_stm32_h405/gnat/a-stwisu.adb:691:46" }
edge: { sourcename: "ada__strings__wide_superbounded__super_append__5" targetname: "system__secondary_stack__ss_allocate" label: "/Users/tommy/.local/share/alire/toolchains/gnat_arm_elf_15.1.2_6dad003a/arm-eabi/lib/gnat/embedded-olimex_stm32_h405/gnat/a-stwisu.adb:696:16" }
edge: { sourcename: "ada__strings__wide_superbounded__super_append__5" targetname: "memcpy" }
edge: { sourcename: "ada__strings__wide_superbounded__super_append__5" targetname: "__gnat_raise_exception" label: "/Users/tommy/.local/share/alire/toolchains/gnat_arm_elf_15.1.2_6dad003a/arm-eabi/lib/gnat/embedded-olimex_stm32_h405/gnat/a-stwisu.adb:699:16" }
node: { title: "ada__strings__wide_superbounded__super_count" label: "Super_Count\n/Users/tommy/.local/share/alire/toolchains/gnat_arm_elf_15.1.2_6dad003a/arm-eabi/lib/gnat/embedded-olimex_stm32_h405/gnat/a-stwisu.adb:708:4\n24 bytes (static)\n0 dynamic objects" }
node: { title: "ada__strings__wide_search__count" label: "Count\n/Users/tommy/.local/share/alire/toolchains/gnat_arm_elf_15.1.2_6dad003a/arm-eabi/lib/gnat/embedded-olimex_stm32_h405/gnat/a-stwise.ads:94:13" shape : ellipse }
edge: { sourcename: "ada__strings__wide_superbounded__super_count" targetname: "ada__strings__wide_search__count" label: "/Users/tommy/.local/share/alire/toolchains/gnat_arm_elf_15.1.2_6dad003a/arm-eabi/lib/gnat/embedded-olimex_stm32_h405/gnat/a-stwisu.adb:716:20" }
node: { title: "ada__strings__wide_superbounded__super_count__2" label: "Super_Count\n/Users/tommy/.local/share/alire/toolchains/gnat_arm_elf_15.1.2_6dad003a/arm-eabi/lib/gnat/embedded-olimex_stm32_h405/gnat/a-stwisu.adb:720:4\n24 bytes (static)\n0 dynamic objects" }
node: { title: "ada__strings__wide_search__count__2" label: "Count\n/Users/tommy/.local/share/alire/toolchains/gnat_arm_elf_15.1.2_6dad003a/arm-eabi/lib/gnat/embedded-olimex_stm32_h405/gnat/a-stwise.ads:100:13" shape : ellipse }
edge: { sourcename: "ada__strings__wide_superbounded__super_count__2" targetname: "ada__strings__wide_search__count__2" label: "/Users/tommy/.local/share/alire/toolchains/gnat_arm_elf_15.1.2_6dad003a/arm-eabi/lib/gnat/embedded-olimex_stm32_h405/gnat/a-stwisu.adb:727:20" }
node: { title: "ada__strings__wide_superbounded__super_count__3" label: "Super_Count\n/Users/tommy/.local/share/alire/toolchains/gnat_arm_elf_15.1.2_6dad003a/arm-eabi/lib/gnat/embedded-olimex_stm32_h405/gnat/a-stwisu.adb:731:4\n16 bytes (static)\n0 dynamic objects" }
node: { title: "ada__strings__wide_search__count__3" label: "Count\n/Users/tommy/.local/share/alire/toolchains/gnat_arm_elf_15.1.2_6dad003a/arm-eabi/lib/gnat/embedded-olimex_stm32_h405/gnat/a-stwise.ads:105:13" shape : ellipse }
edge: { sourcename: "ada__strings__wide_superbounded__super_count__3" targetname: "ada__strings__wide_search__count__3" label: "/Users/tommy/.local/share/alire/toolchains/gnat_arm_elf_15.1.2_6dad003a/arm-eabi/lib/gnat/embedded-olimex_stm32_h405/gnat/a-stwisu.adb:736:25" }
node: { title: "ada__strings__wide_superbounded__super_delete" label: "Super_Delete\n/Users/tommy/.local/share/alire/toolchains/gnat_arm_elf_15.1.2_6dad003a/arm-eabi/lib/gnat/embedded-olimex_stm32_h405/gnat/a-stwisu.adb:743:4\n24 bytes (static)\n0 dynamic objects" }
edge: { sourcename: "ada__strings__wide_superbounded__super_delete" targetname: "system__secondary_stack__ss_allocate" label: "/Users/tommy/.local/share/alire/toolchains/gnat_arm_elf_15.1.2_6dad003a/arm-eabi/lib/gnat/embedded-olimex_stm32_h405/gnat/a-stwisu.adb:743:4" }
edge: { sourcename: "ada__strings__wide_superbounded__super_delete" targetname: "system__secondary_stack__ss_allocate" label: "/Users/tommy/.local/share/alire/toolchains/gnat_arm_elf_15.1.2_6dad003a/arm-eabi/lib/gnat/embedded-olimex_stm32_h405/gnat/a-stwisu.adb:754:10" }
edge: { sourcename: "ada__strings__wide_superbounded__super_delete" targetname: "memcpy" }
edge: { sourcename: "ada__strings__wide_superbounded__super_delete" targetname: "__gnat_raise_exception" label: "/Users/tommy/.local/share/alire/toolchains/gnat_arm_elf_15.1.2_6dad003a/arm-eabi/lib/gnat/embedded-olimex_stm32_h405/gnat/a-stwisu.adb:757:10" }
edge: { sourcename: "ada__strings__wide_superbounded__super_delete" targetname: "memmove" label: "/Users/tommy/.local/share/alire/toolchains/gnat_arm_elf_15.1.2_6dad003a/arm-eabi/lib/gnat/embedded-olimex_stm32_h405/gnat/a-stwisu.adb:761:38" }
edge: { sourcename: "ada__strings__wide_superbounded__super_delete" targetname: "memmove" label: "/Users/tommy/.local/share/alire/toolchains/gnat_arm_elf_15.1.2_6dad003a/arm-eabi/lib/gnat/embedded-olimex_stm32_h405/gnat/a-stwisu.adb:766:38" }
edge: { sourcename: "ada__strings__wide_superbounded__super_delete" targetname: "memmove" label: "/Users/tommy/.local/share/alire/toolchains/gnat_arm_elf_15.1.2_6dad003a/arm-eabi/lib/gnat/embedded-olimex_stm32_h405/gnat/a-stwisu.adb:767:54" }
node: { title: "ada__strings__wide_superbounded__super_delete__2" label: "Super_Delete\n/Users/tommy/.local/share/alire/toolchains/gnat_arm_elf_15.1.2_6dad003a/arm-eabi/lib/gnat/embedded-olimex_stm32_h405/gnat/a-stwisu.adb:773:4\n8 bytes (static)\n0 dynamic objects" }
edge: { sourcename: "ada__strings__wide_superbounded__super_delete__2" targetname: "__gnat_raise_exception" label: "/Users/tommy/.local/share/alire/toolchains/gnat_arm_elf_15.1.2_6dad003a/arm-eabi/lib/gnat/embedded-olimex_stm32_h405/gnat/a-stwisu.adb:786:10" }
edge: { sourcename: "ada__strings__wide_superbounded__super_delete__2" targetname: "memmove" label: "/Users/tommy/.local/share/alire/toolchains/gnat_arm_elf_15.1.2_6dad003a/arm-eabi/lib/gnat/embedded-olimex_stm32_h405/gnat/a-stwisu.adb:793:54" }
node: { title: "ada__strings__wide_superbounded__super_element" label: "Super_Element\n/Users/tommy/.local/share/alire/toolchains/gnat_arm_elf_15.1.2_6dad003a/arm-eabi/lib/gnat/embedded-olimex_stm32_h405/gnat/a-stwisu.adb:802:4\n8 bytes (static)\n0 dynamic objects" }
edge: { sourcename: "ada__strings__wide_superbounded__super_element" targetname: "__gnat_raise_exception" label: "/Users/tommy/.local/share/alire/toolchains/gnat_arm_elf_15.1.2_6dad003a/arm-eabi/lib/gnat/embedded-olimex_stm32_h405/gnat/a-stwisu.adb:810:10" }
node: { title: "ada__strings__wide_superbounded__super_find_token" label: "Super_Find_Token\n/Users/tommy/.local/share/alire/toolchains/gnat_arm_elf_15.1.2_6dad003a/arm-eabi/lib/gnat/embedded-olimex_stm32_h405/gnat/a-stwisu.adb:818:4\n32 bytes (static)\n0 dynamic objects" }
node: { title: "ada__strings__wide_search__find_token__2" label: "Find_Token\n/Users/tommy/.local/share/alire/toolchains/gnat_arm_elf_15.1.2_6dad003a/arm-eabi/lib/gnat/embedded-olimex_stm32_h405/gnat/a-stwise.ads:118:14" shape : ellipse }
edge: { sourcename: "ada__strings__wide_superbounded__super_find_token" targetname: "ada__strings__wide_search__find_token__2" label: "/Users/tommy/.local/share/alire/toolchains/gnat_arm_elf_15.1.2_6dad003a/arm-eabi/lib/gnat/embedded-olimex_stm32_h405/gnat/a-stwisu.adb:827:18" }
node: { title: "ada__strings__wide_superbounded__super_find_token__2" label: "Super_Find_Token\n/Users/tommy/.local/share/alire/toolchains/gnat_arm_elf_15.1.2_6dad003a/arm-eabi/lib/gnat/embedded-olimex_stm32_h405/gnat/a-stwisu.adb:831:4\n32 bytes (static)\n0 dynamic objects" }
edge: { sourcename: "ada__strings__wide_superbounded__super_find_token__2" targetname: "ada__strings__wide_search__find_token__2" label: "/Users/tommy/.local/share/alire/toolchains/gnat_arm_elf_15.1.2_6dad003a/arm-eabi/lib/gnat/embedded-olimex_stm32_h405/gnat/a-stwisu.adb:839:18" }
node: { title: "ada__strings__wide_superbounded__super_head" label: "Super_Head\n/Users/tommy/.local/share/alire/toolchains/gnat_arm_elf_15.1.2_6dad003a/arm-eabi/lib/gnat/embedded-olimex_stm32_h405/gnat/a-stwisu.adb:847:4\n48 bytes (static)\n0 dynamic objects" }
edge: { sourcename: "ada__strings__wide_superbounded__super_head" targetname: "system__secondary_stack__ss_allocate" label: "/Users/tommy/.local/share/alire/toolchains/gnat_arm_elf_15.1.2_6dad003a/arm-eabi/lib/gnat/embedded-olimex_stm32_h405/gnat/a-stwisu.adb:847:4" }
edge: { sourcename: "ada__strings__wide_superbounded__super_head" targetname: "memmove" label: "/Users/tommy/.local/share/alire/toolchains/gnat_arm_elf_15.1.2_6dad003a/arm-eabi/lib/gnat/embedded-olimex_stm32_h405/gnat/a-stwisu.adb:861:35" }
edge: { sourcename: "ada__strings__wide_superbounded__super_head" targetname: "memmove" label: "/Users/tommy/.local/share/alire/toolchains/gnat_arm_elf_15.1.2_6dad003a/arm-eabi/lib/gnat/embedded-olimex_stm32_h405/gnat/a-stwisu.adb:865:34" }
edge: { sourcename: "ada__strings__wide_superbounded__super_head" targetname: "memmove" label: "/Users/tommy/.local/share/alire/toolchains/gnat_arm_elf_15.1.2_6dad003a/arm-eabi/lib/gnat/embedded-olimex_stm32_h405/gnat/a-stwisu.adb:873:40" }
edge: { sourcename: "ada__strings__wide_superbounded__super_head" targetname: "memmove" label: "/Users/tommy/.local/share/alire/toolchains/gnat_arm_elf_15.1.2_6dad003a/arm-eabi/lib/gnat/embedded-olimex_stm32_h405/gnat/a-stwisu.adb:881:56" }
edge: { sourcename: "ada__strings__wide_superbounded__super_head" targetname: "__gnat_raise_exception" label: "/Users/tommy/.local/share/alire/toolchains/gnat_arm_elf_15.1.2_6dad003a/arm-eabi/lib/gnat/embedded-olimex_stm32_h405/gnat/a-stwisu.adb:888:16" }
node: { title: "ada__strings__wide_superbounded__super_head__2" label: "Super_Head\n/Users/tommy/.local/share/alire/toolchains/gnat_arm_elf_15.1.2_6dad003a/arm-eabi/lib/gnat/embedded-olimex_stm32_h405/gnat/a-stwisu.adb:895:4\n56 bytes (dynamic)\n1 dynamic objects\n Temp /Users/tommy/.local/share/alire/toolchains/gnat_arm_elf_15.1.2_6dad003a/arm-eabi/lib/gnat/embedded-olimex_stm32_h405/gnat/a-stwisu.adb:904:7" }
edge: { sourcename: "ada__strings__wide_superbounded__super_head__2" targetname: "memcpy" }
edge: { sourcename: "ada__strings__wide_superbounded__super_head__2" targetname: "memcpy" }
edge: { sourcename: "ada__strings__wide_superbounded__super_head__2" targetname: "__gnat_raise_exception" label: "/Users/tommy/.local/share/alire/toolchains/gnat_arm_elf_15.1.2_6dad003a/arm-eabi/lib/gnat/embedded-olimex_stm32_h405/gnat/a-stwisu.adb:936:16" }
node: { title: "ada__strings__wide_superbounded__super_index" label: "Super_Index\n/Users/tommy/.local/share/alire/toolchains/gnat_arm_elf_15.1.2_6dad003a/arm-eabi/lib/gnat/embedded-olimex_stm32_h405/gnat/a-stwisu.adb:945:4\n24 bytes (static)\n0 dynamic objects" }
node: { title: "ada__strings__wide_search__index" label: "Index\n/Users/tommy/.local/share/alire/toolchains/gnat_arm_elf_15.1.2_6dad003a/arm-eabi/lib/gnat/embedded-olimex_stm32_h405/gnat/a-stwise.ads:44:13" shape : ellipse }
edge: { sourcename: "ada__strings__wide_superbounded__super_index" targetname: "ada__strings__wide_search__index" label: "/Users/tommy/.local/share/alire/toolchains/gnat_arm_elf_15.1.2_6dad003a/arm-eabi/lib/gnat/embedded-olimex_stm32_h405/gnat/a-stwisu.adb:953:25" }
node: { title: "ada__strings__wide_superbounded__super_index__2" label: "Super_Index\n/Users/tommy/.local/share/alire/toolchains/gnat_arm_elf_15.1.2_6dad003a/arm-eabi/lib/gnat/embedded-olimex_stm32_h405/gnat/a-stwisu.adb:957:4\n24 bytes (static)\n0 dynamic objects" }
node: { title: "ada__strings__wide_search__index__2" label: "Index\n/Users/tommy/.local/share/alire/toolchains/gnat_arm_elf_15.1.2_6dad003a/arm-eabi/lib/gnat/embedded-olimex_stm32_h405/gnat/a-stwise.ads:51:13" shape : ellipse }
edge: { sourcename: "ada__strings__wide_superbounded__super_index__2" targetname: "ada__strings__wide_search__index__2" label: "/Users/tommy/.local/share/alire/toolchains/gnat_arm_elf_15.1.2_6dad003a/arm-eabi/lib/gnat/embedded-olimex_stm32_h405/gnat/a-stwisu.adb:964:25" }
node: { title: "ada__strings__wide_superbounded__super_index__3" label: "Super_Index\n/Users/tommy/.local/share/alire/toolchains/gnat_arm_elf_15.1.2_6dad003a/arm-eabi/lib/gnat/embedded-olimex_stm32_h405/gnat/a-stwisu.adb:968:4\n24 bytes (static)\n0 dynamic objects" }
node: { title: "ada__strings__wide_search__index__3" label: "Index\n/Users/tommy/.local/share/alire/toolchains/gnat_arm_elf_15.1.2_6dad003a/arm-eabi/lib/gnat/embedded-olimex_stm32_h405/gnat/a-stwise.ads:57:13" shape : ellipse }
edge: { sourcename: "ada__strings__wide_superbounded__super_index__3" targetname: "ada__strings__wide_search__index__3" label: "/Users/tommy/.local/share/alire/toolchains/gnat_arm_elf_15.1.2_6dad003a/arm-eabi/lib/gnat/embedded-olimex_stm32_h405/gnat/a-stwisu.adb:975:25" }
node: { title: "ada__strings__wide_superbounded__super_index__4" label: "Super_Index\n/Users/tommy/.local/share/alire/toolchains/gnat_arm_elf_15.1.2_6dad003a/arm-eabi/lib/gnat/embedded-olimex_stm32_h405/gnat/a-stwisu.adb:979:4\n32 bytes (static)\n0 dynamic objects" }
node: { title: "ada__strings__wide_search__index__4" label: "Index\n/Users/tommy/.local/share/alire/toolchains/gnat_arm_elf_15.1.2_6dad003a/arm-eabi/lib/gnat/embedded-olimex_stm32_h405/gnat/a-stwise.ads:63:13" shape : ellipse }
edge: { sourcename: "ada__strings__wide_superbounded__super_index__4" targetname: "ada__strings__wide_search__index__4" label: "/Users/tommy/.local/share/alire/toolchains/gnat_arm_elf_15.1.2_6dad003a/arm-eabi/lib/gnat/embedded-olimex_stm32_h405/gnat/a-stwisu.adb:988:25" }
node: { title: "ada__strings__wide_superbounded__super_index__5" label: "Super_Index\n/Users/tommy/.local/share/alire/toolchains/gnat_arm_elf_15.1.2_6dad003a/arm-eabi/lib/gnat/embedded-olimex_stm32_h405/gnat/a-stwisu.adb:993:4\n32 bytes (static)\n0 dynamic objects" }
node: { title: "ada__strings__wide_search__index__5" label: "Index\n/Users/tommy/.local/share/alire/toolchains/gnat_arm_elf_15.1.2_6dad003a/arm-eabi/lib/gnat/embedded-olimex_stm32_h405/gnat/a-stwise.ads:71:13" shape : ellipse }
edge: { sourcename: "ada__strings__wide_superbounded__super_index__5" targetname: "ada__strings__wide_search__index__5" label: "/Users/tommy/.local/share/alire/toolchains/gnat_arm_elf_15.1.2_6dad003a/arm-eabi/lib/gnat/embedded-olimex_stm32_h405/gnat/a-stwisu.adb:1001:25" }
node: { title: "ada__strings__wide_superbounded__super_index__6" label: "Super_Index\n/Users/tommy/.local/share/alire/toolchains/gnat_arm_elf_15.1.2_6dad003a/arm-eabi/lib/gnat/embedded-olimex_stm32_h405/gnat/a-stwisu.adb:1006:4\n24 bytes (static)\n0 dynamic objects" }
node: { title: "ada__strings__wide_search__index__6" label: "Index\n/Users/tommy/.local/share/alire/toolchains/gnat_arm_elf_15.1.2_6dad003a/arm-eabi/lib/gnat/embedded-olimex_stm32_h405/gnat/a-stwise.ads:78:13" shape : ellipse }
edge: { sourcename: "ada__strings__wide_superbounded__super_index__6" targetname: "ada__strings__wide_search__index__6" label: "/Users/tommy/.local/share/alire/toolchains/gnat_arm_elf_15.1.2_6dad003a/arm-eabi/lib/gnat/embedded-olimex_stm32_h405/gnat/a-stwisu.adb:1014:25" }
node: { title: "ada__strings__wide_superbounded__super_index_non_blank" label: "Super_Index_Non_Blank\n/Users/tommy/.local/share/alire/toolchains/gnat_arm_elf_15.1.2_6dad003a/arm-eabi/lib/gnat/embedded-olimex_stm32_h405/gnat/a-stwisu.adb:1022:4\n16 bytes (static)\n0 dynamic objects" }
node: { title: "ada__strings__wide_search__index_non_blank" label: "Index_Non_Blank\n/Users/tommy/.local/share/alire/toolchains/gnat_arm_elf_15.1.2_6dad003a/arm-eabi/lib/gnat/embedded-olimex_stm32_h405/gnat/a-stwise.ads:85:13" shape : ellipse }
edge: { sourcename: "ada__strings__wide_superbounded__super_index_non_blank" targetname: "ada__strings__wide_search__index_non_blank" label: "/Users/tommy/.local/share/alire/toolchains/gnat_arm_elf_15.1.2_6dad003a/arm-eabi/lib/gnat/embedded-olimex_stm32_h405/gnat/a-stwisu.adb:1028:20" }
node: { title: "ada__strings__wide_superbounded__super_index_non_blank__2" label: "Super_Index_Non_Blank\n/Users/tommy/.local/share/alire/toolchains/gnat_arm_elf_15.1.2_6dad003a/arm-eabi/lib/gnat/embedded-olimex_stm32_h405/gnat/a-stwisu.adb:1032:4\n16 bytes (static)\n0 dynamic objects" }
node: { title: "ada__strings__wide_search__index_non_blank__2" label: "Index_Non_Blank\n/Users/tommy/.local/share/alire/toolchains/gnat_arm_elf_15.1.2_6dad003a/arm-eabi/lib/gnat/embedded-olimex_stm32_h405/gnat/a-stwise.ads:89:13" shape : ellipse }
edge: { sourcename: "ada__strings__wide_superbounded__super_index_non_blank__2" targetname: "ada__strings__wide_search__index_non_blank__2" label: "/Users/tommy/.local/share/alire/toolchains/gnat_arm_elf_15.1.2_6dad003a/arm-eabi/lib/gnat/embedded-olimex_stm32_h405/gnat/a-stwisu.adb:1039:20" }
node: { title: "ada__strings__wide_superbounded__super_insert" label: "Super_Insert\n/Users/tommy/.local/share/alire/toolchains/gnat_arm_elf_15.1.2_6dad003a/arm-eabi/lib/gnat/embedded-olimex_stm32_h405/gnat/a-stwisu.adb:1047:4\n56 bytes (static)\n0 dynamic objects" }
edge: { sourcename: "ada__strings__wide_superbounded__super_insert" targetname: "system__secondary_stack__ss_allocate" label: "/Users/tommy/.local/share/alire/toolchains/gnat_arm_elf_15.1.2_6dad003a/arm-eabi/lib/gnat/embedded-olimex_stm32_h405/gnat/a-stwisu.adb:1047:4" }
edge: { sourcename: "ada__strings__wide_superbounded__super_insert" targetname: "__gnat_raise_exception" label: "/Users/tommy/.local/share/alire/toolchains/gnat_arm_elf_15.1.2_6dad003a/arm-eabi/lib/gnat/embedded-olimex_stm32_h405/gnat/a-stwisu.adb:1068:10" }
edge: { sourcename: "ada__strings__wide_superbounded__super_insert" targetname: "memmove" label: "/Users/tommy/.local/share/alire/toolchains/gnat_arm_elf_15.1.2_6dad003a/arm-eabi/lib/gnat/embedded-olimex_stm32_h405/gnat/a-stwisu.adb:1072:34" }
edge: { sourcename: "ada__strings__wide_superbounded__super_insert" targetname: "memcpy" }
edge: { sourcename: "ada__strings__wide_superbounded__super_insert" targetname: "memmove" label: "/Users/tommy/.local/share/alire/toolchains/gnat_arm_elf_15.1.2_6dad003a/arm-eabi/lib/gnat/embedded-olimex_stm32_h405/gnat/a-stwisu.adb:1074:46" }
edge: { sourcename: "ada__strings__wide_superbounded__super_insert" targetname: "memmove" label: "/Users/tommy/.local/share/alire/toolchains/gnat_arm_elf_15.1.2_6dad003a/arm-eabi/lib/gnat/embedded-olimex_stm32_h405/gnat/a-stwisu.adb:1082:40" }
edge: { sourcename: "ada__strings__wide_superbounded__super_insert" targetname: "memmove" label: "/Users/tommy/.local/share/alire/toolchains/gnat_arm_elf_15.1.2_6dad003a/arm-eabi/lib/gnat/embedded-olimex_stm32_h405/gnat/a-stwisu.adb:1085:54" }
edge: { sourcename: "ada__strings__wide_superbounded__super_insert" targetname: "memcpy" }
edge: { sourcename: "ada__strings__wide_superbounded__super_insert" targetname: "memmove" label: "/Users/tommy/.local/share/alire/toolchains/gnat_arm_elf_15.1.2_6dad003a/arm-eabi/lib/gnat/embedded-olimex_stm32_h405/gnat/a-stwisu.adb:1090:61" }
edge: { sourcename: "ada__strings__wide_superbounded__super_insert" targetname: "memmove" label: "/Users/tommy/.local/share/alire/toolchains/gnat_arm_elf_15.1.2_6dad003a/arm-eabi/lib/gnat/embedded-olimex_stm32_h405/gnat/a-stwisu.adb:1095:68" }
edge: { sourcename: "ada__strings__wide_superbounded__super_insert" targetname: "memmove" label: "/Users/tommy/.local/share/alire/toolchains/gnat_arm_elf_15.1.2_6dad003a/arm-eabi/lib/gnat/embedded-olimex_stm32_h405/gnat/a-stwisu.adb:1099:56" }
edge: { sourcename: "ada__strings__wide_superbounded__super_insert" targetname: "memcpy" }
edge: { sourcename: "ada__strings__wide_superbounded__super_insert" targetname: "memmove" label: "/Users/tommy/.local/share/alire/toolchains/gnat_arm_elf_15.1.2_6dad003a/arm-eabi/lib/gnat/embedded-olimex_stm32_h405/gnat/a-stwisu.adb:1106:53" }
edge: { sourcename: "ada__strings__wide_superbounded__super_insert" targetname: "__gnat_raise_exception" label: "/Users/tommy/.local/share/alire/toolchains/gnat_arm_elf_15.1.2_6dad003a/arm-eabi/lib/gnat/embedded-olimex_stm32_h405/gnat/a-stwisu.adb:1111:16" }
node: { title: "ada__strings__wide_superbounded__super_insert__2" label: "Super_Insert\n/Users/tommy/.local/share/alire/toolchains/gnat_arm_elf_15.1.2_6dad003a/arm-eabi/lib/gnat/embedded-olimex_stm32_h405/gnat/a-stwisu.adb:1118:4\n40 bytes (static)\n0 dynamic objects" }
edge: { sourcename: "ada__strings__wide_superbounded__super_insert__2" targetname: "system__secondary_stack__ss_mark" }
edge: { sourcename: "ada__strings__wide_superbounded__super_insert__2" targetname: "ada__strings__wide_superbounded__super_insert" label: "/Users/tommy/.local/share/alire/toolchains/gnat_arm_elf_15.1.2_6dad003a/arm-eabi/lib/gnat/embedded-olimex_stm32_h405/gnat/a-stwisu.adb:1129:17" }
edge: { sourcename: "ada__strings__wide_superbounded__super_insert__2" targetname: "memcpy" }
edge: { sourcename: "ada__strings__wide_superbounded__super_insert__2" targetname: "system__secondary_stack__ss_release" label: "/Users/tommy/.local/share/alire/toolchains/gnat_arm_elf_15.1.2_6dad003a/arm-eabi/lib/gnat/embedded-olimex_stm32_h405/gnat/a-stwisu.adb:1129:0" }
edge: { sourcename: "ada__strings__wide_superbounded__super_insert__2" targetname: "system__secondary_stack__ss_release" label: "/Users/tommy/.local/share/alire/toolchains/gnat_arm_elf_15.1.2_6dad003a/arm-eabi/lib/gnat/embedded-olimex_stm32_h405/gnat/a-stwisu.adb:1129:0" }
edge: { sourcename: "ada__strings__wide_superbounded__super_insert__2" targetname: "_Unwind_Resume" }
node: { title: "ada__strings__wide_superbounded__super_length" label: "Super_Length\n/Users/tommy/.local/share/alire/toolchains/gnat_arm_elf_15.1.2_6dad003a/arm-eabi/lib/gnat/embedded-olimex_stm32_h405/gnat/a-stwisu.adb:1136:4\n0 bytes (static)\n0 dynamic objects" }
node: { title: "ada__strings__wide_superbounded__super_overwrite" label: "Super_Overwrite\n/Users/tommy/.local/share/alire/toolchains/gnat_arm_elf_15.1.2_6dad003a/arm-eabi/lib/gnat/embedded-olimex_stm32_h405/gnat/a-stwisu.adb:1145:4\n48 bytes (static)\n0 dynamic objects" }
edge: { sourcename: "ada__strings__wide_superbounded__super_overwrite" targetname: "system__secondary_stack__ss_allocate" label: "/Users/tommy/.local/share/alire/toolchains/gnat_arm_elf_15.1.2_6dad003a/arm-eabi/lib/gnat/embedded-olimex_stm32_h405/gnat/a-stwisu.adb:1145:4" }
edge: { sourcename: "ada__strings__wide_superbounded__super_overwrite" targetname: "__gnat_raise_exception" label: "/Users/tommy/.local/share/alire/toolchains/gnat_arm_elf_15.1.2_6dad003a/arm-eabi/lib/gnat/embedded-olimex_stm32_h405/gnat/a-stwisu.adb:1159:10" }
edge: { sourcename: "ada__strings__wide_superbounded__super_overwrite" targetname: "system__secondary_stack__ss_allocate" label: "/Users/tommy/.local/share/alire/toolchains/gnat_arm_elf_15.1.2_6dad003a/arm-eabi/lib/gnat/embedded-olimex_stm32_h405/gnat/a-stwisu.adb:1162:10" }
edge: { sourcename: "ada__strings__wide_superbounded__super_overwrite" targetname: "memcpy" }
edge: { sourcename: "ada__strings__wide_superbounded__super_overwrite" targetname: "memmove" label: "/Users/tommy/.local/share/alire/toolchains/gnat_arm_elf_15.1.2_6dad003a/arm-eabi/lib/gnat/embedded-olimex_stm32_h405/gnat/a-stwisu.adb:1166:34" }
edge: { sourcename: "ada__strings__wide_superbounded__super_overwrite" targetname: "memcpy" }
edge: { sourcename: "ada__strings__wide_superbounded__super_overwrite" targetname: "memmove" label: "/Users/tommy/.local/share/alire/toolchains/gnat_arm_elf_15.1.2_6dad003a/arm-eabi/lib/gnat/embedded-olimex_stm32_h405/gnat/a-stwisu.adb:1172:42" }
edge: { sourcename: "ada__strings__wide_superbounded__super_overwrite" targetname: "memcpy" }
edge: { sourcename: "ada__strings__wide_superbounded__super_overwrite" targetname: "memmove" label: "/Users/tommy/.local/share/alire/toolchains/gnat_arm_elf_15.1.2_6dad003a/arm-eabi/lib/gnat/embedded-olimex_stm32_h405/gnat/a-stwisu.adb:1182:48" }
edge: { sourcename: "ada__strings__wide_superbounded__super_overwrite" targetname: "memmove" label: "/Users/tommy/.local/share/alire/toolchains/gnat_arm_elf_15.1.2_6dad003a/arm-eabi/lib/gnat/embedded-olimex_stm32_h405/gnat/a-stwisu.adb:1185:53" }
edge: { sourcename: "ada__strings__wide_superbounded__super_overwrite" targetname: "memmove" label: "/Users/tommy/.local/share/alire/toolchains/gnat_arm_elf_15.1.2_6dad003a/arm-eabi/lib/gnat/embedded-olimex_stm32_h405/gnat/a-stwisu.adb:1191:49" }
edge: { sourcename: "ada__strings__wide_superbounded__super_overwrite" targetname: "memmove" label: "/Users/tommy/.local/share/alire/toolchains/gnat_arm_elf_15.1.2_6dad003a/arm-eabi/lib/gnat/embedded-olimex_stm32_h405/gnat/a-stwisu.adb:1197:67" }
edge: { sourcename: "ada__strings__wide_superbounded__super_overwrite" targetname: "memcpy" }
edge: { sourcename: "ada__strings__wide_superbounded__super_overwrite" targetname: "__gnat_raise_exception" label: "/Users/tommy/.local/share/alire/toolchains/gnat_arm_elf_15.1.2_6dad003a/arm-eabi/lib/gnat/embedded-olimex_stm32_h405/gnat/a-stwisu.adb:1206:16" }
node: { title: "ada__strings__wide_superbounded__super_overwrite__2" label: "Super_Overwrite\n/Users/tommy/.local/share/alire/toolchains/gnat_arm_elf_15.1.2_6dad003a/arm-eabi/lib/gnat/embedded-olimex_stm32_h405/gnat/a-stwisu.adb:1211:4\n32 bytes (static)\n0 dynamic objects" }
edge: { sourcename: "ada__strings__wide_superbounded__super_overwrite__2" targetname: "__gnat_raise_exception" label: "/Users/tommy/.local/share/alire/toolchains/gnat_arm_elf_15.1.2_6dad003a/arm-eabi/lib/gnat/embedded-olimex_stm32_h405/gnat/a-stwisu.adb:1224:10" }
edge: { sourcename: "ada__strings__wide_superbounded__super_overwrite__2" targetname: "memcpy" }
edge: { sourcename: "ada__strings__wide_superbounded__super_overwrite__2" targetname: "memcpy" }
edge: { sourcename: "ada__strings__wide_superbounded__super_overwrite__2" targetname: "memmove" label: "/Users/tommy/.local/share/alire/toolchains/gnat_arm_elf_15.1.2_6dad003a/arm-eabi/lib/gnat/embedded-olimex_stm32_h405/gnat/a-stwisu.adb:1239:53" }
edge: { sourcename: "ada__strings__wide_superbounded__super_overwrite__2" targetname: "memmove" label: "/Users/tommy/.local/share/alire/toolchains/gnat_arm_elf_15.1.2_6dad003a/arm-eabi/lib/gnat/embedded-olimex_stm32_h405/gnat/a-stwisu.adb:1244:49" }
edge: { sourcename: "ada__strings__wide_superbounded__super_overwrite__2" targetname: "memmove" label: "/Users/tommy/.local/share/alire/toolchains/gnat_arm_elf_15.1.2_6dad003a/arm-eabi/lib/gnat/embedded-olimex_stm32_h405/gnat/a-stwisu.adb:1249:67" }
edge: { sourcename: "ada__strings__wide_superbounded__super_overwrite__2" targetname: "memcpy" }
edge: { sourcename: "ada__strings__wide_superbounded__super_overwrite__2" targetname: "__gnat_raise_exception" label: "/Users/tommy/.local/share/alire/toolchains/gnat_arm_elf_15.1.2_6dad003a/arm-eabi/lib/gnat/embedded-olimex_stm32_h405/gnat/a-stwisu.adb:1258:16" }
node: { title: "ada__strings__wide_superbounded__super_replace_element" label: "Super_Replace_Element\n/Users/tommy/.local/share/alire/toolchains/gnat_arm_elf_15.1.2_6dad003a/arm-eabi/lib/gnat/embedded-olimex_stm32_h405/gnat/a-stwisu.adb:1267:4\n8 bytes (static)\n0 dynamic objects" }
edge: { sourcename: "ada__strings__wide_superbounded__super_replace_element" targetname: "__gnat_raise_exception" label: "/Users/tommy/.local/share/alire/toolchains/gnat_arm_elf_15.1.2_6dad003a/arm-eabi/lib/gnat/embedded-olimex_stm32_h405/gnat/a-stwisu.adb:1276:10" }
node: { title: "ada__strings__wide_superbounded__super_replace_slice" label: "Super_Replace_Slice\n/Users/tommy/.local/share/alire/toolchains/gnat_arm_elf_15.1.2_6dad003a/arm-eabi/lib/gnat/embedded-olimex_stm32_h405/gnat/a-stwisu.adb:1284:4\n64 bytes (static)\n0 dynamic objects" }
edge: { sourcename: "ada__strings__wide_superbounded__super_replace_slice" targetname: "__gnat_raise_exception" label: "/Users/tommy/.local/share/alire/toolchains/gnat_arm_elf_15.1.2_6dad003a/arm-eabi/lib/gnat/embedded-olimex_stm32_h405/gnat/a-stwisu.adb:1296:10" }
edge: { sourcename: "ada__strings__wide_superbounded__super_replace_slice" targetname: "ada__strings__wide_superbounded__super_insert" label: "/Users/tommy/.local/share/alire/toolchains/gnat_arm_elf_15.1.2_6dad003a/arm-eabi/lib/gnat/embedded-olimex_stm32_h405/gnat/a-stwisu.adb:1299:17" }
edge: { sourcename: "ada__strings__wide_superbounded__super_replace_slice" targetname: "system__secondary_stack__ss_allocate" label: "/Users/tommy/.local/share/alire/toolchains/gnat_arm_elf_15.1.2_6dad003a/arm-eabi/lib/gnat/embedded-olimex_stm32_h405/gnat/a-stwisu.adb:1302:10" }
edge: { sourcename: "ada__strings__wide_superbounded__super_replace_slice" targetname: "memmove" label: "/Users/tommy/.local/share/alire/toolchains/gnat_arm_elf_15.1.2_6dad003a/arm-eabi/lib/gnat/embedded-olimex_stm32_h405/gnat/a-stwisu.adb:1317:40" }
edge: { sourcename: "ada__strings__wide_superbounded__super_replace_slice" targetname: "memcpy" }
edge: { sourcename: "ada__strings__wide_superbounded__super_replace_slice" targetname: "memmove" label: "/Users/tommy/.local/share/alire/toolchains/gnat_arm_elf_15.1.2_6dad003a/arm-eabi/lib/gnat/embedded-olimex_stm32_h405/gnat/a-stwisu.adb:1319:54" }
edge: { sourcename: "ada__strings__wide_superbounded__super_replace_slice" targetname: "memmove" label: "/Users/tommy/.local/share/alire/toolchains/gnat_arm_elf_15.1.2_6dad003a/arm-eabi/lib/gnat/embedded-olimex_stm32_h405/gnat/a-stwisu.adb:1327:46" }
edge: { sourcename: "ada__strings__wide_superbounded__super_replace_slice" targetname: "memmove" label: "/Users/tommy/.local/share/alire/toolchains/gnat_arm_elf_15.1.2_6dad003a/arm-eabi/lib/gnat/embedded-olimex_stm32_h405/gnat/a-stwisu.adb:1330:57" }
edge: { sourcename: "ada__strings__wide_superbounded__super_replace_slice" targetname: "memcpy" }
edge: { sourcename: "ada__strings__wide_superbounded__super_replace_slice" targetname: "memmove" label: "/Users/tommy/.local/share/alire/toolchains/gnat_arm_elf_15.1.2_6dad003a/arm-eabi/lib/gnat/embedded-olimex_stm32_h405/gnat/a-stwisu.adb:1334:69" }
edge: { sourcename: "ada__strings__wide_superbounded__super_replace_slice" targetname: "memmove" label: "/Users/tommy/.local/share/alire/toolchains/gnat_arm_elf_15.1.2_6dad003a/arm-eabi/lib/gnat/embedded-olimex_stm32_h405/gnat/a-stwisu.adb:1339:74" }
edge: { sourcename: "ada__strings__wide_superbounded__super_replace_slice" targetname: "memmove" label: "/Users/tommy/.local/share/alire/toolchains/gnat_arm_elf_15.1.2_6dad003a/arm-eabi/lib/gnat/embedded-olimex_stm32_h405/gnat/a-stwisu.adb:1343:62" }
edge: { sourcename: "ada__strings__wide_superbounded__super_replace_slice" targetname: "memcpy" }
edge: { sourcename: "ada__strings__wide_superbounded__super_replace_slice" targetname: "memmove" label: "/Users/tommy/.local/share/alire/toolchains/gnat_arm_elf_15.1.2_6dad003a/arm-eabi/lib/gnat/embedded-olimex_stm32_h405/gnat/a-stwisu.adb:1348:59" }
edge: { sourcename: "ada__strings__wide_superbounded__super_replace_slice" targetname: "__gnat_raise_exception" label: "/Users/tommy/.local/share/alire/toolchains/gnat_arm_elf_15.1.2_6dad003a/arm-eabi/lib/gnat/embedded-olimex_stm32_h405/gnat/a-stwisu.adb:1353:22" }
node: { title: "ada__strings__wide_superbounded__super_replace_slice__2" label: "Super_Replace_Slice\n/Users/tommy/.local/share/alire/toolchains/gnat_arm_elf_15.1.2_6dad003a/arm-eabi/lib/gnat/embedded-olimex_stm32_h405/gnat/a-stwisu.adb:1362:4\n56 bytes (static)\n0 dynamic objects" }
edge: { sourcename: "ada__strings__wide_superbounded__super_replace_slice__2" targetname: "system__secondary_stack__ss_mark" }
edge: { sourcename: "ada__strings__wide_superbounded__super_replace_slice__2" targetname: "ada__strings__wide_superbounded__super_replace_slice" label: "/Users/tommy/.local/share/alire/toolchains/gnat_arm_elf_15.1.2_6dad003a/arm-eabi/lib/gnat/embedded-olimex_stm32_h405/gnat/a-stwisu.adb:1374:17" }
edge: { sourcename: "ada__strings__wide_superbounded__super_replace_slice__2" targetname: "memcpy" }
edge: { sourcename: "ada__strings__wide_superbounded__super_replace_slice__2" targetname: "system__secondary_stack__ss_release" label: "/Users/tommy/.local/share/alire/toolchains/gnat_arm_elf_15.1.2_6dad003a/arm-eabi/lib/gnat/embedded-olimex_stm32_h405/gnat/a-stwisu.adb:1374:0" }
edge: { sourcename: "ada__strings__wide_superbounded__super_replace_slice__2" targetname: "system__secondary_stack__ss_release" label: "/Users/tommy/.local/share/alire/toolchains/gnat_arm_elf_15.1.2_6dad003a/arm-eabi/lib/gnat/embedded-olimex_stm32_h405/gnat/a-stwisu.adb:1374:0" }
edge: { sourcename: "ada__strings__wide_superbounded__super_replace_slice__2" targetname: "_Unwind_Resume" }
node: { title: "ada__strings__wide_superbounded__super_replicate" label: "Super_Replicate\n/Users/tommy/.local/share/alire/toolchains/gnat_arm_elf_15.1.2_6dad003a/arm-eabi/lib/gnat/embedded-olimex_stm32_h405/gnat/a-stwisu.adb:1381:4\n24 bytes (static)\n0 dynamic objects" }
edge: { sourcename: "ada__strings__wide_superbounded__super_replicate" targetname: "system__secondary_stack__ss_allocate" label: "/Users/tommy/.local/share/alire/toolchains/gnat_arm_elf_15.1.2_6dad003a/arm-eabi/lib/gnat/embedded-olimex_stm32_h405/gnat/a-stwisu.adb:1381:4" }
edge: { sourcename: "ada__strings__wide_superbounded__super_replicate" targetname: "__gnat_raise_exception" label: "/Users/tommy/.local/share/alire/toolchains/gnat_arm_elf_15.1.2_6dad003a/arm-eabi/lib/gnat/embedded-olimex_stm32_h405/gnat/a-stwisu.adb:1394:10" }
node: { title: "ada__strings__wide_superbounded__super_replicate__2" label: "Super_Replicate\n/Users/tommy/.local/share/alire/toolchains/gnat_arm_elf_15.1.2_6dad003a/arm-eabi/lib/gnat/embedded-olimex_stm32_h405/gnat/a-stwisu.adb:1404:4\n40 bytes (static)\n0 dynamic objects" }
edge: { sourcename: "ada__strings__wide_superbounded__super_replicate__2" targetname: "system__secondary_stack__ss_allocate" label: "/Users/tommy/.local/share/alire/toolchains/gnat_arm_elf_15.1.2_6dad003a/arm-eabi/lib/gnat/embedded-olimex_stm32_h405/gnat/a-stwisu.adb:1404:4" }
edge: { sourcename: "ada__strings__wide_superbounded__super_replicate__2" targetname: "memmove" label: "/Users/tommy/.local/share/alire/toolchains/gnat_arm_elf_15.1.2_6dad003a/arm-eabi/lib/gnat/embedded-olimex_stm32_h405/gnat/a-stwisu.adb:1422:61" }
edge: { sourcename: "ada__strings__wide_superbounded__super_replicate__2" targetname: "memmove" label: "/Users/tommy/.local/share/alire/toolchains/gnat_arm_elf_15.1.2_6dad003a/arm-eabi/lib/gnat/embedded-olimex_stm32_h405/gnat/a-stwisu.adb:1435:64" }
edge: { sourcename: "ada__strings__wide_superbounded__super_replicate__2" targetname: "memmove" label: "/Users/tommy/.local/share/alire/toolchains/gnat_arm_elf_15.1.2_6dad003a/arm-eabi/lib/gnat/embedded-olimex_stm32_h405/gnat/a-stwisu.adb:1439:49" }
edge: { sourcename: "ada__strings__wide_superbounded__super_replicate__2" targetname: "memmove" label: "/Users/tommy/.local/share/alire/toolchains/gnat_arm_elf_15.1.2_6dad003a/arm-eabi/lib/gnat/embedded-olimex_stm32_h405/gnat/a-stwisu.adb:1446:66" }
edge: { sourcename: "ada__strings__wide_superbounded__super_replicate__2" targetname: "memmove" label: "/Users/tommy/.local/share/alire/toolchains/gnat_arm_elf_15.1.2_6dad003a/arm-eabi/lib/gnat/embedded-olimex_stm32_h405/gnat/a-stwisu.adb:1450:40" }
edge: { sourcename: "ada__strings__wide_superbounded__super_replicate__2" targetname: "__gnat_raise_exception" label: "/Users/tommy/.local/share/alire/toolchains/gnat_arm_elf_15.1.2_6dad003a/arm-eabi/lib/gnat/embedded-olimex_stm32_h405/gnat/a-stwisu.adb:1454:16" }
edge: { sourcename: "ada__strings__wide_superbounded__super_replicate__2" targetname: "system__secondary_stack__ss_allocate" label: "/Users/tommy/.local/share/alire/toolchains/gnat_arm_elf_15.1.2_6dad003a/arm-eabi/lib/gnat/embedded-olimex_stm32_h405/gnat/a-stwisu.adb:1404:4" }
node: { title: "ada__strings__wide_superbounded__super_replicate__3" label: "Super_Replicate\n/Users/tommy/.local/share/alire/toolchains/gnat_arm_elf_15.1.2_6dad003a/arm-eabi/lib/gnat/embedded-olimex_stm32_h405/gnat/a-stwisu.adb:1461:4\n24 bytes (static)\n0 dynamic objects" }
edge: { sourcename: "ada__strings__wide_superbounded__super_replicate__3" targetname: "ada__strings__wide_superbounded__super_replicate__2" label: "/Users/tommy/.local/share/alire/toolchains/gnat_arm_elf_15.1.2_6dad003a/arm-eabi/lib/gnat/embedded-olimex_stm32_h405/gnat/a-stwisu.adb:1468:9" }
node: { title: "ada__strings__wide_superbounded__F1037b" label: "F1037b\n<built-in>\n8 bytes (static)\n0 dynamic objects" }
edge: { sourcename: "ada__strings__wide_superbounded__F1037b" targetname: "/Users/tommy/.local/share/alire/toolchains/gnat_arm_elf_15.1.2_6dad003a/arm-eabi/lib/gnat/embedded-olimex_stm32_h405/gnat/a-stwisu.adb:ada__strings__wide_superbounded__F1037b.part.0" }
edge: { sourcename: "ada__strings__wide_superbounded__F1037b" targetname: "memcpy" }
node: { title: "ada__strings__wide_superbounded__super_slice" label: "Super_Slice\n/Users/tommy/.local/share/alire/toolchains/gnat_arm_elf_15.1.2_6dad003a/arm-eabi/lib/gnat/embedded-olimex_stm32_h405/gnat/a-stwisu.adb:1479:4\n32 bytes (static)\n0 dynamic objects" }
edge: { sourcename: "ada__strings__wide_superbounded__super_slice" targetname: "system__secondary_stack__ss_allocate" label: "/Users/tommy/.local/share/alire/toolchains/gnat_arm_elf_15.1.2_6dad003a/arm-eabi/lib/gnat/embedded-olimex_stm32_h405/gnat/a-stwisu.adb:1479:4" }
edge: { sourcename: "ada__strings__wide_superbounded__super_slice" targetname: "/Users/tommy/.local/share/alire/toolchains/gnat_arm_elf_15.1.2_6dad003a/arm-eabi/lib/gnat/embedded-olimex_stm32_h405/gnat/a-stwisu.adb:ada__strings__wide_superbounded__F1037b.part.0" label: "/Users/tommy/.local/share/alire/toolchains/gnat_arm_elf_15.1.2_6dad003a/arm-eabi/lib/gnat/embedded-olimex_stm32_h405/gnat/a-stwisu.adb:1479:4" }
edge: { sourcename: "ada__strings__wide_superbounded__super_slice" targetname: "memcpy" }
node: { title: "ada__strings__wide_superbounded__F1053b" label: "F1053b\n<built-in>\n8 bytes (static)\n0 dynamic objects" }
edge: { sourcename: "ada__strings__wide_superbounded__F1053b" targetname: "/Users/tommy/.local/share/alire/toolchains/gnat_arm_elf_15.1.2_6dad003a/arm-eabi/lib/gnat/embedded-olimex_stm32_h405/gnat/a-stwisu.adb:ada__strings__wide_superbounded__F1053b.part.0" }
edge: { sourcename: "ada__strings__wide_superbounded__F1053b" targetname: "memmove" label: "/Users/tommy/.local/share/alire/toolchains/gnat_arm_elf_15.1.2_6dad003a/arm-eabi/lib/gnat/embedded-olimex_stm32_h405/gnat/a-stwisu.adb:1512:51" }
node: { title: "ada__strings__wide_superbounded__super_slice__2" label: "Super_Slice\n/Users/tommy/.local/share/alire/toolchains/gnat_arm_elf_15.1.2_6dad003a/arm-eabi/lib/gnat/embedded-olimex_stm32_h405/gnat/a-stwisu.adb:1498:4\n24 bytes (static)\n0 dynamic objects" }
edge: { sourcename: "ada__strings__wide_superbounded__super_slice__2" targetname: "system__secondary_stack__ss_allocate" label: "/Users/tommy/.local/share/alire/toolchains/gnat_arm_elf_15.1.2_6dad003a/arm-eabi/lib/gnat/embedded-olimex_stm32_h405/gnat/a-stwisu.adb:1498:4" }
edge: { sourcename: "ada__strings__wide_superbounded__super_slice__2" targetname: "/Users/tommy/.local/share/alire/toolchains/gnat_arm_elf_15.1.2_6dad003a/arm-eabi/lib/gnat/embedded-olimex_stm32_h405/gnat/a-stwisu.adb:ada__strings__wide_superbounded__F1053b.part.0" label: "/Users/tommy/.local/share/alire/toolchains/gnat_arm_elf_15.1.2_6dad003a/arm-eabi/lib/gnat/embedded-olimex_stm32_h405/gnat/a-stwisu.adb:1498:4" }
edge: { sourcename: "ada__strings__wide_superbounded__super_slice__2" targetname: "memmove" label: "/Users/tommy/.local/share/alire/toolchains/gnat_arm_elf_15.1.2_6dad003a/arm-eabi/lib/gnat/embedded-olimex_stm32_h405/gnat/a-stwisu.adb:1498:4" }
node: { title: "ada__strings__wide_superbounded__super_slice__3" label: "Super_Slice\n/Users/tommy/.local/share/alire/toolchains/gnat_arm_elf_15.1.2_6dad003a/arm-eabi/lib/gnat/embedded-olimex_stm32_h405/gnat/a-stwisu.adb:1516:4\n8 bytes (static)\n0 dynamic objects" }
edge: { sourcename: "ada__strings__wide_superbounded__super_slice__3" targetname: "__gnat_raise_exception" label: "/Users/tommy/.local/share/alire/toolchains/gnat_arm_elf_15.1.2_6dad003a/arm-eabi/lib/gnat/embedded-olimex_stm32_h405/gnat/a-stwisu.adb:1526:10" }
edge: { sourcename: "ada__strings__wide_superbounded__super_slice__3" targetname: "memmove" label: "/Users/tommy/.local/share/alire/toolchains/gnat_arm_elf_15.1.2_6dad003a/arm-eabi/lib/gnat/embedded-olimex_stm32_h405/gnat/a-stwisu.adb:1530:48" }
node: { title: "ada__strings__wide_superbounded__super_tail" label: "Super_Tail\n/Users/tommy/.local/share/alire/toolchains/gnat_arm_elf_15.1.2_6dad003a/arm-eabi/lib/gnat/embedded-olimex_stm32_h405/gnat/a-stwisu.adb:1537:4\n40 bytes (static)\n0 dynamic objects" }
edge: { sourcename: "ada__strings__wide_superbounded__super_tail" targetname: "system__secondary_stack__ss_allocate" label: "/Users/tommy/.local/share/alire/toolchains/gnat_arm_elf_15.1.2_6dad003a/arm-eabi/lib/gnat/embedded-olimex_stm32_h405/gnat/a-stwisu.adb:1537:4" }
edge: { sourcename: "ada__strings__wide_superbounded__super_tail" targetname: "memmove" label: "/Users/tommy/.local/share/alire/toolchains/gnat_arm_elf_15.1.2_6dad003a/arm-eabi/lib/gnat/embedded-olimex_stm32_h405/gnat/a-stwisu.adb:1551:35" }
edge: { sourcename: "ada__strings__wide_superbounded__super_tail" targetname: "memmove" label: "/Users/tommy/.local/share/alire/toolchains/gnat_arm_elf_15.1.2_6dad003a/arm-eabi/lib/gnat/embedded-olimex_stm32_h405/gnat/a-stwisu.adb:1557:42" }
edge: { sourcename: "ada__strings__wide_superbounded__super_tail" targetname: "memmove" label: "/Users/tommy/.local/share/alire/toolchains/gnat_arm_elf_15.1.2_6dad003a/arm-eabi/lib/gnat/embedded-olimex_stm32_h405/gnat/a-stwisu.adb:1569:56" }
edge: { sourcename: "ada__strings__wide_superbounded__super_tail" targetname: "memmove" label: "/Users/tommy/.local/share/alire/toolchains/gnat_arm_elf_15.1.2_6dad003a/arm-eabi/lib/gnat/embedded-olimex_stm32_h405/gnat/a-stwisu.adb:1575:66" }
edge: { sourcename: "ada__strings__wide_superbounded__super_tail" targetname: "__gnat_raise_exception" label: "/Users/tommy/.local/share/alire/toolchains/gnat_arm_elf_15.1.2_6dad003a/arm-eabi/lib/gnat/embedded-olimex_stm32_h405/gnat/a-stwisu.adb:1579:16" }
node: { title: "ada__strings__wide_superbounded__super_tail__2" label: "Super_Tail\n/Users/tommy/.local/share/alire/toolchains/gnat_arm_elf_15.1.2_6dad003a/arm-eabi/lib/gnat/embedded-olimex_stm32_h405/gnat/a-stwisu.adb:1586:4\n48 bytes (dynamic)\n1 dynamic objects\n Temp /Users/tommy/.local/share/alire/toolchains/gnat_arm_elf_15.1.2_6dad003a/arm-eabi/lib/gnat/embedded-olimex_stm32_h405/gnat/a-stwisu.adb:1596:7" }
edge: { sourcename: "ada__strings__wide_superbounded__super_tail__2" targetname: "memcpy" }
edge: { sourcename: "ada__strings__wide_superbounded__super_tail__2" targetname: "memcpy" }
edge: { sourcename: "ada__strings__wide_superbounded__super_tail__2" targetname: "memcpy" }
edge: { sourcename: "ada__strings__wide_superbounded__super_tail__2" targetname: "memcpy" }
edge: { sourcename: "ada__strings__wide_superbounded__super_tail__2" targetname: "memcpy" }
edge: { sourcename: "ada__strings__wide_superbounded__super_tail__2" targetname: "__gnat_raise_exception" label: "/Users/tommy/.local/share/alire/toolchains/gnat_arm_elf_15.1.2_6dad003a/arm-eabi/lib/gnat/embedded-olimex_stm32_h405/gnat/a-stwisu.adb:1632:16" }
node: { title: "ada__strings__wide_superbounded__F1233b" label: "F1233b\n<built-in>\n0 bytes (static)\n0 dynamic objects" }
edge: { sourcename: "ada__strings__wide_superbounded__F1233b" targetname: "memcpy" }
node: { title: "ada__strings__wide_superbounded__super_to_string" label: "Super_To_String\n/Users/tommy/.local/share/alire/toolchains/gnat_arm_elf_15.1.2_6dad003a/arm-eabi/lib/gnat/embedded-olimex_stm32_h405/gnat/a-stwisu.adb:1641:4\n16 bytes (static)\n0 dynamic objects" }
edge: { sourcename: "ada__strings__wide_superbounded__super_to_string" targetname: "system__secondary_stack__ss_allocate" label: "/Users/tommy/.local/share/alire/toolchains/gnat_arm_elf_15.1.2_6dad003a/arm-eabi/lib/gnat/embedded-olimex_stm32_h405/gnat/a-stwisu.adb:1641:4" }
edge: { sourcename: "ada__strings__wide_superbounded__super_to_string" targetname: "memcpy" }
node: { title: "ada__strings__wide_superbounded__super_translate" label: "Super_Translate\n/Users/tommy/.local/share/alire/toolchains/gnat_arm_elf_15.1.2_6dad003a/arm-eabi/lib/gnat/embedded-olimex_stm32_h405/gnat/a-stwisu.adb:1652:4\n24 bytes (static)\n0 dynamic objects" }
edge: { sourcename: "ada__strings__wide_superbounded__super_translate" targetname: "system__secondary_stack__ss_allocate" label: "/Users/tommy/.local/share/alire/toolchains/gnat_arm_elf_15.1.2_6dad003a/arm-eabi/lib/gnat/embedded-olimex_stm32_h405/gnat/a-stwisu.adb:1652:4" }
node: { title: "ada__strings__wide_maps__value" label: "Value\n/Users/tommy/.local/share/alire/toolchains/gnat_arm_elf_15.1.2_6dad003a/arm-eabi/lib/gnat/embedded-olimex_stm32_h405/gnat/a-stwima.ads:127:13" shape : ellipse }
edge: { sourcename: "ada__strings__wide_superbounded__super_translate" targetname: "ada__strings__wide_maps__value" label: "/Users/tommy/.local/share/alire/toolchains/gnat_arm_elf_15.1.2_6dad003a/arm-eabi/lib/gnat/embedded-olimex_stm32_h405/gnat/a-stwisu.adb:1662:29" }
node: { title: "ada__strings__wide_superbounded__super_translate__2" label: "Super_Translate\n/Users/tommy/.local/share/alire/toolchains/gnat_arm_elf_15.1.2_6dad003a/arm-eabi/lib/gnat/embedded-olimex_stm32_h405/gnat/a-stwisu.adb:1668:4\n16 bytes (static)\n0 dynamic objects" }
edge: { sourcename: "ada__strings__wide_superbounded__super_translate__2" targetname: "ada__strings__wide_maps__value" label: "/Users/tommy/.local/share/alire/toolchains/gnat_arm_elf_15.1.2_6dad003a/arm-eabi/lib/gnat/embedded-olimex_stm32_h405/gnat/a-stwisu.adb:1674:29" }
node: { title: "ada__strings__wide_superbounded__super_translate__3" label: "Super_Translate\n/Users/tommy/.local/share/alire/toolchains/gnat_arm_elf_15.1.2_6dad003a/arm-eabi/lib/gnat/embedded-olimex_stm32_h405/gnat/a-stwisu.adb:1678:4\n24 bytes (static)\n0 dynamic objects" }
edge: { sourcename: "ada__strings__wide_superbounded__super_translate__3" targetname: "system__secondary_stack__ss_allocate" label: "/Users/tommy/.local/share/alire/toolchains/gnat_arm_elf_15.1.2_6dad003a/arm-eabi/lib/gnat/embedded-olimex_stm32_h405/gnat/a-stwisu.adb:1678:4" }
node: { title: "__indirect_call" label: "Indirect Call Placeholder" shape : ellipse }
edge: { sourcename: "ada__strings__wide_superbounded__super_translate__3" targetname: "__indirect_call" label: "/Users/tommy/.local/share/alire/toolchains/gnat_arm_elf_15.1.2_6dad003a/arm-eabi/lib/gnat/embedded-olimex_stm32_h405/gnat/a-stwisu.adb:1688:37" }
node: { title: "ada__strings__wide_superbounded__super_translate__4" label: "Super_Translate\n/Users/tommy/.local/share/alire/toolchains/gnat_arm_elf_15.1.2_6dad003a/arm-eabi/lib/gnat/embedded-olimex_stm32_h405/gnat/a-stwisu.adb:1694:4\n16 bytes (static)\n0 dynamic objects" }
edge: { sourcename: "ada__strings__wide_superbounded__super_translate__4" targetname: "__indirect_call" label: "/Users/tommy/.local/share/alire/toolchains/gnat_arm_elf_15.1.2_6dad003a/arm-eabi/lib/gnat/embedded-olimex_stm32_h405/gnat/a-stwisu.adb:1700:37" }
node: { title: "ada__strings__wide_superbounded__super_trim" label: "Super_Trim\n/Users/tommy/.local/share/alire/toolchains/gnat_arm_elf_15.1.2_6dad003a/arm-eabi/lib/gnat/embedded-olimex_stm32_h405/gnat/a-stwisu.adb:1708:4\n16 bytes (static)\n0 dynamic objects" }
edge: { sourcename: "ada__strings__wide_superbounded__super_trim" targetname: "system__secondary_stack__ss_allocate" label: "/Users/tommy/.local/share/alire/toolchains/gnat_arm_elf_15.1.2_6dad003a/arm-eabi/lib/gnat/embedded-olimex_stm32_h405/gnat/a-stwisu.adb:1708:4" }
edge: { sourcename: "ada__strings__wide_superbounded__super_trim" targetname: "memmove" label: "/Users/tommy/.local/share/alire/toolchains/gnat_arm_elf_15.1.2_6dad003a/arm-eabi/lib/gnat/embedded-olimex_stm32_h405/gnat/a-stwisu.adb:1730:48" }
node: { title: "ada__strings__wide_superbounded__super_trim__2" label: "Super_Trim\n/Users/tommy/.local/share/alire/toolchains/gnat_arm_elf_15.1.2_6dad003a/arm-eabi/lib/gnat/embedded-olimex_stm32_h405/gnat/a-stwisu.adb:1734:4\n40 bytes (dynamic)\n1 dynamic objects\n Temp /Users/tommy/.local/share/alire/toolchains/gnat_arm_elf_15.1.2_6dad003a/arm-eabi/lib/gnat/embedded-olimex_stm32_h405/gnat/a-stwisu.adb:1741:7" }
edge: { sourcename: "ada__strings__wide_superbounded__super_trim__2" targetname: "memmove" label: "/Users/tommy/.local/share/alire/toolchains/gnat_arm_elf_15.1.2_6dad003a/arm-eabi/lib/gnat/embedded-olimex_stm32_h405/gnat/a-stwisu.adb:1744:24" }
node: { title: "memset" label: "builtin_memset\n<built-in>" shape : ellipse }
edge: { sourcename: "ada__strings__wide_superbounded__super_trim__2" targetname: "memset" }
edge: { sourcename: "ada__strings__wide_superbounded__super_trim__2" targetname: "memmove" label: "/Users/tommy/.local/share/alire/toolchains/gnat_arm_elf_15.1.2_6dad003a/arm-eabi/lib/gnat/embedded-olimex_stm32_h405/gnat/a-stwisu.adb:1760:48" }
node: { title: "ada__strings__wide_superbounded__super_trim__3" label: "Super_Trim\n/Users/tommy/.local/share/alire/toolchains/gnat_arm_elf_15.1.2_6dad003a/arm-eabi/lib/gnat/embedded-olimex_stm32_h405/gnat/a-stwisu.adb:1763:4\n56 bytes (static)\n0 dynamic objects" }
edge: { sourcename: "ada__strings__wide_superbounded__super_trim__3" targetname: "system__secondary_stack__ss_allocate" label: "/Users/tommy/.local/share/alire/toolchains/gnat_arm_elf_15.1.2_6dad003a/arm-eabi/lib/gnat/embedded-olimex_stm32_h405/gnat/a-stwisu.adb:1763:4" }
node: { title: "ada__strings__wide_maps__is_in" label: "Is_In\n/Users/tommy/.local/share/alire/toolchains/gnat_arm_elf_15.1.2_6dad003a/arm-eabi/lib/gnat/embedded-olimex_stm32_h405/gnat/a-stwima.ads:94:13" shape : ellipse }
edge: { sourcename: "ada__strings__wide_superbounded__super_trim__3" targetname: "ada__strings__wide_maps__is_in" label: "/Users/tommy/.local/share/alire/toolchains/gnat_arm_elf_15.1.2_6dad003a/arm-eabi/lib/gnat/embedded-olimex_stm32_h405/gnat/a-stwisu.adb:1772:17" }
edge: { sourcename: "ada__strings__wide_superbounded__super_trim__3" targetname: "ada__strings__wide_maps__is_in" label: "/Users/tommy/.local/share/alire/toolchains/gnat_arm_elf_15.1.2_6dad003a/arm-eabi/lib/gnat/embedded-olimex_stm32_h405/gnat/a-stwisu.adb:1774:23" }
edge: { sourcename: "ada__strings__wide_superbounded__super_trim__3" targetname: "memmove" label: "/Users/tommy/.local/share/alire/toolchains/gnat_arm_elf_15.1.2_6dad003a/arm-eabi/lib/gnat/embedded-olimex_stm32_h405/gnat/a-stwisu.adb:1776:60" }
node: { title: "ada__strings__wide_superbounded__super_trim__4" label: "Super_Trim\n/Users/tommy/.local/share/alire/toolchains/gnat_arm_elf_15.1.2_6dad003a/arm-eabi/lib/gnat/embedded-olimex_stm32_h405/gnat/a-stwisu.adb:1788:4\n40 bytes (static)\n0 dynamic objects" }
edge: { sourcename: "ada__strings__wide_superbounded__super_trim__4" targetname: "ada__strings__wide_maps__is_in" label: "/Users/tommy/.local/share/alire/toolchains/gnat_arm_elf_15.1.2_6dad003a/arm-eabi/lib/gnat/embedded-olimex_stm32_h405/gnat/a-stwisu.adb:1795:17" }
edge: { sourcename: "ada__strings__wide_superbounded__super_trim__4" targetname: "ada__strings__wide_maps__is_in" label: "/Users/tommy/.local/share/alire/toolchains/gnat_arm_elf_15.1.2_6dad003a/arm-eabi/lib/gnat/embedded-olimex_stm32_h405/gnat/a-stwisu.adb:1797:23" }
edge: { sourcename: "ada__strings__wide_superbounded__super_trim__4" targetname: "memmove" label: "/Users/tommy/.local/share/alire/toolchains/gnat_arm_elf_15.1.2_6dad003a/arm-eabi/lib/gnat/embedded-olimex_stm32_h405/gnat/a-stwisu.adb:1803:63" }
node: { title: "ada__strings__wide_superbounded__times" label: "Times\n/Users/tommy/.local/share/alire/toolchains/gnat_arm_elf_15.1.2_6dad003a/arm-eabi/lib/gnat/embedded-olimex_stm32_h405/gnat/a-stwisu.adb:1829:4\n24 bytes (static)\n0 dynamic objects" }
edge: { sourcename: "ada__strings__wide_superbounded__times" targetname: "system__secondary_stack__ss_allocate" label: "/Users/tommy/.local/share/alire/toolchains/gnat_arm_elf_15.1.2_6dad003a/arm-eabi/lib/gnat/embedded-olimex_stm32_h405/gnat/a-stwisu.adb:1829:4" }
edge: { sourcename: "ada__strings__wide_superbounded__times" targetname: "__gnat_raise_exception" label: "/Users/tommy/.local/share/alire/toolchains/gnat_arm_elf_15.1.2_6dad003a/arm-eabi/lib/gnat/embedded-olimex_stm32_h405/gnat/a-stwisu.adb:1838:10" }
node: { title: "ada__strings__wide_superbounded__times__2" label: "Times\n/Users/tommy/.local/share/alire/toolchains/gnat_arm_elf_15.1.2_6dad003a/arm-eabi/lib/gnat/embedded-olimex_stm32_h405/gnat/a-stwisu.adb:1851:4\n48 bytes (static)\n0 dynamic objects" }
edge: { sourcename: "ada__strings__wide_superbounded__times__2" targetname: "system__secondary_stack__ss_allocate" label: "/Users/tommy/.local/share/alire/toolchains/gnat_arm_elf_15.1.2_6dad003a/arm-eabi/lib/gnat/embedded-olimex_stm32_h405/gnat/a-stwisu.adb:1851:4" }
edge: { sourcename: "ada__strings__wide_superbounded__times__2" targetname: "__gnat_raise_exception" label: "/Users/tommy/.local/share/alire/toolchains/gnat_arm_elf_15.1.2_6dad003a/arm-eabi/lib/gnat/embedded-olimex_stm32_h405/gnat/a-stwisu.adb:1863:10" }
edge: { sourcename: "ada__strings__wide_superbounded__times__2" targetname: "memmove" label: "/Users/tommy/.local/share/alire/toolchains/gnat_arm_elf_15.1.2_6dad003a/arm-eabi/lib/gnat/embedded-olimex_stm32_h405/gnat/a-stwisu.adb:1870:52" }
node: { title: "ada__strings__wide_superbounded__times__3" label: "Times\n/Users/tommy/.local/share/alire/toolchains/gnat_arm_elf_15.1.2_6dad003a/arm-eabi/lib/gnat/embedded-olimex_stm32_h405/gnat/a-stwisu.adb:1879:4\n48 bytes (static)\n0 dynamic objects" }
edge: { sourcename: "ada__strings__wide_superbounded__times__3" targetname: "system__secondary_stack__ss_allocate" label: "/Users/tommy/.local/share/alire/toolchains/gnat_arm_elf_15.1.2_6dad003a/arm-eabi/lib/gnat/embedded-olimex_stm32_h405/gnat/a-stwisu.adb:1879:4" }
edge: { sourcename: "ada__strings__wide_superbounded__times__3" targetname: "__gnat_raise_exception" label: "/Users/tommy/.local/share/alire/toolchains/gnat_arm_elf_15.1.2_6dad003a/arm-eabi/lib/gnat/embedded-olimex_stm32_h405/gnat/a-stwisu.adb:1890:10" }
edge: { sourcename: "ada__strings__wide_superbounded__times__3" targetname: "memmove" label: "/Users/tommy/.local/share/alire/toolchains/gnat_arm_elf_15.1.2_6dad003a/arm-eabi/lib/gnat/embedded-olimex_stm32_h405/gnat/a-stwisu.adb:1897:52" }
node: { title: "ada__strings__wide_superbounded__to_super_string" label: "To_Super_String\n/Users/tommy/.local/share/alire/toolchains/gnat_arm_elf_15.1.2_6dad003a/arm-eabi/lib/gnat/embedded-olimex_stm32_h405/gnat/a-stwisu.adb:1911:4\n32 bytes (static)\n0 dynamic objects" }
edge: { sourcename: "ada__strings__wide_superbounded__to_super_string" targetname: "system__secondary_stack__ss_allocate" label: "/Users/tommy/.local/share/alire/toolchains/gnat_arm_elf_15.1.2_6dad003a/arm-eabi/lib/gnat/embedded-olimex_stm32_h405/gnat/a-stwisu.adb:1911:4" }
edge: { sourcename: "ada__strings__wide_superbounded__to_super_string" targetname: "memcpy" }
edge: { sourcename: "ada__strings__wide_superbounded__to_super_string" targetname: "memmove" label: "/Users/tommy/.local/share/alire/toolchains/gnat_arm_elf_15.1.2_6dad003a/arm-eabi/lib/gnat/embedded-olimex_stm32_h405/gnat/a-stwisu.adb:1928:46" }
edge: { sourcename: "ada__strings__wide_superbounded__to_super_string" targetname: "memmove" label: "/Users/tommy/.local/share/alire/toolchains/gnat_arm_elf_15.1.2_6dad003a/arm-eabi/lib/gnat/embedded-olimex_stm32_h405/gnat/a-stwisu.adb:1933:46" }
edge: { sourcename: "ada__strings__wide_superbounded__to_super_string" targetname: "__gnat_raise_exception" label: "/Users/tommy/.local/share/alire/toolchains/gnat_arm_elf_15.1.2_6dad003a/arm-eabi/lib/gnat/embedded-olimex_stm32_h405/gnat/a-stwisu.adb:1937:16" }
}
