graph: { title: "/Users/tommy/.local/share/alire/toolchains/gnat_arm_elf_15.1.2_6dad003a/arm-eabi/lib/gnat/embedded-olimex_stm32_h405/gnat/g-bytswa.adb"
node: { title: "gnat__byte_swapping__swap2" label: "SWAP2\n/Users/tommy/.local/share/alire/toolchains/gnat_arm_elf_15.1.2_6dad003a/arm-eabi/lib/gnat/embedded-olimex_stm32_h405/gnat/g-bytswa.adb:84:4\n0 bytes (static)\n0 dynamic objects" }
node: { title: "gnat__byte_swapping__swap4" label: "SWAP4\n/Users/tommy/.local/share/alire/toolchains/gnat_arm_elf_15.1.2_6dad003a/arm-eabi/lib/gnat/embedded-olimex_stm32_h405/gnat/g-bytswa.adb:95:4\n0 bytes (static)\n0 dynamic objects" }
node: { title: "gnat__byte_swapping__swap8" label: "SWAP8\n/Users/tommy/.local/share/alire/toolchains/gnat_arm_elf_15.1.2_6dad003a/arm-eabi/lib/gnat/embedded-olimex_stm32_h405/gnat/g-bytswa.adb:106:4\n4 bytes (static)\n0 dynamic objects" }
}
