graph: { title: "/Users/tommy/.local/share/alire/toolchains/gnat_arm_elf_15.1.2_6dad003a/arm-eabi/lib/gnat/embedded-olimex_stm32_h405/gnat/g-strspl.ads"
edge: { sourcename: "gnat__string_split__Tslice_setCFD"
  targetname: "-9:gnat__string_split__slice_set,gnat__string_split__slice_set"
  label: "g-arrspl.ads:203:9 [g-strspl.ads:39:1]"
}
class {
  classname: "gnat__string_split__slice_set"
  label: "gnat__string_split__slice_set\g-arrspl.ads:203:9 [g-strspl.ads:39:1]"
  parent: "ada__finalization__controlled"
  virtuals: "1:gnat__string_split__adjust__2,1:ada__finalization__controlled\n
             2:gnat__string_split__finalize__2,2:ada__finalization__controlled\n
             3:gnat__string_split__initialize__2,3:ada__finalization__controlled\n
             -1:gnat__string_split___size__2,-1:ada__finalization__controlled\n
             -10:gnat__string_split__slice_setPI__2,-10:ada__finalization__controlled\n
             -2:gnat__string_split__slice_setSR__2,-2:ada__finalization__controlled\n
             -3:gnat__string_split__slice_setSW__2,-3:ada__finalization__controlled\n
             -4:gnat__string_split__slice_setSI__2,-4:ada__finalization__controlled\n
             -5:gnat__string_split__slice_setSO__2,-5:ada__finalization__controlled\n
             -6:gnat__string_split__Oeq__2,-6:ada__finalization__controlled\n
             -7:gnat__string_split___assign__2,-7:ada__finalization__controlled\n
             -8:gnat__string_split__slice_setDA__2,-8:ada__finalization__controlled\n
             -9:gnat__string_split__slice_setDF__2,-9:ada__finalization__controlled\n
             4:gnat__string_split__create\n
             5:gnat__string_split__create__2\n
             6:gnat__string_split__create__3\n
             7:gnat__string_split__create__4\n
             8:gnat__string_split__set\n
             9:gnat__string_split__set__2\n
             10:gnat__string_split__slice_count\n
             11:gnat__string_split__first_cursor\n
             12:gnat__string_split__advance\n
             13:gnat__string_split__has_element\n
             14:gnat__string_split__slice\n
             15:gnat__string_split__separators\n
             16:gnat__string_split__separators__2"
}
node: { title: "gnat__string_split___size__2" label: "string_split\n<built-in>\n0 bytes (static)\n0 dynamic objects" }
node: { title: "gnat__string_split__slice_setDA__2" label: "slice_setDA\n<built-in>\n0 bytes (static)\n0 dynamic objects" }
node: { title: "gnat__string_split__first_cursor" label: "First_Cursor\n/Users/tommy/.local/share/alire/toolchains/gnat_arm_elf_15.1.2_6dad003a/arm-eabi/lib/gnat/embedded-olimex_stm32_h405/gnat/g-arrspl.ads:136:4\n0 bytes (static)\n0 dynamic objects" }
node: { title: "gnat__string_split__advance" label: "Advance\n/Users/tommy/.local/share/alire/toolchains/gnat_arm_elf_15.1.2_6dad003a/arm-eabi/lib/gnat/embedded-olimex_stm32_h405/gnat/g-arrspl.ads:137:4\n0 bytes (static)\n0 dynamic objects" }
node: { title: "gnat__string_split__has_element" label: "Has_Element\n/Users/tommy/.local/share/alire/toolchains/gnat_arm_elf_15.1.2_6dad003a/arm-eabi/lib/gnat/embedded-olimex_stm32_h405/gnat/g-arrspl.ads:140:4\n0 bytes (static)\n0 dynamic objects" }
node: { title: "gnat__string_split__adjust__2" label: "ADJUST\n/Users/tommy/.local/share/alire/toolchains/gnat_arm_elf_15.1.2_6dad003a/arm-eabi/lib/gnat/embedded-olimex_stm32_h405/gnat/g-arrspl.adb:52:15\n0 bytes (static)\n0 dynamic objects" }
node: { title: "gnat__string_split__slice_count" label: "SLICE_COUNT\n/Users/tommy/.local/share/alire/toolchains/gnat_arm_elf_15.1.2_6dad003a/arm-eabi/lib/gnat/embedded-olimex_stm32_h405/gnat/g-arrspl.adb:367:4\n0 bytes (static)\n0 dynamic objects" }
node: { title: "gnat__string_split__slice_setPI__2" label: "slice_setPI\n<built-in>\n0 bytes (static)\n0 dynamic objects" }
node: { title: "system__put_images__put_image_unknown" label: "Put_Image_Unknown\n/Users/tommy/.local/share/alire/toolchains/gnat_arm_elf_15.1.2_6dad003a/arm-eabi/lib/gnat/embedded-olimex_stm32_h405/gnat/s-putima.ads:116:14" shape : ellipse }
edge: { sourcename: "gnat__string_split__slice_setPI__2" targetname: "system__put_images__put_image_unknown" label: "/Users/tommy/.local/share/alire/toolchains/gnat_arm_elf_15.1.2_6dad003a/arm-eabi/lib/gnat/embedded-olimex_stm32_h405/gnat/g-arrspl.ads:203:9" }
node: { title: "gnat__string_split__separators" label: "SEPARATORS\n/Users/tommy/.local/share/alire/toolchains/gnat_arm_elf_15.1.2_6dad003a/arm-eabi/lib/gnat/embedded-olimex_stm32_h405/gnat/g-arrspl.adb:171:4\n16 bytes (static)\n0 dynamic objects" }
node: { title: "__gnat_raise_exception" label: "Raise_Exception_Always\n/Users/tommy/.local/share/alire/toolchains/gnat_arm_elf_15.1.2_6dad003a/arm-eabi/lib/gnat/embedded-olimex_stm32_h405/gnat/a-except.ads:186:14" shape : ellipse }
edge: { sourcename: "gnat__string_split__separators" targetname: "__gnat_raise_exception" label: "/Users/tommy/.local/share/alire/toolchains/gnat_arm_elf_15.1.2_6dad003a/arm-eabi/lib/gnat/embedded-olimex_stm32_h405/gnat/g-arrspl.adb:177:10" }
node: { title: "gnat__string_split__Oeq__2" label: "=\n<built-in>\n16 bytes (static)\n0 dynamic objects" }
node: { title: "ada__finalization__Oeq__3" label: "=\n/Users/tommy/.local/share/alire/toolchains/gnat_arm_elf_15.1.2_6dad003a/arm-eabi/lib/gnat/embedded-olimex_stm32_h405/gnat/a-finali.ads:59:9" shape : ellipse }
edge: { sourcename: "gnat__string_split__Oeq__2" targetname: "ada__finalization__Oeq__3" label: "/Users/tommy/.local/share/alire/toolchains/gnat_arm_elf_15.1.2_6dad003a/arm-eabi/lib/gnat/embedded-olimex_stm32_h405/gnat/g-arrspl.ads:203:9" }
node: { title: "gnat__string_split__initialize__2" label: "INITIALIZE\n/Users/tommy/.local/share/alire/toolchains/gnat_arm_elf_15.1.2_6dad003a/arm-eabi/lib/gnat/embedded-olimex_stm32_h405/gnat/g-arrspl.adb:162:15\n8 bytes (static)\n0 dynamic objects" }
node: { title: "__gnat_malloc" label: "gnat_malloc\n<built-in>" shape : ellipse }
edge: { sourcename: "gnat__string_split__initialize__2" targetname: "__gnat_malloc" label: "/Users/tommy/.local/share/alire/toolchains/gnat_arm_elf_15.1.2_6dad003a/arm-eabi/lib/gnat/embedded-olimex_stm32_h405/gnat/g-arrspl.adb:164:14" }
node: { title: "gnat__string_split__finalize__2" label: "FINALIZE\n/Users/tommy/.local/share/alire/toolchains/gnat_arm_elf_15.1.2_6dad003a/arm-eabi/lib/gnat/embedded-olimex_stm32_h405/gnat/g-arrspl.adb:131:15\n16 bytes (static)\n0 dynamic objects" }
node: { title: "__gnat_free" label: "gnat_free\n<built-in>" shape : ellipse }
edge: { sourcename: "gnat__string_split__finalize__2" targetname: "__gnat_free" label: "/Users/tommy/.local/share/alire/toolchains/gnat_arm_elf_15.1.2_6dad003a/arm-eabi/lib/gnat/embedded-olimex_stm32_h405/gnat/g-arrspl.adb:150:13" }
edge: { sourcename: "gnat__string_split__finalize__2" targetname: "__gnat_free" label: "/Users/tommy/.local/share/alire/toolchains/gnat_arm_elf_15.1.2_6dad003a/arm-eabi/lib/gnat/embedded-olimex_stm32_h405/gnat/g-arrspl.adb:151:13" }
edge: { sourcename: "gnat__string_split__finalize__2" targetname: "__gnat_free" label: "/Users/tommy/.local/share/alire/toolchains/gnat_arm_elf_15.1.2_6dad003a/arm-eabi/lib/gnat/embedded-olimex_stm32_h405/gnat/g-arrspl.adb:152:13" }
edge: { sourcename: "gnat__string_split__finalize__2" targetname: "__gnat_free" label: "/Users/tommy/.local/share/alire/toolchains/gnat_arm_elf_15.1.2_6dad003a/arm-eabi/lib/gnat/embedded-olimex_stm32_h405/gnat/g-arrspl.adb:153:13" }
node: { title: "gnat__string_split__slice_setFD" label: "slice_setFD\n<built-in>\n0 bytes (static)\n0 dynamic objects" }
edge: { sourcename: "gnat__string_split__slice_setFD" targetname: "gnat__string_split__finalize__2" label: "/Users/tommy/.local/share/alire/toolchains/gnat_arm_elf_15.1.2_6dad003a/arm-eabi/lib/gnat/embedded-olimex_stm32_h405/gnat/g-arrspl.ads:203:9" }
node: { title: "gnat__string_split___assign__2" label: "string_split\n<built-in>\n440 bytes (static)\n0 dynamic objects" }
edge: { sourcename: "gnat__string_split___assign__2" targetname: "gnat__string_split__finalize__2" label: "/Users/tommy/.local/share/alire/toolchains/gnat_arm_elf_15.1.2_6dad003a/arm-eabi/lib/gnat/embedded-olimex_stm32_h405/gnat/g-arrspl.ads:203:9" }
node: { title: "_Unwind_Resume" label: "builtin_unwind_resume\n<built-in>" shape : ellipse }
edge: { sourcename: "gnat__string_split___assign__2" targetname: "_Unwind_Resume" }
node: { title: "__gnat_begin_handler_v1" label: "gnat_begin_handler_v1\n<built-in>" shape : ellipse }
edge: { sourcename: "gnat__string_split___assign__2" targetname: "__gnat_begin_handler_v1" }
node: { title: "__gnat_set_exception_parameter" label: "gnat_set_exception_parameter\n<built-in>" shape : ellipse }
edge: { sourcename: "gnat__string_split___assign__2" targetname: "__gnat_set_exception_parameter" }
node: { title: "__gnat_raise_from_controlled_operation" label: "Raise_From_Controlled_Operation\n/Users/tommy/.local/share/alire/toolchains/gnat_arm_elf_15.1.2_6dad003a/arm-eabi/lib/gnat/embedded-olimex_stm32_h405/gnat/a-except.ads:200:14" shape : ellipse }
edge: { sourcename: "gnat__string_split___assign__2" targetname: "__gnat_raise_from_controlled_operation" label: "/Users/tommy/.local/share/alire/toolchains/gnat_arm_elf_15.1.2_6dad003a/arm-eabi/lib/gnat/embedded-olimex_stm32_h405/gnat/g-arrspl.ads:203:9" }
node: { title: "__gnat_end_handler_v1" label: "gnat_end_handler_v1\n<built-in>" shape : ellipse }
edge: { sourcename: "gnat__string_split___assign__2" targetname: "__gnat_end_handler_v1" }
edge: { sourcename: "gnat__string_split___assign__2" targetname: "_Unwind_Resume" }
node: { title: "gnat__string_split__slice_setDF__2" label: "slice_setDF\n<built-in>\n0 bytes (static)\n0 dynamic objects" }
edge: { sourcename: "gnat__string_split__slice_setDF__2" targetname: "gnat__string_split__finalize__2" label: "/Users/tommy/.local/share/alire/toolchains/gnat_arm_elf_15.1.2_6dad003a/arm-eabi/lib/gnat/embedded-olimex_stm32_h405/gnat/g-arrspl.ads:203:9" }
node: { title: "gnat__string_split__separators__2" label: "SEPARATORS\n/Users/tommy/.local/share/alire/toolchains/gnat_arm_elf_15.1.2_6dad003a/arm-eabi/lib/gnat/embedded-olimex_stm32_h405/gnat/g-arrspl.adb:205:4\n16 bytes (static)\n0 dynamic objects" }
node: { title: "system__secondary_stack__ss_allocate" label: "Ss_Allocate\n/Users/tommy/.local/share/alire/toolchains/gnat_arm_elf_15.1.2_6dad003a/arm-eabi/lib/gnat/embedded-olimex_stm32_h405/gnat/s-secsta.ads:114:14" shape : ellipse }
edge: { sourcename: "gnat__string_split__separators__2" targetname: "system__secondary_stack__ss_allocate" label: "/Users/tommy/.local/share/alire/toolchains/gnat_arm_elf_15.1.2_6dad003a/arm-eabi/lib/gnat/embedded-olimex_stm32_h405/gnat/g-arrspl.adb:207:7" }
node: { title: "memcpy" label: "builtin_memcpy\n<built-in>" shape : ellipse }
edge: { sourcename: "gnat__string_split__separators__2" targetname: "memcpy" }
node: { title: "gnat__string_split__set__2" label: "SET\n/Users/tommy/.local/share/alire/toolchains/gnat_arm_elf_15.1.2_6dad003a/arm-eabi/lib/gnat/embedded-olimex_stm32_h405/gnat/g-arrspl.adb:227:4\n56 bytes (dynamic)\n1 dynamic objects\n S_INFO /Users/tommy/.local/share/alire/toolchains/gnat_arm_elf_15.1.2_6dad003a/arm-eabi/lib/gnat/embedded-olimex_stm32_h405/gnat/g-arrspl.adb:288:10" }
edge: { sourcename: "gnat__string_split__set__2" targetname: "__gnat_malloc" label: "/Users/tommy/.local/share/alire/toolchains/gnat_arm_elf_15.1.2_6dad003a/arm-eabi/lib/gnat/embedded-olimex_stm32_h405/gnat/g-arrspl.adb:249:20" }
edge: { sourcename: "gnat__string_split__set__2" targetname: "__gnat_malloc" label: "/Users/tommy/.local/share/alire/toolchains/gnat_arm_elf_15.1.2_6dad003a/arm-eabi/lib/gnat/embedded-olimex_stm32_h405/gnat/g-arrspl.adb:253:30" }
edge: { sourcename: "gnat__string_split__set__2" targetname: "memcpy" }
edge: { sourcename: "gnat__string_split__set__2" targetname: "__gnat_free" label: "/Users/tommy/.local/share/alire/toolchains/gnat_arm_elf_15.1.2_6dad003a/arm-eabi/lib/gnat/embedded-olimex_stm32_h405/gnat/g-arrspl.adb:262:13" }
edge: { sourcename: "gnat__string_split__set__2" targetname: "__gnat_free" label: "/Users/tommy/.local/share/alire/toolchains/gnat_arm_elf_15.1.2_6dad003a/arm-eabi/lib/gnat/embedded-olimex_stm32_h405/gnat/g-arrspl.adb:263:13" }
edge: { sourcename: "gnat__string_split__set__2" targetname: "__gnat_malloc" label: "/Users/tommy/.local/share/alire/toolchains/gnat_arm_elf_15.1.2_6dad003a/arm-eabi/lib/gnat/embedded-olimex_stm32_h405/gnat/g-arrspl.adb:275:19" }
edge: { sourcename: "gnat__string_split__set__2" targetname: "__gnat_malloc" label: "/Users/tommy/.local/share/alire/toolchains/gnat_arm_elf_15.1.2_6dad003a/arm-eabi/lib/gnat/embedded-olimex_stm32_h405/gnat/g-arrspl.adb:338:24" }
edge: { sourcename: "gnat__string_split__set__2" targetname: "memcpy" }
node: { title: "gnat__string_split__set" label: "SET\n/Users/tommy/.local/share/alire/toolchains/gnat_arm_elf_15.1.2_6dad003a/arm-eabi/lib/gnat/embedded-olimex_stm32_h405/gnat/g-arrspl.adb:214:4\n48 bytes (static)\n0 dynamic objects" }
node: { title: "ada__strings__maps__to_set__3" label: "To_Set\n/Users/tommy/.local/share/alire/toolchains/gnat_arm_elf_15.1.2_6dad003a/arm-eabi/lib/gnat/embedded-olimex_stm32_h405/gnat/a-strmap.ads:222:13" shape : ellipse }
edge: { sourcename: "gnat__string_split__set" targetname: "ada__strings__maps__to_set__3" label: "/Users/tommy/.local/share/alire/toolchains/gnat_arm_elf_15.1.2_6dad003a/arm-eabi/lib/gnat/embedded-olimex_stm32_h405/gnat/g-arrspl.adb:220:15" }
edge: { sourcename: "gnat__string_split__set" targetname: "gnat__string_split__set__2" label: "/Users/tommy/.local/share/alire/toolchains/gnat_arm_elf_15.1.2_6dad003a/arm-eabi/lib/gnat/embedded-olimex_stm32_h405/gnat/g-arrspl.adb:220:7" }
node: { title: "/Users/tommy/.local/share/alire/toolchains/gnat_arm_elf_15.1.2_6dad003a/arm-eabi/lib/gnat/embedded-olimex_stm32_h405/gnat/g-strspl.ads:system__stream_attributes__i_as.part.0" label: "Part\n/Users/tommy/.local/share/alire/toolchains/gnat_arm_elf_15.1.2_6dad003a/arm-eabi/lib/gnat/embedded-olimex_stm32_h405/gnat/s-stratt.adb:179:4\n8 bytes (static)\n0 dynamic objects" }
edge: { sourcename: "/Users/tommy/.local/share/alire/toolchains/gnat_arm_elf_15.1.2_6dad003a/arm-eabi/lib/gnat/embedded-olimex_stm32_h405/gnat/g-strspl.ads:system__stream_attributes__i_as.part.0" targetname: "__gnat_raise_exception" label: "/Users/tommy/.local/share/alire/toolchains/gnat_arm_elf_15.1.2_6dad003a/arm-eabi/lib/gnat/embedded-olimex_stm32_h405/gnat/s-stratt.adb:191:10" }
node: { title: "gnat__string_split__slice" label: "SLICE\n/Users/tommy/.local/share/alire/toolchains/gnat_arm_elf_15.1.2_6dad003a/arm-eabi/lib/gnat/embedded-olimex_stm32_h405/gnat/g-arrspl.adb:346:4\n32 bytes (static)\n0 dynamic objects" }
edge: { sourcename: "gnat__string_split__slice" targetname: "system__secondary_stack__ss_allocate" label: "/Users/tommy/.local/share/alire/toolchains/gnat_arm_elf_15.1.2_6dad003a/arm-eabi/lib/gnat/embedded-olimex_stm32_h405/gnat/g-arrspl.adb:352:10" }
edge: { sourcename: "gnat__string_split__slice" targetname: "memcpy" }
edge: { sourcename: "gnat__string_split__slice" targetname: "__gnat_raise_exception" label: "/Users/tommy/.local/share/alire/toolchains/gnat_arm_elf_15.1.2_6dad003a/arm-eabi/lib/gnat/embedded-olimex_stm32_h405/gnat/g-arrspl.adb:355:10" }
edge: { sourcename: "gnat__string_split__slice" targetname: "system__secondary_stack__ss_allocate" label: "/Users/tommy/.local/share/alire/toolchains/gnat_arm_elf_15.1.2_6dad003a/arm-eabi/lib/gnat/embedded-olimex_stm32_h405/gnat/g-arrspl.adb:358:10" }
edge: { sourcename: "gnat__string_split__slice" targetname: "memcpy" }
node: { title: "/Users/tommy/.local/share/alire/toolchains/gnat_arm_elf_15.1.2_6dad003a/arm-eabi/lib/gnat/embedded-olimex_stm32_h405/gnat/g-strspl.ads:gnat__string_split__slice_setSI__R31s___finalizer__2.0" label: "R31s\n<built-in>\n0 bytes (static)\n0 dynamic objects" }
edge: { sourcename: "/Users/tommy/.local/share/alire/toolchains/gnat_arm_elf_15.1.2_6dad003a/arm-eabi/lib/gnat/embedded-olimex_stm32_h405/gnat/g-strspl.ads:gnat__string_split__slice_setSI__R31s___finalizer__2.0" targetname: "gnat__string_split__finalize__2" label: "/Users/tommy/.local/share/alire/toolchains/gnat_arm_elf_15.1.2_6dad003a/arm-eabi/lib/gnat/embedded-olimex_stm32_h405/gnat/s-finpri.adb:373:10" }
node: { title: "/Users/tommy/.local/share/alire/toolchains/gnat_arm_elf_15.1.2_6dad003a/arm-eabi/lib/gnat/embedded-olimex_stm32_h405/gnat/g-strspl.ads:gnat__string_split__create__R150b___finalizer__4.3" label: "R150b\n<built-in>" shape : triangle }
edge: { sourcename: "/Users/tommy/.local/share/alire/toolchains/gnat_arm_elf_15.1.2_6dad003a/arm-eabi/lib/gnat/embedded-olimex_stm32_h405/gnat/g-strspl.ads:gnat__string_split__create__R150b___finalizer__4.3" targetname: "/Users/tommy/.local/share/alire/toolchains/gnat_arm_elf_15.1.2_6dad003a/arm-eabi/lib/gnat/embedded-olimex_stm32_h405/gnat/g-strspl.ads:gnat__string_split__slice_setSI__R31s___finalizer__2.0" }
node: { title: "/Users/tommy/.local/share/alire/toolchains/gnat_arm_elf_15.1.2_6dad003a/arm-eabi/lib/gnat/embedded-olimex_stm32_h405/gnat/g-strspl.ads:gnat__string_split__create__R131b___finalizer__2.1" label: "R131b\n<built-in>" shape : triangle }
edge: { sourcename: "/Users/tommy/.local/share/alire/toolchains/gnat_arm_elf_15.1.2_6dad003a/arm-eabi/lib/gnat/embedded-olimex_stm32_h405/gnat/g-strspl.ads:gnat__string_split__create__R131b___finalizer__2.1" targetname: "/Users/tommy/.local/share/alire/toolchains/gnat_arm_elf_15.1.2_6dad003a/arm-eabi/lib/gnat/embedded-olimex_stm32_h405/gnat/g-strspl.ads:gnat__string_split__slice_setSI__R31s___finalizer__2.0" }
node: { title: "gnat__string_split__slice_setSO__2" label: "slice_setSO\n<built-in>\n32 bytes (static)\n0 dynamic objects" }
node: { title: "ada__finalization__controlledSW__2" label: "Controlledsw\n/Users/tommy/.local/share/alire/toolchains/gnat_arm_elf_15.1.2_6dad003a/arm-eabi/lib/gnat/embedded-olimex_stm32_h405/gnat/a-finali.ads:59:9" shape : ellipse }
edge: { sourcename: "gnat__string_split__slice_setSO__2" targetname: "ada__finalization__controlledSW__2" label: "/Users/tommy/.local/share/alire/toolchains/gnat_arm_elf_15.1.2_6dad003a/arm-eabi/lib/gnat/embedded-olimex_stm32_h405/gnat/g-arrspl.ads:203:9" }
node: { title: "system__stream_attributes__xdr__w_as" label: "W_As\n/Users/tommy/.local/share/alire/toolchains/gnat_arm_elf_15.1.2_6dad003a/arm-eabi/lib/gnat/embedded-olimex_stm32_h405/gnat/s-statxd.ads:93:14" shape : ellipse }
edge: { sourcename: "gnat__string_split__slice_setSO__2" targetname: "system__stream_attributes__xdr__w_as" label: "/Users/tommy/.local/share/alire/toolchains/gnat_arm_elf_15.1.2_6dad003a/arm-eabi/lib/gnat/embedded-olimex_stm32_h405/gnat/s-stratt.adb:711:13" }
node: { title: "__indirect_call" label: "Indirect Call Placeholder" shape : ellipse }
edge: { sourcename: "gnat__string_split__slice_setSO__2" targetname: "__indirect_call" label: "/Users/tommy/.local/share/alire/toolchains/gnat_arm_elf_15.1.2_6dad003a/arm-eabi/lib/gnat/embedded-olimex_stm32_h405/gnat/s-stratt.adb:715:18" }
node: { title: "gnat__string_split__slice_setSW__2" label: "slice_setSW\n<built-in>\n32 bytes (static)\n0 dynamic objects" }
edge: { sourcename: "gnat__string_split__slice_setSW__2" targetname: "ada__finalization__controlledSW__2" label: "/Users/tommy/.local/share/alire/toolchains/gnat_arm_elf_15.1.2_6dad003a/arm-eabi/lib/gnat/embedded-olimex_stm32_h405/gnat/g-arrspl.ads:203:9" }
edge: { sourcename: "gnat__string_split__slice_setSW__2" targetname: "system__stream_attributes__xdr__w_as" label: "/Users/tommy/.local/share/alire/toolchains/gnat_arm_elf_15.1.2_6dad003a/arm-eabi/lib/gnat/embedded-olimex_stm32_h405/gnat/s-stratt.adb:711:13" }
edge: { sourcename: "gnat__string_split__slice_setSW__2" targetname: "__indirect_call" label: "/Users/tommy/.local/share/alire/toolchains/gnat_arm_elf_15.1.2_6dad003a/arm-eabi/lib/gnat/embedded-olimex_stm32_h405/gnat/s-stratt.adb:715:18" }
node: { title: "gnat__string_split__slice_setSR__2" label: "slice_setSR\n<built-in>\n24 bytes (static)\n0 dynamic objects" }
node: { title: "ada__finalization__controlledSR__2" label: "Controlledsr\n/Users/tommy/.local/share/alire/toolchains/gnat_arm_elf_15.1.2_6dad003a/arm-eabi/lib/gnat/embedded-olimex_stm32_h405/gnat/a-finali.ads:59:9" shape : ellipse }
edge: { sourcename: "gnat__string_split__slice_setSR__2" targetname: "ada__finalization__controlledSR__2" label: "/Users/tommy/.local/share/alire/toolchains/gnat_arm_elf_15.1.2_6dad003a/arm-eabi/lib/gnat/embedded-olimex_stm32_h405/gnat/g-arrspl.ads:203:9" }
node: { title: "system__stream_attributes__xdr__i_as" label: "I_As\n/Users/tommy/.local/share/alire/toolchains/gnat_arm_elf_15.1.2_6dad003a/arm-eabi/lib/gnat/embedded-olimex_stm32_h405/gnat/s-statxd.ads:60:13" shape : ellipse }
edge: { sourcename: "gnat__string_split__slice_setSR__2" targetname: "system__stream_attributes__xdr__i_as" label: "/Users/tommy/.local/share/alire/toolchains/gnat_arm_elf_15.1.2_6dad003a/arm-eabi/lib/gnat/embedded-olimex_stm32_h405/gnat/s-stratt.adb:185:20" }
edge: { sourcename: "gnat__string_split__slice_setSR__2" targetname: "__indirect_call" label: "/Users/tommy/.local/share/alire/toolchains/gnat_arm_elf_15.1.2_6dad003a/arm-eabi/lib/gnat/embedded-olimex_stm32_h405/gnat/s-stratt.adb:188:18" }
edge: { sourcename: "gnat__string_split__slice_setSR__2" targetname: "/Users/tommy/.local/share/alire/toolchains/gnat_arm_elf_15.1.2_6dad003a/arm-eabi/lib/gnat/embedded-olimex_stm32_h405/gnat/g-strspl.ads:system__stream_attributes__i_as.part.0" }
node: { title: "gnat__string_split__create__3" label: "CREATE\n/Users/tommy/.local/share/alire/toolchains/gnat_arm_elf_15.1.2_6dad003a/arm-eabi/lib/gnat/embedded-olimex_stm32_h405/gnat/g-arrspl.adb:85:4\n56 bytes (static)\n0 dynamic objects" }
edge: { sourcename: "gnat__string_split__create__3" targetname: "__gnat_malloc" label: "/Users/tommy/.local/share/alire/toolchains/gnat_arm_elf_15.1.2_6dad003a/arm-eabi/lib/gnat/embedded-olimex_stm32_h405/gnat/g-arrspl.adb:164:14" }
edge: { sourcename: "gnat__string_split__create__3" targetname: "__gnat_malloc" label: "/Users/tommy/.local/share/alire/toolchains/gnat_arm_elf_15.1.2_6dad003a/arm-eabi/lib/gnat/embedded-olimex_stm32_h405/gnat/g-arrspl.adb:93:26" }
edge: { sourcename: "gnat__string_split__create__3" targetname: "memcpy" }
edge: { sourcename: "gnat__string_split__create__3" targetname: "gnat__string_split__set__2" label: "/Users/tommy/.local/share/alire/toolchains/gnat_arm_elf_15.1.2_6dad003a/arm-eabi/lib/gnat/embedded-olimex_stm32_h405/gnat/g-arrspl.adb:94:7" }
edge: { sourcename: "gnat__string_split__create__3" targetname: "gnat__string_split___assign__2" label: "/Users/tommy/.local/share/alire/toolchains/gnat_arm_elf_15.1.2_6dad003a/arm-eabi/lib/gnat/embedded-olimex_stm32_h405/gnat/g-arrspl.adb:95:9" }
edge: { sourcename: "gnat__string_split__create__3" targetname: "gnat__string_split__finalize__2" label: "/Users/tommy/.local/share/alire/toolchains/gnat_arm_elf_15.1.2_6dad003a/arm-eabi/lib/gnat/embedded-olimex_stm32_h405/gnat/g-arrspl.adb:96:0" }
edge: { sourcename: "gnat__string_split__create__3" targetname: "_Unwind_Resume" }
edge: { sourcename: "gnat__string_split__create__3" targetname: "__gnat_begin_handler_v1" label: "/Users/tommy/.local/share/alire/toolchains/gnat_arm_elf_15.1.2_6dad003a/arm-eabi/lib/gnat/embedded-olimex_stm32_h405/gnat/g-arrspl.adb:96:0" }
edge: { sourcename: "gnat__string_split__create__3" targetname: "__gnat_end_handler_v1" label: "/Users/tommy/.local/share/alire/toolchains/gnat_arm_elf_15.1.2_6dad003a/arm-eabi/lib/gnat/embedded-olimex_stm32_h405/gnat/g-arrspl.adb:96:0" }
node: { title: "__gnat_rcheck_PE_Finalize_Raised_Exception" label: "gnat_rcheck_PE_Finalize_Raised_Exception\n<built-in>" shape : ellipse }
edge: { sourcename: "gnat__string_split__create__3" targetname: "__gnat_rcheck_PE_Finalize_Raised_Exception" label: "/Users/tommy/.local/share/alire/toolchains/gnat_arm_elf_15.1.2_6dad003a/arm-eabi/lib/gnat/embedded-olimex_stm32_h405/gnat/g-arrspl.adb:96:0" }
edge: { sourcename: "gnat__string_split__create__3" targetname: "_Unwind_Resume" }
edge: { sourcename: "gnat__string_split__create__3" targetname: "__gnat_begin_handler_v1" label: "/Users/tommy/.local/share/alire/toolchains/gnat_arm_elf_15.1.2_6dad003a/arm-eabi/lib/gnat/embedded-olimex_stm32_h405/gnat/g-arrspl.adb:96:0" }
edge: { sourcename: "gnat__string_split__create__3" targetname: "__gnat_end_handler_v1" label: "/Users/tommy/.local/share/alire/toolchains/gnat_arm_elf_15.1.2_6dad003a/arm-eabi/lib/gnat/embedded-olimex_stm32_h405/gnat/g-arrspl.adb:96:0" }
edge: { sourcename: "gnat__string_split__create__3" targetname: "__gnat_rcheck_PE_Finalize_Raised_Exception" label: "/Users/tommy/.local/share/alire/toolchains/gnat_arm_elf_15.1.2_6dad003a/arm-eabi/lib/gnat/embedded-olimex_stm32_h405/gnat/g-arrspl.adb:96:0" }
edge: { sourcename: "gnat__string_split__create__3" targetname: "_Unwind_Resume" }
edge: { sourcename: "gnat__string_split__create__3" targetname: "gnat__string_split__finalize__2" label: "/Users/tommy/.local/share/alire/toolchains/gnat_arm_elf_15.1.2_6dad003a/arm-eabi/lib/gnat/embedded-olimex_stm32_h405/gnat/g-arrspl.adb:96:0" }
node: { title: "gnat__string_split__create" label: "CREATE\n/Users/tommy/.local/share/alire/toolchains/gnat_arm_elf_15.1.2_6dad003a/arm-eabi/lib/gnat/embedded-olimex_stm32_h405/gnat/g-arrspl.adb:61:4\n64 bytes (static)\n0 dynamic objects" }
edge: { sourcename: "gnat__string_split__create" targetname: "ada__strings__maps__to_set__3" label: "/Users/tommy/.local/share/alire/toolchains/gnat_arm_elf_15.1.2_6dad003a/arm-eabi/lib/gnat/embedded-olimex_stm32_h405/gnat/g-arrspl.adb:68:24" }
edge: { sourcename: "gnat__string_split__create" targetname: "gnat__string_split__create__3" label: "/Users/tommy/.local/share/alire/toolchains/gnat_arm_elf_15.1.2_6dad003a/arm-eabi/lib/gnat/embedded-olimex_stm32_h405/gnat/g-arrspl.adb:68:7" }
node: { title: "gnat__string_split__slice_setIP" label: "slice_setIP\n<built-in>\n0 bytes (static)\n0 dynamic objects" }
node: { title: "gnat__string_split__slice_setSI__2" label: "slice_setSI\n<built-in>\n40 bytes (static)\n0 dynamic objects" }
edge: { sourcename: "gnat__string_split__slice_setSI__2" targetname: "__gnat_malloc" label: "/Users/tommy/.local/share/alire/toolchains/gnat_arm_elf_15.1.2_6dad003a/arm-eabi/lib/gnat/embedded-olimex_stm32_h405/gnat/g-arrspl.adb:164:14" }
edge: { sourcename: "gnat__string_split__slice_setSI__2" targetname: "ada__finalization__controlledSR__2" label: "/Users/tommy/.local/share/alire/toolchains/gnat_arm_elf_15.1.2_6dad003a/arm-eabi/lib/gnat/embedded-olimex_stm32_h405/gnat/g-arrspl.ads:203:9" }
edge: { sourcename: "gnat__string_split__slice_setSI__2" targetname: "system__stream_attributes__xdr__i_as" label: "/Users/tommy/.local/share/alire/toolchains/gnat_arm_elf_15.1.2_6dad003a/arm-eabi/lib/gnat/embedded-olimex_stm32_h405/gnat/s-stratt.adb:185:20" }
edge: { sourcename: "gnat__string_split__slice_setSI__2" targetname: "__indirect_call" label: "/Users/tommy/.local/share/alire/toolchains/gnat_arm_elf_15.1.2_6dad003a/arm-eabi/lib/gnat/embedded-olimex_stm32_h405/gnat/s-stratt.adb:188:18" }
edge: { sourcename: "gnat__string_split__slice_setSI__2" targetname: "/Users/tommy/.local/share/alire/toolchains/gnat_arm_elf_15.1.2_6dad003a/arm-eabi/lib/gnat/embedded-olimex_stm32_h405/gnat/g-strspl.ads:system__stream_attributes__i_as.part.0" }
edge: { sourcename: "gnat__string_split__slice_setSI__2" targetname: "/Users/tommy/.local/share/alire/toolchains/gnat_arm_elf_15.1.2_6dad003a/arm-eabi/lib/gnat/embedded-olimex_stm32_h405/gnat/g-strspl.ads:gnat__string_split__slice_setSI__R31s___finalizer__2.0" label: "/Users/tommy/.local/share/alire/toolchains/gnat_arm_elf_15.1.2_6dad003a/arm-eabi/lib/gnat/embedded-olimex_stm32_h405/gnat/g-arrspl.ads:203:0" }
edge: { sourcename: "gnat__string_split__slice_setSI__2" targetname: "_Unwind_Resume" }
node: { title: "/Users/tommy/.local/share/alire/toolchains/gnat_arm_elf_15.1.2_6dad003a/arm-eabi/lib/gnat/embedded-olimex_stm32_h405/gnat/g-strspl.ads:gnat__string_split__T66b" label: "T66b\n<built-in>\n16 bytes (static)\n0 dynamic objects" }
edge: { sourcename: "/Users/tommy/.local/share/alire/toolchains/gnat_arm_elf_15.1.2_6dad003a/arm-eabi/lib/gnat/embedded-olimex_stm32_h405/gnat/g-strspl.ads:gnat__string_split__T66b" targetname: "system__secondary_stack__ss_allocate" label: "/Users/tommy/.local/share/alire/toolchains/gnat_arm_elf_15.1.2_6dad003a/arm-eabi/lib/gnat/embedded-olimex_stm32_h405/gnat/g-arrspl.ads:203:9" }
edge: { sourcename: "/Users/tommy/.local/share/alire/toolchains/gnat_arm_elf_15.1.2_6dad003a/arm-eabi/lib/gnat/embedded-olimex_stm32_h405/gnat/g-strspl.ads:gnat__string_split__T66b" targetname: "gnat__string_split__slice_setSI__2" label: "/Users/tommy/.local/share/alire/toolchains/gnat_arm_elf_15.1.2_6dad003a/arm-eabi/lib/gnat/embedded-olimex_stm32_h405/gnat/g-arrspl.ads:203:9" }
node: { title: "gnat__string_split__Tslice_setCFD" label: "Tslice_setCFD\n<built-in>\n0 bytes (static)\n0 dynamic objects" }
edge: { sourcename: "gnat__string_split__Tslice_setCFD" targetname: "__indirect_call" label: "/Users/tommy/.local/share/alire/toolchains/gnat_arm_elf_15.1.2_6dad003a/arm-eabi/lib/gnat/embedded-olimex_stm32_h405/gnat/g-arrspl.ads:203:9" }
node: { title: "gnat__string_split__Tslice_separatorsBIP" label: "Tslice_separatorsBIP\n<built-in>\n0 bytes (static)\n0 dynamic objects" }
node: { title: "gnat__string_split__separators_indexesIP" label: "separators_indexesIP\n<built-in>\n0 bytes (static)\n0 dynamic objects" }
node: { title: "gnat__string_split__slice_infoIP" label: "slice_infoIP\n<built-in>\n0 bytes (static)\n0 dynamic objects" }
node: { title: "gnat__string_split__slices_indexesIP" label: "slices_indexesIP\n<built-in>\n0 bytes (static)\n0 dynamic objects" }
node: { title: "gnat__string_split__dataIP" label: "dataIP\n<built-in>\n0 bytes (static)\n0 dynamic objects" }
node: { title: "gnat__string_split__finalize_spec" label: "finalize_spec\n<built-in>\n0 bytes (static)\n0 dynamic objects" }
node: { title: "ada__tags__unregister_tag" label: "Unregister_Tag\n/Users/tommy/.local/share/alire/toolchains/gnat_arm_elf_15.1.2_6dad003a/arm-eabi/lib/gnat/embedded-olimex_stm32_h405/gnat/a-tags.ads:590:14" shape : ellipse }
edge: { sourcename: "gnat__string_split__finalize_spec" targetname: "ada__tags__unregister_tag" label: "/Users/tommy/.local/share/alire/toolchains/gnat_arm_elf_15.1.2_6dad003a/arm-eabi/lib/gnat/embedded-olimex_stm32_h405/gnat/g-strspl.ads:39:1" }
node: { title: "gnat__string_split__create__2" label: "CREATE\n/Users/tommy/.local/share/alire/toolchains/gnat_arm_elf_15.1.2_6dad003a/arm-eabi/lib/gnat/embedded-olimex_stm32_h405/gnat/g-arrspl.adb:71:4\n88 bytes (static)\n0 dynamic objects" }
edge: { sourcename: "gnat__string_split__create__2" targetname: "__gnat_malloc" label: "/Users/tommy/.local/share/alire/toolchains/gnat_arm_elf_15.1.2_6dad003a/arm-eabi/lib/gnat/embedded-olimex_stm32_h405/gnat/g-arrspl.adb:164:14" }
edge: { sourcename: "gnat__string_split__create__2" targetname: "ada__strings__maps__to_set__3" label: "/Users/tommy/.local/share/alire/toolchains/gnat_arm_elf_15.1.2_6dad003a/arm-eabi/lib/gnat/embedded-olimex_stm32_h405/gnat/g-arrspl.adb:68:24" }
edge: { sourcename: "gnat__string_split__create__2" targetname: "gnat__string_split__create__3" label: "/Users/tommy/.local/share/alire/toolchains/gnat_arm_elf_15.1.2_6dad003a/arm-eabi/lib/gnat/embedded-olimex_stm32_h405/gnat/g-arrspl.adb:68:7" }
edge: { sourcename: "gnat__string_split__create__2" targetname: "/Users/tommy/.local/share/alire/toolchains/gnat_arm_elf_15.1.2_6dad003a/arm-eabi/lib/gnat/embedded-olimex_stm32_h405/gnat/g-strspl.ads:gnat__string_split__create__R131b___finalizer__2.1" label: "/Users/tommy/.local/share/alire/toolchains/gnat_arm_elf_15.1.2_6dad003a/arm-eabi/lib/gnat/embedded-olimex_stm32_h405/gnat/g-arrspl.adb:76:0" }
edge: { sourcename: "gnat__string_split__create__2" targetname: "_Unwind_Resume" }
node: { title: "/Users/tommy/.local/share/alire/toolchains/gnat_arm_elf_15.1.2_6dad003a/arm-eabi/lib/gnat/embedded-olimex_stm32_h405/gnat/g-strspl.ads:gnat__string_split__T68b" label: "T68b\n/Users/tommy/.local/share/alire/toolchains/gnat_arm_elf_15.1.2_6dad003a/arm-eabi/lib/gnat/embedded-olimex_stm32_h405/gnat/g-arrspl.ads:93:13\n48 bytes (static)\n0 dynamic objects" }
edge: { sourcename: "/Users/tommy/.local/share/alire/toolchains/gnat_arm_elf_15.1.2_6dad003a/arm-eabi/lib/gnat/embedded-olimex_stm32_h405/gnat/g-strspl.ads:gnat__string_split__T68b" targetname: "system__secondary_stack__ss_allocate" label: "/Users/tommy/.local/share/alire/toolchains/gnat_arm_elf_15.1.2_6dad003a/arm-eabi/lib/gnat/embedded-olimex_stm32_h405/gnat/g-arrspl.ads:93:13" }
edge: { sourcename: "/Users/tommy/.local/share/alire/toolchains/gnat_arm_elf_15.1.2_6dad003a/arm-eabi/lib/gnat/embedded-olimex_stm32_h405/gnat/g-strspl.ads:gnat__string_split__T68b" targetname: "gnat__string_split__create__2" label: "/Users/tommy/.local/share/alire/toolchains/gnat_arm_elf_15.1.2_6dad003a/arm-eabi/lib/gnat/embedded-olimex_stm32_h405/gnat/g-arrspl.ads:93:13" }
node: { title: "gnat__string_split__create__4" label: "CREATE\n/Users/tommy/.local/share/alire/toolchains/gnat_arm_elf_15.1.2_6dad003a/arm-eabi/lib/gnat/embedded-olimex_stm32_h405/gnat/g-arrspl.adb:98:4\n48 bytes (static)\n0 dynamic objects" }
edge: { sourcename: "gnat__string_split__create__4" targetname: "__gnat_malloc" label: "/Users/tommy/.local/share/alire/toolchains/gnat_arm_elf_15.1.2_6dad003a/arm-eabi/lib/gnat/embedded-olimex_stm32_h405/gnat/g-arrspl.adb:164:14" }
edge: { sourcename: "gnat__string_split__create__4" targetname: "gnat__string_split__create__3" label: "/Users/tommy/.local/share/alire/toolchains/gnat_arm_elf_15.1.2_6dad003a/arm-eabi/lib/gnat/embedded-olimex_stm32_h405/gnat/g-arrspl.adb:104:10" }
edge: { sourcename: "gnat__string_split__create__4" targetname: "/Users/tommy/.local/share/alire/toolchains/gnat_arm_elf_15.1.2_6dad003a/arm-eabi/lib/gnat/embedded-olimex_stm32_h405/gnat/g-strspl.ads:gnat__string_split__create__R150b___finalizer__4.3" label: "/Users/tommy/.local/share/alire/toolchains/gnat_arm_elf_15.1.2_6dad003a/arm-eabi/lib/gnat/embedded-olimex_stm32_h405/gnat/g-arrspl.adb:103:0" }
edge: { sourcename: "gnat__string_split__create__4" targetname: "_Unwind_Resume" }
node: { title: "/Users/tommy/.local/share/alire/toolchains/gnat_arm_elf_15.1.2_6dad003a/arm-eabi/lib/gnat/embedded-olimex_stm32_h405/gnat/g-strspl.ads:gnat__string_split__T69b" label: "T69b\n/Users/tommy/.local/share/alire/toolchains/gnat_arm_elf_15.1.2_6dad003a/arm-eabi/lib/gnat/embedded-olimex_stm32_h405/gnat/g-arrspl.ads:111:13\n40 bytes (static)\n0 dynamic objects" }
edge: { sourcename: "/Users/tommy/.local/share/alire/toolchains/gnat_arm_elf_15.1.2_6dad003a/arm-eabi/lib/gnat/embedded-olimex_stm32_h405/gnat/g-strspl.ads:gnat__string_split__T69b" targetname: "system__secondary_stack__ss_allocate" label: "/Users/tommy/.local/share/alire/toolchains/gnat_arm_elf_15.1.2_6dad003a/arm-eabi/lib/gnat/embedded-olimex_stm32_h405/gnat/g-arrspl.ads:111:13" }
edge: { sourcename: "/Users/tommy/.local/share/alire/toolchains/gnat_arm_elf_15.1.2_6dad003a/arm-eabi/lib/gnat/embedded-olimex_stm32_h405/gnat/g-strspl.ads:gnat__string_split__T69b" targetname: "gnat__string_split__create__4" label: "/Users/tommy/.local/share/alire/toolchains/gnat_arm_elf_15.1.2_6dad003a/arm-eabi/lib/gnat/embedded-olimex_stm32_h405/gnat/g-arrspl.ads:111:13" }
node: { title: "gnat__string_split___elabs" label: "STRING_SPLIT\n/Users/tommy/.local/share/alire/toolchains/gnat_arm_elf_15.1.2_6dad003a/arm-eabi/lib/gnat/embedded-olimex_stm32_h405/gnat/g-strspl.ads:39:1\n0 bytes (static)\n0 dynamic objects" }
node: { title: "ada__tags__register_tag" label: "Register_Tag\n/Users/tommy/.local/share/alire/toolchains/gnat_arm_elf_15.1.2_6dad003a/arm-eabi/lib/gnat/embedded-olimex_stm32_h405/gnat/a-tags.ads:554:14" shape : ellipse }
edge: { sourcename: "gnat__string_split___elabs" targetname: "ada__tags__register_tag" label: "/Users/tommy/.local/share/alire/toolchains/gnat_arm_elf_15.1.2_6dad003a/arm-eabi/lib/gnat/embedded-olimex_stm32_h405/gnat/g-arrspl.ads:203:9" }
}
