graph: { title: "/Users/tommy/.local/share/alire/toolchains/gnat_arm_elf_15.1.2_6dad003a/arm-eabi/lib/gnat/embedded-olimex_stm32_h405/gnarl/s-bbprot.adb"
node: { title: "system__bb__protection__enter_kernel" label: "Enter_Kernel\n/Users/tommy/.local/share/alire/toolchains/gnat_arm_elf_15.1.2_6dad003a/arm-eabi/lib/gnat/embedded-olimex_stm32_h405/gnarl/s-bbprot.adb:51:4\n0 bytes (static)\n0 dynamic objects" }
node: { title: "system__bb__protection__leave_kernel" label: "Leave_Kernel\n/Users/tommy/.local/share/alire/toolchains/gnat_arm_elf_15.1.2_6dad003a/arm-eabi/lib/gnat/embedded-olimex_stm32_h405/gnarl/s-bbprot.adb:63:4\n8 bytes (static)\n0 dynamic objects" }
node: { title: "__indirect_call" label: "Indirect Call Placeholder" shape : ellipse }
edge: { sourcename: "system__bb__protection__leave_kernel" targetname: "__indirect_call" label: "/Users/tommy/.local/share/alire/toolchains/gnat_arm_elf_15.1.2_6dad003a/arm-eabi/lib/gnat/embedded-olimex_stm32_h405/gnarl/s-bbprot.adb:91:35" }
node: { title: "system__bb__cpu_primitives__context_switch_trigger__trigger_context_switch" label: "Trigger_Context_Switch\n/Users/tommy/.local/share/alire/toolchains/gnat_arm_elf_15.1.2_6dad003a/arm-eabi/lib/gnat/embedded-olimex_stm32_h405/gnarl/s-bcpcst.ads:47:14" shape : ellipse }
edge: { sourcename: "system__bb__protection__leave_kernel" targetname: "system__bb__cpu_primitives__context_switch_trigger__trigger_context_switch" label: "/Users/tommy/.local/share/alire/toolchains/gnat_arm_elf_15.1.2_6dad003a/arm-eabi/lib/gnat/embedded-olimex_stm32_h405/gnarl/s-bbcppr.adb:343:7" }
node: { title: "system__bb__cpu_primitives__enable_interrupts" label: "Enable_Interrupts\n/Users/tommy/.local/share/alire/toolchains/gnat_arm_elf_15.1.2_6dad003a/arm-eabi/lib/gnat/embedded-olimex_stm32_h405/gnarl/s-bbcppr.adb:555:4" shape : ellipse }
edge: { sourcename: "system__bb__protection__leave_kernel" targetname: "system__bb__cpu_primitives__enable_interrupts" label: "/Users/tommy/.local/share/alire/toolchains/gnat_arm_elf_15.1.2_6dad003a/arm-eabi/lib/gnat/embedded-olimex_stm32_h405/gnarl/s-bbprot.adb:104:21" }
}
