graph: { title: "/Users/tommy/.local/share/alire/toolchains/gnat_arm_elf_15.1.2_6dad003a/arm-eabi/lib/gnat/embedded-olimex_stm32_h405/gnat/s-carun8.adb"
node: { title: "system__compare_array_unsigned_8__Tbig_wordsBIP" label: "Tbig_wordsBIP\n<built-in>\n0 bytes (static)\n0 dynamic objects" }
node: { title: "system__compare_array_unsigned_8__Tbig_bytesBIP" label: "Tbig_bytesBIP\n<built-in>\n0 bytes (static)\n0 dynamic objects" }
node: { title: "system__compare_array_unsigned_8__compare_array_u8" label: "Compare_Array_U8\n/Users/tommy/.local/share/alire/toolchains/gnat_arm_elf_15.1.2_6dad003a/arm-eabi/lib/gnat/embedded-olimex_stm32_h405/gnat/s-carun8.adb:67:4\n24 bytes (static)\n0 dynamic objects" }
node: { title: "system__compare_array_unsigned_8__compare_array_u8_unaligned" label: "Compare_Array_U8_Unaligned\n/Users/tommy/.local/share/alire/toolchains/gnat_arm_elf_15.1.2_6dad003a/arm-eabi/lib/gnat/embedded-olimex_stm32_h405/gnat/s-carun8.adb:124:4\n8 bytes (static)\n0 dynamic objects" }
}
