graph: { title: "/Users/tommy/.local/share/alire/toolchains/gnat_arm_elf_15.1.2_6dad003a/arm-eabi/lib/gnat/embedded-olimex_stm32_h405/gnat/s-imguns.ads"
node: { title: "system__img_uns__impl__image_unsigned" label: "Image_Unsigned\n/Users/tommy/.local/share/alire/toolchains/gnat_arm_elf_15.1.2_6dad003a/arm-eabi/lib/gnat/embedded-olimex_stm32_h405/gnat/s-imageu.adb:109:4\n12 bytes (static)\n0 dynamic objects" }
node: { title: "system__img_uns__impl__set_image_unsigned" label: "Set_Image_Unsigned\n/Users/tommy/.local/share/alire/toolchains/gnat_arm_elf_15.1.2_6dad003a/arm-eabi/lib/gnat/embedded-olimex_stm32_h405/gnat/s-imageu.adb:165:4\n16 bytes (static)\n0 dynamic objects" }
}
