graph: { title: "/Users/tommy/.local/share/alire/toolchains/gnat_arm_elf_15.1.2_6dad003a/arm-eabi/lib/gnat/embedded-olimex_stm32_h405/gnat/s-soflin.adb"
node: { title: "system__soft_links__abort_defer_raven" label: "Abort_Defer_Raven\n/Users/tommy/.local/share/alire/toolchains/gnat_arm_elf_15.1.2_6dad003a/arm-eabi/lib/gnat/embedded-olimex_stm32_h405/gnat/s-soflin.ads:80:4\n0 bytes (static)\n0 dynamic objects" }
node: { title: "system__soft_links__null_set_address" label: "Null_Set_Address\n/Users/tommy/.local/share/alire/toolchains/gnat_arm_elf_15.1.2_6dad003a/arm-eabi/lib/gnat/embedded-olimex_stm32_h405/gnat/s-soflin.ads:161:4\n0 bytes (static)\n0 dynamic objects" }
node: { title: "system__soft_links__get_current_excep_soft" label: "Get_Current_Excep_Soft\n/Users/tommy/.local/share/alire/toolchains/gnat_arm_elf_15.1.2_6dad003a/arm-eabi/lib/gnat/embedded-olimex_stm32_h405/gnat/s-soflin.adb:55:4\n0 bytes (static)\n0 dynamic objects" }
node: { title: "system__soft_links__adafinal_soft" label: "Adafinal_Soft\n/Users/tommy/.local/share/alire/toolchains/gnat_arm_elf_15.1.2_6dad003a/arm-eabi/lib/gnat/embedded-olimex_stm32_h405/gnat/s-soflin.adb:88:4\n0 bytes (static)\n0 dynamic objects" }
node: { title: "__indirect_call" label: "Indirect Call Placeholder" shape : ellipse }
edge: { sourcename: "system__soft_links__adafinal_soft" targetname: "__indirect_call" label: "/Users/tommy/.local/share/alire/toolchains/gnat_arm_elf_15.1.2_6dad003a/arm-eabi/lib/gnat/embedded-olimex_stm32_h405/gnat/s-soflin.adb:95:32" }
node: { title: "system__soft_links__task_lock_soft" label: "Task_Lock_Soft\n/Users/tommy/.local/share/alire/toolchains/gnat_arm_elf_15.1.2_6dad003a/arm-eabi/lib/gnat/embedded-olimex_stm32_h405/gnat/s-soflin.adb:134:4\n16 bytes (static)\n0 dynamic objects" }
node: { title: "system__bb__threads__queues__change_priority" label: "Change_Priority\n/Users/tommy/.local/share/alire/toolchains/gnat_arm_elf_15.1.2_6dad003a/arm-eabi/lib/gnat/embedded-olimex_stm32_h405/gnarl/s-bbthqu.ads:119:14" shape : ellipse }
edge: { sourcename: "system__soft_links__task_lock_soft" targetname: "system__bb__threads__queues__change_priority" label: "/Users/tommy/.local/share/alire/toolchains/gnat_arm_elf_15.1.2_6dad003a/arm-eabi/lib/gnat/embedded-olimex_stm32_h405/gnarl/s-bbthre.adb:301:13" }
node: { title: "system__bb__protection__leave_kernel" label: "Leave_Kernel\n/Users/tommy/.local/share/alire/toolchains/gnat_arm_elf_15.1.2_6dad003a/arm-eabi/lib/gnat/embedded-olimex_stm32_h405/gnarl/s-bbprot.ads:54:14" shape : ellipse }
edge: { sourcename: "system__soft_links__task_lock_soft" targetname: "system__bb__protection__leave_kernel" label: "/Users/tommy/.local/share/alire/toolchains/gnat_arm_elf_15.1.2_6dad003a/arm-eabi/lib/gnat/embedded-olimex_stm32_h405/gnarl/s-bbthre.adb:303:17" }
node: { title: "system__soft_links__abort_undefer_raven" label: "Abort_Undefer_Raven\n/Users/tommy/.local/share/alire/toolchains/gnat_arm_elf_15.1.2_6dad003a/arm-eabi/lib/gnat/embedded-olimex_stm32_h405/gnat/s-soflin.ads:83:4\n0 bytes (static)\n0 dynamic objects" }
node: { title: "system__soft_links__task_termination_soft" label: "Task_Termination_Soft\n/Users/tommy/.local/share/alire/toolchains/gnat_arm_elf_15.1.2_6dad003a/arm-eabi/lib/gnat/embedded-olimex_stm32_h405/gnat/s-soflin.adb:162:4\n24 bytes (static)\n0 dynamic objects" }
edge: { sourcename: "system__soft_links__task_termination_soft" targetname: "system__bb__threads__queues__change_priority" label: "/Users/tommy/.local/share/alire/toolchains/gnat_arm_elf_15.1.2_6dad003a/arm-eabi/lib/gnat/embedded-olimex_stm32_h405/gnarl/s-bbthre.adb:301:13" }
edge: { sourcename: "system__soft_links__task_termination_soft" targetname: "system__bb__protection__leave_kernel" label: "/Users/tommy/.local/share/alire/toolchains/gnat_arm_elf_15.1.2_6dad003a/arm-eabi/lib/gnat/embedded-olimex_stm32_h405/gnarl/s-bbthre.adb:303:17" }
edge: { sourcename: "system__soft_links__task_termination_soft" targetname: "system__bb__threads__queues__change_priority" label: "/Users/tommy/.local/share/alire/toolchains/gnat_arm_elf_15.1.2_6dad003a/arm-eabi/lib/gnat/embedded-olimex_stm32_h405/gnarl/s-bbthre.adb:301:13" }
edge: { sourcename: "system__soft_links__task_termination_soft" targetname: "system__bb__protection__leave_kernel" label: "/Users/tommy/.local/share/alire/toolchains/gnat_arm_elf_15.1.2_6dad003a/arm-eabi/lib/gnat/embedded-olimex_stm32_h405/gnarl/s-bbthre.adb:303:17" }
edge: { sourcename: "system__soft_links__task_termination_soft" targetname: "__indirect_call" label: "/Users/tommy/.local/share/alire/toolchains/gnat_arm_elf_15.1.2_6dad003a/arm-eabi/lib/gnat/embedded-olimex_stm32_h405/gnat/s-soflin.adb:183:13" }
node: { title: "system__soft_links__task_unlock_soft" label: "Task_Unlock_Soft\n/Users/tommy/.local/share/alire/toolchains/gnat_arm_elf_15.1.2_6dad003a/arm-eabi/lib/gnat/embedded-olimex_stm32_h405/gnat/s-soflin.adb:191:4\n8 bytes (static)\n0 dynamic objects" }
edge: { sourcename: "system__soft_links__task_unlock_soft" targetname: "system__bb__threads__queues__change_priority" label: "/Users/tommy/.local/share/alire/toolchains/gnat_arm_elf_15.1.2_6dad003a/arm-eabi/lib/gnat/embedded-olimex_stm32_h405/gnarl/s-bbthre.adb:301:13" }
edge: { sourcename: "system__soft_links__task_unlock_soft" targetname: "system__bb__protection__leave_kernel" label: "/Users/tommy/.local/share/alire/toolchains/gnat_arm_elf_15.1.2_6dad003a/arm-eabi/lib/gnat/embedded-olimex_stm32_h405/gnarl/s-bbthre.adb:303:17" }
node: { title: "system__soft_links__release_rts_lock_soft" label: "Release_Rts_Lock_Soft\n/Users/tommy/.local/share/alire/toolchains/gnat_arm_elf_15.1.2_6dad003a/arm-eabi/lib/gnat/embedded-olimex_stm32_h405/gnat/s-soflin.adb:124:4\n8 bytes (static)\n0 dynamic objects" }
edge: { sourcename: "system__soft_links__release_rts_lock_soft" targetname: "system__bb__threads__queues__change_priority" label: "/Users/tommy/.local/share/alire/toolchains/gnat_arm_elf_15.1.2_6dad003a/arm-eabi/lib/gnat/embedded-olimex_stm32_h405/gnarl/s-bbthre.adb:301:13" }
edge: { sourcename: "system__soft_links__release_rts_lock_soft" targetname: "system__bb__protection__leave_kernel" label: "/Users/tommy/.local/share/alire/toolchains/gnat_arm_elf_15.1.2_6dad003a/arm-eabi/lib/gnat/embedded-olimex_stm32_h405/gnarl/s-bbthre.adb:303:17" }
node: { title: "system__soft_links__acquire_rts_lock_soft" label: "Acquire_Rts_Lock_Soft\n/Users/tommy/.local/share/alire/toolchains/gnat_arm_elf_15.1.2_6dad003a/arm-eabi/lib/gnat/embedded-olimex_stm32_h405/gnat/s-soflin.adb:114:4\n16 bytes (static)\n0 dynamic objects" }
edge: { sourcename: "system__soft_links__acquire_rts_lock_soft" targetname: "system__bb__threads__queues__change_priority" label: "/Users/tommy/.local/share/alire/toolchains/gnat_arm_elf_15.1.2_6dad003a/arm-eabi/lib/gnat/embedded-olimex_stm32_h405/gnarl/s-bbthre.adb:301:13" }
edge: { sourcename: "system__soft_links__acquire_rts_lock_soft" targetname: "system__bb__protection__leave_kernel" label: "/Users/tommy/.local/share/alire/toolchains/gnat_arm_elf_15.1.2_6dad003a/arm-eabi/lib/gnat/embedded-olimex_stm32_h405/gnarl/s-bbthre.adb:303:17" }
node: { title: "__gnat_tasking_runtime_initialize" label: "Tasking_Runtime_Initialize\n/Users/tommy/.local/share/alire/toolchains/gnat_arm_elf_15.1.2_6dad003a/arm-eabi/lib/gnat/embedded-olimex_stm32_h405/gnat/s-soflin.ads:181:4\n0 bytes (static)\n0 dynamic objects" }
node: { title: "system__soft_links__get_gnat_exception" label: "Get_Gnat_Exception\n/Users/tommy/.local/share/alire/toolchains/gnat_arm_elf_15.1.2_6dad003a/arm-eabi/lib/gnat/embedded-olimex_stm32_h405/gnat/s-soflin.adb:64:4\n0 bytes (static)\n0 dynamic objects" }
node: { title: "ada__exceptions__exception_identity" label: "Exception_Identity\n/Users/tommy/.local/share/alire/toolchains/gnat_arm_elf_15.1.2_6dad003a/arm-eabi/lib/gnat/embedded-olimex_stm32_h405/gnat/a-except.ads:92:13" shape : ellipse }
edge: { sourcename: "system__soft_links__get_gnat_exception" targetname: "ada__exceptions__exception_identity" label: "/Users/tommy/.local/share/alire/toolchains/gnat_arm_elf_15.1.2_6dad003a/arm-eabi/lib/gnat/embedded-olimex_stm32_h405/gnat/s-soflin.adb:66:28" }
node: { title: "system__soft_links__save_library_occurrence" label: "Save_Library_Occurrence\n/Users/tommy/.local/share/alire/toolchains/gnat_arm_elf_15.1.2_6dad003a/arm-eabi/lib/gnat/embedded-olimex_stm32_h405/gnat/s-soflin.adb:73:4\n0 bytes (static)\n0 dynamic objects" }
node: { title: "ada__exceptions__save_occurrence" label: "Save_Occurrence\n/Users/tommy/.local/share/alire/toolchains/gnat_arm_elf_15.1.2_6dad003a/arm-eabi/lib/gnat/embedded-olimex_stm32_h405/gnat/a-except.ads:113:14" shape : ellipse }
edge: { sourcename: "system__soft_links__save_library_occurrence" targetname: "ada__exceptions__save_occurrence" label: "/Users/tommy/.local/share/alire/toolchains/gnat_arm_elf_15.1.2_6dad003a/arm-eabi/lib/gnat/embedded-olimex_stm32_h405/gnat/s-soflin.adb:79:27" }
node: { title: "system__soft_links___elabs" label: "Soft_Links\n/Users/tommy/.local/share/alire/toolchains/gnat_arm_elf_15.1.2_6dad003a/arm-eabi/lib/gnat/embedded-olimex_stm32_h405/gnat/s-soflin.ads:45:1\n0 bytes (static)\n0 dynamic objects" }
}
