graph: { title: "/Users/tommy/.local/share/alire/toolchains/gnat_arm_elf_15.1.2_6dad003a/arm-eabi/lib/gnat/embedded-olimex_stm32_h405/gnarl/s-tpobmu.adb"
node: { title: "system__tasking__protected_objects__multiprocessors__wakeup_served_entry" label: "Wakeup_Served_Entry\n/Users/tommy/.local/share/alire/toolchains/gnat_arm_elf_15.1.2_6dad003a/arm-eabi/lib/gnat/embedded-olimex_stm32_h405/gnarl/s-tpobmu.adb:129:4\n8 bytes (static)\n0 dynamic objects" }
node: { title: "system__bb__threads__wakeup" label: "Wakeup\n/Users/tommy/.local/share/alire/toolchains/gnat_arm_elf_15.1.2_6dad003a/arm-eabi/lib/gnat/embedded-olimex_stm32_h405/gnarl/s-bbthre.ads:389:14" shape : ellipse }
edge: { sourcename: "system__tasking__protected_objects__multiprocessors__wakeup_served_entry" targetname: "system__bb__threads__wakeup" label: "/Users/tommy/.local/share/alire/toolchains/gnat_arm_elf_15.1.2_6dad003a/arm-eabi/lib/gnat/embedded-olimex_stm32_h405/gnarl/s-taprop.adb:151:26" }
node: { title: "system__tasking__protected_objects__multiprocessors__entry_call_listIP" label: "entry_call_listIP\n<built-in>\n0 bytes (static)\n0 dynamic objects" }
node: { title: "system__tasking__protected_objects__multiprocessors__served" label: "Served\n/Users/tommy/.local/share/alire/toolchains/gnat_arm_elf_15.1.2_6dad003a/arm-eabi/lib/gnat/embedded-olimex_stm32_h405/gnarl/s-tpobmu.adb:69:4\n24 bytes (static)\n0 dynamic objects" }
node: { title: "system__task_primitives__operations__get_cpu" label: "Get_Cpu\n/Users/tommy/.local/share/alire/toolchains/gnat_arm_elf_15.1.2_6dad003a/arm-eabi/lib/gnat/embedded-olimex_stm32_h405/gnarl/s-taprop.ads:88:13" shape : ellipse }
edge: { sourcename: "system__tasking__protected_objects__multiprocessors__served" targetname: "system__task_primitives__operations__get_cpu" label: "/Users/tommy/.local/share/alire/toolchains/gnat_arm_elf_15.1.2_6dad003a/arm-eabi/lib/gnat/embedded-olimex_stm32_h405/gnarl/s-tpobmu.adb:71:44" }
node: { title: "system__bb__cpu_primitives__enable_interrupts" label: "Enable_Interrupts\n/Users/tommy/.local/share/alire/toolchains/gnat_arm_elf_15.1.2_6dad003a/arm-eabi/lib/gnat/embedded-olimex_stm32_h405/gnarl/s-bbcppr.adb:555:4" shape : ellipse }
edge: { sourcename: "system__tasking__protected_objects__multiprocessors__served" targetname: "system__bb__cpu_primitives__enable_interrupts" label: "/Users/tommy/.local/share/alire/toolchains/gnat_arm_elf_15.1.2_6dad003a/arm-eabi/lib/gnat/embedded-olimex_stm32_h405/gnarl/s-tpobmu.adb:106:34" }
edge: { sourcename: "system__tasking__protected_objects__multiprocessors__served" targetname: "system__bb__cpu_primitives__enable_interrupts" label: "/Users/tommy/.local/share/alire/toolchains/gnat_arm_elf_15.1.2_6dad003a/arm-eabi/lib/gnat/embedded-olimex_stm32_h405/gnarl/s-tpobmu.adb:113:34" }
node: { title: "system__bb__board_support__multiprocessors__poke_cpu" label: "Poke_Cpu\n/Users/tommy/.local/share/alire/toolchains/gnat_arm_elf_15.1.2_6dad003a/arm-eabi/lib/gnat/embedded-olimex_stm32_h405/gnarl/s-bbbosu.ads:152:17" shape : ellipse }
edge: { sourcename: "system__tasking__protected_objects__multiprocessors__served" targetname: "system__bb__board_support__multiprocessors__poke_cpu" label: "/Users/tommy/.local/share/alire/toolchains/gnat_arm_elf_15.1.2_6dad003a/arm-eabi/lib/gnat/embedded-olimex_stm32_h405/gnarl/s-tpobmu.adb:121:49" }
node: { title: "system__tasking__protected_objects__multiprocessors___elabb" label: "Multiprocessors\n/Users/tommy/.local/share/alire/toolchains/gnat_arm_elf_15.1.2_6dad003a/arm-eabi/lib/gnat/embedded-olimex_stm32_h405/gnarl/s-tpobmu.adb:45:1\n0 bytes (static)\n0 dynamic objects" }
}
